<html>
<body>
<pre>
<h1>µVision Build Log</h1>
<h2>Tool Versions:</h2>
IDE-Version: µVision V5.17.0.0
Copyright (C) 2015 ARM Ltd and ARM Germany GmbH. All rights reserved.
License Information: Zwonni de Blouw, HanzeHogeschool, LIC=----
 
Tool Versions:
Toolchain:       MDK-Lite  Version: 5.17
Toolchain Path:  C:\Keil_v5\ARM\ARMCC\Bin
C Compiler:      Armcc.exe V5.06 update 1 (build 61)
Assembler:       Armasm.exe V5.06 update 1 (build 61)
Linker/Locator:  ArmLink.exe V5.06 update 1 (build 61)
Library Manager: ArmAr.exe V5.06 update 1 (build 61)
Hex Converter:   FromElf.exe V5.06 update 1 (build 61)
CPU DLL:         SARM.DLL V5.17
Dialog DLL:      DARMP.DLL V1.51
Target DLL:      UL2ARM.DLL V1.74.7.0
Dialog DLL:      TARMP.DLL V1.51
 
<h2>Project:</h2>
C:\Users\Zwonni\Documents\Hanze Elektro\EPDE\Embedded Systems\ARM7\_git\ARM7\Assignment_Four\exercise1.uvproj
Project File Date:  10/02/2017

<h2>Output:</h2>
*** Using Compiler 'V5.06 update 1 (build 61)', folder: 'C:\Keil_v5\ARM\ARMCC\Bin'
Rebuild target 'LPC2378'
assembling LPC2300.s...
compiling MCB2300 evaluationboard.c...
compiling LCD_4bit.c...
compiling Timer0.c...
compiling EINT0.c...
compiling main.c...
compiling Timer1.c...
compiling Timer2.c...
compiling Timer3.c...
linking...
Program Size: Code=2452 RO-data=80 RW-data=0 ZI-data=1384  
FromELF: creating hex file...
".\Objects\exercise1.axf" - 0 Error(s), 0 Warning(s).
Build Time Elapsed:  00:00:01
</pre>
</body>
</html>
