Component: ARM Compiler 5.06 update 1 (build 61) Tool: armlink [4d35a8]

==============================================================================

Section Cross References

    lpc2300.o(STACK) refers (Special) to heapauxi.o(.text) for __use_two_region_memory
    lpc2300.o(HEAP) refers (Special) to heapauxi.o(.text) for __use_two_region_memory
    lpc2300.o(RESET) refers (Special) to heapauxi.o(.text) for __use_two_region_memory
    lpc2300.o(RESET) refers to lpc2300.o(STACK) for Stack_Top
    lpc2300.o(RESET) refers to __main.o(!!!main) for __main
    lpc2300.o(.text) refers (Special) to heapauxi.o(.text) for __use_two_region_memory
    lpc2300.o(.text) refers to lpc2300.o(HEAP) for Heap_Mem
    lpc2300.o(.text) refers to lpc2300.o(STACK) for Stack_Mem
    mcb2300 evaluationboard.o(i.initEvaluationBoard) refers to lcd_4bit.o(i.lcd_init) for lcd_init
    lcd_4bit.o(i.lcd_clear) refers to lcd_4bit.o(i.lcd_write_cmd) for lcd_write_cmd
    lcd_4bit.o(i.lcd_clear) refers to lcd_4bit.o(i.set_cursor) for set_cursor
    lcd_4bit.o(i.lcd_init) refers to lcd_4bit.o(i.delay) for delay
    lcd_4bit.o(i.lcd_init) refers to lcd_4bit.o(i.lcd_write_4bit) for lcd_write_4bit
    lcd_4bit.o(i.lcd_init) refers to lcd_4bit.o(i.lcd_write_cmd) for lcd_write_cmd
    lcd_4bit.o(i.lcd_init) refers to lcd_4bit.o(i.lcd_putchar) for lcd_putchar
    lcd_4bit.o(i.lcd_init) refers to lcd_4bit.o(i.lcd_clear) for lcd_clear
    lcd_4bit.o(i.lcd_init) refers to lcd_4bit.o(.constdata) for UserFont
    lcd_4bit.o(i.lcd_print) refers to lcd_4bit.o(i.lcd_putchar) for lcd_putchar
    lcd_4bit.o(i.lcd_putchar) refers to lcd_4bit.o(i.wait_while_busy) for wait_while_busy
    lcd_4bit.o(i.lcd_putchar) refers to lcd_4bit.o(i.lcd_write_4bit) for lcd_write_4bit
    lcd_4bit.o(i.lcd_read_status) refers to lcd_4bit.o(i.delay) for delay
    lcd_4bit.o(i.lcd_write_4bit) refers to lcd_4bit.o(i.delay) for delay
    lcd_4bit.o(i.lcd_write_cmd) refers to lcd_4bit.o(i.wait_while_busy) for wait_while_busy
    lcd_4bit.o(i.lcd_write_cmd) refers to lcd_4bit.o(i.lcd_write_4bit) for lcd_write_4bit
    lcd_4bit.o(i.set_cursor) refers to lcd_4bit.o(i.lcd_write_cmd) for lcd_write_cmd
    lcd_4bit.o(i.wait_while_busy) refers to lcd_4bit.o(i.lcd_read_status) for lcd_read_status
    assignement2.o(i.initVar) refers to assignement2.o(.data) for state
    assignement2.o(i.main) refers to mcb2300 evaluationboard.o(i.initEvaluationBoard) for initEvaluationBoard
    assignement2.o(i.main) refers to eint0.o(i.initEINT0) for initEINT0
    assignement2.o(i.main) refers to timer0.o(i.init_T0) for init_T0
    assignement2.o(i.main) refers to timer1.o(i.init_T1) for init_T1
    assignement2.o(i.main) refers to timer2.o(i.init_T2) for init_T2
    assignement2.o(i.main) refers to timer3.o(i.init_T3) for init_T3
    assignement2.o(i.main) refers to assignement2.o(i.initVar) for initVar
    assignement2.o(i.main) refers to assignement2.o(i.reset) for reset
    assignement2.o(i.main) refers to assignement2.o(i.running) for running
    assignement2.o(i.main) refers to assignement2.o(i.stop) for stop
    assignement2.o(i.main) refers to assignement2.o(.data) for state
    assignement2.o(i.printLCD) refers to _printf_percent.o(.ARM.Collect$$_printf_percent$$00000000) for _printf_percent
    assignement2.o(i.printLCD) refers to _printf_d.o(.ARM.Collect$$_printf_percent$$00000009) for _printf_d
    assignement2.o(i.printLCD) refers to _printf_dec.o(.text) for _printf_int_dec
    assignement2.o(i.printLCD) refers to noretval__2sprintf.o(.text) for __2sprintf
    assignement2.o(i.printLCD) refers to lcd_4bit.o(i.set_cursor) for set_cursor
    assignement2.o(i.printLCD) refers to lcd_4bit.o(i.lcd_print) for lcd_print
    assignement2.o(i.printLCD) refers to assignement2.o(.data) for t1
    assignement2.o(i.printLCDText) refers to _printf_percent.o(.ARM.Collect$$_printf_percent$$00000000) for _printf_percent
    assignement2.o(i.printLCDText) refers to noretval__2sprintf.o(.text) for __2sprintf
    assignement2.o(i.printLCDText) refers to lcd_4bit.o(i.set_cursor) for set_cursor
    assignement2.o(i.printLCDText) refers to lcd_4bit.o(i.lcd_print) for lcd_print
    assignement2.o(i.printLap) refers to lcd_4bit.o(i.lcd_clear) for lcd_clear
    assignement2.o(i.printLap) refers to assignement2.o(i.printLCDText) for printLCDText
    assignement2.o(i.printLap) refers to assignement2.o(.data) for printLapCount
    assignement2.o(i.reset) refers to lcd_4bit.o(i.lcd_clear) for lcd_clear
    assignement2.o(i.reset) refers to assignement2.o(i.printLCDText) for printLCDText
    assignement2.o(i.reset) refers to assignement2.o(.data) for t0
    assignement2.o(i.running) refers to assignement2.o(i.printLCDText) for printLCDText
    assignement2.o(i.running) refers to assignement2.o(i.printLap) for printLap
    assignement2.o(i.running) refers to assignement2.o(.data) for printLapCount
    assignement2.o(i.stop) refers to lcd_4bit.o(i.lcd_clear) for lcd_clear
    assignement2.o(i.stop) refers to assignement2.o(i.printLCDText) for printLCDText
    assignement2.o(i.stop) refers to assignement2.o(.data) for print
    eint0.o(i.EINT0_ISR) refers to assignement2.o(.data) for state
    eint0.o(i.initEINT0) refers to eint0.o(i.EINT0_ISR) for EINT0_ISR
    timer0.o(i.init_T0) refers to timer0.o(i.T0_ISR) for T0_ISR
    timer1.o(i.init_T1) refers to timer1.o(i.T1_ISR) for T1_ISR
    timer2.o(i.init_T2) refers to timer2.o(i.T2_ISR) for T2_ISR
    timer3.o(i.T3_ISR) refers to assignement2.o(.data) for state
    timer3.o(i.init_T3) refers to timer3.o(i.T3_ISR) for T3_ISR
    __2sprintf.o(.text) refers to _printf_char_common.o(.text) for _printf_char_common
    __2sprintf.o(.text) refers to _sputc.o(.text) for _sputc
    noretval__2sprintf.o(.text) refers to _printf_char_common.o(.text) for _printf_char_common
    noretval__2sprintf.o(.text) refers to _sputc.o(.text) for _sputc
    __printf.o(.text) refers to __printf.o(i.__ARM_common_call_via_r1) for __ARM_common_call_via_r1
    __printf.o(.text) refers to _printf_percent.o(.ARM.Collect$$_printf_percent$$00000000) for _printf_percent
    __printf.o(.text) refers to __printf.o(i.__ARM_common_call_via_r2) for __ARM_common_call_via_r2
    _printf_dec.o(.text) refers to rtudiv10.o(.text) for __rt_udiv10
    _printf_dec.o(.text) refers to _printf_intcommon.o(.text) for _printf_int_common
    __printf_flags.o(.text) refers to __printf.o(i.__ARM_common_call_via_r1) for __ARM_common_call_via_r1
    __printf_flags.o(.text) refers to _printf_percent.o(.ARM.Collect$$_printf_percent$$00000000) for _printf_percent
    __printf_flags.o(.text) refers to __printf.o(i.__ARM_common_call_via_r2) for __ARM_common_call_via_r2
    __printf_flags.o(.text) refers to __printf_flags.o(.constdata) for .constdata
    __printf_ss.o(.text) refers to __printf.o(i.__ARM_common_call_via_r1) for __ARM_common_call_via_r1
    __printf_ss.o(.text) refers to _printf_percent.o(.ARM.Collect$$_printf_percent$$00000000) for _printf_percent
    __printf_ss.o(.text) refers to __printf.o(i.__ARM_common_call_via_r2) for __ARM_common_call_via_r2
    __printf_flags_ss.o(.text) refers to __printf.o(i.__ARM_common_call_via_r1) for __ARM_common_call_via_r1
    __printf_flags_ss.o(.text) refers to _printf_percent.o(.ARM.Collect$$_printf_percent$$00000000) for _printf_percent
    __printf_flags_ss.o(.text) refers to __printf.o(i.__ARM_common_call_via_r2) for __ARM_common_call_via_r2
    __printf_flags_ss.o(.text) refers to __printf_flags_ss.o(.constdata) for .constdata
    __printf_wp.o(.text) refers to __printf.o(i.__ARM_common_call_via_r1) for __ARM_common_call_via_r1
    __printf_wp.o(.text) refers to __printf_wp.o(i._is_digit) for _is_digit
    __printf_wp.o(.text) refers to _printf_percent.o(.ARM.Collect$$_printf_percent$$00000000) for _printf_percent
    __printf_wp.o(.text) refers to __printf.o(i.__ARM_common_call_via_r2) for __ARM_common_call_via_r2
    __printf_flags_wp.o(.text) refers to __printf.o(i.__ARM_common_call_via_r1) for __ARM_common_call_via_r1
    __printf_flags_wp.o(.text) refers to __printf_wp.o(i._is_digit) for _is_digit
    __printf_flags_wp.o(.text) refers to _printf_percent.o(.ARM.Collect$$_printf_percent$$00000000) for _printf_percent
    __printf_flags_wp.o(.text) refers to __printf.o(i.__ARM_common_call_via_r2) for __ARM_common_call_via_r2
    __printf_flags_wp.o(.text) refers to __printf_flags_wp.o(.constdata) for .constdata
    __printf_ss_wp.o(.text) refers to __printf.o(i.__ARM_common_call_via_r1) for __ARM_common_call_via_r1
    __printf_ss_wp.o(.text) refers to __printf_wp.o(i._is_digit) for _is_digit
    __printf_ss_wp.o(.text) refers to _printf_percent.o(.ARM.Collect$$_printf_percent$$00000000) for _printf_percent
    __printf_ss_wp.o(.text) refers to __printf.o(i.__ARM_common_call_via_r2) for __ARM_common_call_via_r2
    __printf_flags_ss_wp.o(.text) refers to __printf.o(i.__ARM_common_call_via_r1) for __ARM_common_call_via_r1
    __printf_flags_ss_wp.o(.text) refers to __printf_wp.o(i._is_digit) for _is_digit
    __printf_flags_ss_wp.o(.text) refers to _printf_percent.o(.ARM.Collect$$_printf_percent$$00000000) for _printf_percent
    __printf_flags_ss_wp.o(.text) refers to __printf.o(i.__ARM_common_call_via_r2) for __ARM_common_call_via_r2
    __printf_flags_ss_wp.o(.text) refers to __printf_flags_ss_wp.o(.constdata) for .constdata
    _printf_d.o(.ARM.Collect$$_printf_percent$$00000009) refers (Weak) to _printf_dec.o(.text) for _printf_int_dec
    _printf_percent.o(.ARM.Collect$$_printf_percent$$00000000) refers (Special) to _printf_percent_end.o(.ARM.Collect$$_printf_percent$$00000017) for _printf_percent_end
    __main.o(!!!main) refers to __rtentry.o(.ARM.Collect$$rtentry$$00000000) for __rt_entry
    __rtentry.o(.ARM.Collect$$rtentry$$00000000) refers (Special) to __rtentry2.o(.ARM.Collect$$rtentry$$0000000A) for __rt_entry_li
    __rtentry.o(.ARM.Collect$$rtentry$$00000000) refers (Special) to __rtentry2.o(.ARM.Collect$$rtentry$$0000000D) for __rt_entry_main
    __rtentry.o(.ARM.Collect$$rtentry$$00000000) refers (Special) to __rtentry2.o(.ARM.Collect$$rtentry$$0000000C) for __rt_entry_postli_1
    __rtentry.o(.ARM.Collect$$rtentry$$00000000) refers (Special) to __rtentry2.o(.ARM.Collect$$rtentry$$00000009) for __rt_entry_postsh_1
    __rtentry.o(.ARM.Collect$$rtentry$$00000000) refers (Special) to __rtentry2.o(.ARM.Collect$$rtentry$$00000002) for __rt_entry_presh_1
    __rtentry.o(.ARM.Collect$$rtentry$$00000000) refers (Special) to __rtentry4.o(.ARM.Collect$$rtentry$$00000004) for __rt_entry_sh
    _printf_intcommon.o(.text) refers to __printf.o(i.__ARM_common_call_via_r2) for __ARM_common_call_via_r2
    _printf_char_common.o(.text) refers to __printf.o(.text) for __printf
    __rtentry2.o(.ARM.Collect$$rtentry$$00000008) refers to boardinit2.o(.text) for _platform_post_stackheap_init
    __rtentry2.o(.ARM.Collect$$rtentry$$0000000A) refers to libinit.o(.ARM.Collect$$libinit$$00000000) for __rt_lib_init
    __rtentry2.o(.ARM.Collect$$rtentry$$0000000B) refers to boardinit3.o(.text) for _platform_post_lib_init
    __rtentry2.o(.ARM.Collect$$rtentry$$0000000D) refers to exit.o(.text) for exit
    __rtentry2.o(.ARM.Collect$$rtentry$$0000000D) refers to assignement2.o(i.main) for main
    __rtentry2.o(.ARM.exidx) refers to __rtentry2.o(.ARM.Collect$$rtentry$$00000001) for .ARM.Collect$$rtentry$$00000001
    __rtentry2.o(.ARM.exidx) refers to __rtentry2.o(.ARM.Collect$$rtentry$$00000008) for .ARM.Collect$$rtentry$$00000008
    __rtentry2.o(.ARM.exidx) refers to __rtentry2.o(.ARM.Collect$$rtentry$$0000000A) for .ARM.Collect$$rtentry$$0000000A
    __rtentry2.o(.ARM.exidx) refers to __rtentry2.o(.ARM.Collect$$rtentry$$0000000B) for .ARM.Collect$$rtentry$$0000000B
    __rtentry2.o(.ARM.exidx) refers to __rtentry2.o(.ARM.Collect$$rtentry$$0000000D) for .ARM.Collect$$rtentry$$0000000D
    __rtentry4.o(.ARM.Collect$$rtentry$$00000004) refers to sys_stackheap_outer.o(.text) for __user_setup_stackheap
    __rtentry4.o(.ARM.exidx) refers to __rtentry4.o(.ARM.Collect$$rtentry$$00000004) for .ARM.Collect$$rtentry$$00000004
    __printf_nopercent.o(.text) refers to __printf_nopercent.o(i.__ARM_common_call_via_r7) for __ARM_common_call_via_r7
    __printf_nopercent.o(.text) refers to __printf_nopercent.o(i.__ARM_common_call_via_r5) for __ARM_common_call_via_r5
    sys_stackheap_outer.o(.text) refers to libspace.o(.text) for __user_perproc_libspace
    sys_stackheap_outer.o(.text) refers to lpc2300.o(.text) for __user_initial_stackheap
    exit.o(.text) refers to rtexit.o(.ARM.Collect$$rtexit$$00000000) for __rt_exit
    libinit.o(.ARM.Collect$$libinit$$00000000) refers (Special) to libinit2.o(.ARM.Collect$$libinit$$0000002E) for __rt_lib_init_alloca_1
    libinit.o(.ARM.Collect$$libinit$$00000000) refers (Special) to libinit2.o(.ARM.Collect$$libinit$$0000002C) for __rt_lib_init_argv_1
    libinit.o(.ARM.Collect$$libinit$$00000000) refers (Special) to libinit2.o(.ARM.Collect$$libinit$$0000001B) for __rt_lib_init_atexit_1
    libinit.o(.ARM.Collect$$libinit$$00000000) refers (Special) to libinit2.o(.ARM.Collect$$libinit$$00000021) for __rt_lib_init_clock_1
    libinit.o(.ARM.Collect$$libinit$$00000000) refers (Special) to libinit2.o(.ARM.Collect$$libinit$$00000032) for __rt_lib_init_cpp_1
    libinit.o(.ARM.Collect$$libinit$$00000000) refers (Special) to libinit2.o(.ARM.Collect$$libinit$$00000030) for __rt_lib_init_exceptions_1
    libinit.o(.ARM.Collect$$libinit$$00000000) refers (Special) to libinit2.o(.ARM.Collect$$libinit$$00000002) for __rt_lib_init_fp_1
    libinit.o(.ARM.Collect$$libinit$$00000000) refers (Special) to libinit2.o(.ARM.Collect$$libinit$$0000001F) for __rt_lib_init_fp_trap_1
    libinit.o(.ARM.Collect$$libinit$$00000000) refers (Special) to libinit2.o(.ARM.Collect$$libinit$$00000023) for __rt_lib_init_getenv_1
    libinit.o(.ARM.Collect$$libinit$$00000000) refers (Special) to libinit2.o(.ARM.Collect$$libinit$$0000000A) for __rt_lib_init_heap_1
    libinit.o(.ARM.Collect$$libinit$$00000000) refers (Special) to libinit2.o(.ARM.Collect$$libinit$$00000011) for __rt_lib_init_lc_collate_1
    libinit.o(.ARM.Collect$$libinit$$00000000) refers (Special) to libinit2.o(.ARM.Collect$$libinit$$00000013) for __rt_lib_init_lc_ctype_1
    libinit.o(.ARM.Collect$$libinit$$00000000) refers (Special) to libinit2.o(.ARM.Collect$$libinit$$00000015) for __rt_lib_init_lc_monetary_1
    libinit.o(.ARM.Collect$$libinit$$00000000) refers (Special) to libinit2.o(.ARM.Collect$$libinit$$00000017) for __rt_lib_init_lc_numeric_1
    libinit.o(.ARM.Collect$$libinit$$00000000) refers (Special) to libinit2.o(.ARM.Collect$$libinit$$00000019) for __rt_lib_init_lc_time_1
    libinit.o(.ARM.Collect$$libinit$$00000000) refers (Special) to libinit2.o(.ARM.Collect$$libinit$$00000004) for __rt_lib_init_preinit_1
    libinit.o(.ARM.Collect$$libinit$$00000000) refers (Special) to libinit2.o(.ARM.Collect$$libinit$$0000000E) for __rt_lib_init_rand_1
    libinit.o(.ARM.Collect$$libinit$$00000000) refers (Special) to libinit2.o(.ARM.Collect$$libinit$$00000033) for __rt_lib_init_return
    libinit.o(.ARM.Collect$$libinit$$00000000) refers (Special) to libinit2.o(.ARM.Collect$$libinit$$0000001D) for __rt_lib_init_signal_1
    libinit.o(.ARM.Collect$$libinit$$00000000) refers (Special) to libinit2.o(.ARM.Collect$$libinit$$00000025) for __rt_lib_init_stdio_1
    libinit.o(.ARM.Collect$$libinit$$00000000) refers (Special) to libinit2.o(.ARM.Collect$$libinit$$0000000C) for __rt_lib_init_user_alloc_1
    libspace.o(.text) refers to libspace.o(.bss) for __libspace_start
    rtexit.o(.ARM.Collect$$rtexit$$00000000) refers (Special) to rtexit2.o(.ARM.Collect$$rtexit$$00000004) for __rt_exit_exit
    rtexit.o(.ARM.Collect$$rtexit$$00000000) refers (Special) to rtexit2.o(.ARM.Collect$$rtexit$$00000003) for __rt_exit_ls
    rtexit.o(.ARM.Collect$$rtexit$$00000000) refers (Special) to rtexit2.o(.ARM.Collect$$rtexit$$00000002) for __rt_exit_prels_1
    rtexit.o(.ARM.exidx) refers (Special) to rtexit2.o(.ARM.Collect$$rtexit$$00000004) for __rt_exit_exit
    rtexit.o(.ARM.exidx) refers (Special) to rtexit2.o(.ARM.Collect$$rtexit$$00000003) for __rt_exit_ls
    rtexit.o(.ARM.exidx) refers (Special) to rtexit2.o(.ARM.Collect$$rtexit$$00000002) for __rt_exit_prels_1
    rtexit.o(.ARM.exidx) refers to rtexit.o(.ARM.Collect$$rtexit$$00000000) for .ARM.Collect$$rtexit$$00000000
    libinit2.o(.ARM.Collect$$libinit$$00000001) refers to fpinit.o(x$fpl$fpinit) for _fp_init
    libinit2.o(.ARM.Collect$$libinit$$00000010) refers to libinit2.o(.ARM.Collect$$libinit$$0000000F) for .ARM.Collect$$libinit$$0000000F
    libinit2.o(.ARM.Collect$$libinit$$00000012) refers to libinit2.o(.ARM.Collect$$libinit$$0000000F) for .ARM.Collect$$libinit$$0000000F
    libinit2.o(.ARM.Collect$$libinit$$00000014) refers to libinit2.o(.ARM.Collect$$libinit$$0000000F) for .ARM.Collect$$libinit$$0000000F
    libinit2.o(.ARM.Collect$$libinit$$00000016) refers to libinit2.o(.ARM.Collect$$libinit$$0000000F) for .ARM.Collect$$libinit$$0000000F
    libinit2.o(.ARM.Collect$$libinit$$00000018) refers to libinit2.o(.ARM.Collect$$libinit$$0000000F) for .ARM.Collect$$libinit$$0000000F
    libinit2.o(.ARM.Collect$$libinit$$00000026) refers to argv_veneer.o(.emb_text) for __ARM_argv_veneer
    libinit2.o(.ARM.Collect$$libinit$$00000027) refers to argv_veneer.o(.emb_text) for __ARM_argv_veneer
    rtexit2.o(.ARM.Collect$$rtexit$$00000003) refers to libshutdown.o(.ARM.Collect$$libshutdown$$00000000) for __rt_lib_shutdown
    rtexit2.o(.ARM.Collect$$rtexit$$00000004) refers to sys_exit.o(.text) for _sys_exit
    rtexit2.o(.ARM.exidx) refers to rtexit2.o(.ARM.Collect$$rtexit$$00000001) for .ARM.Collect$$rtexit$$00000001
    rtexit2.o(.ARM.exidx) refers to rtexit2.o(.ARM.Collect$$rtexit$$00000003) for .ARM.Collect$$rtexit$$00000003
    rtexit2.o(.ARM.exidx) refers to rtexit2.o(.ARM.Collect$$rtexit$$00000004) for .ARM.Collect$$rtexit$$00000004
    argv_veneer.o(.emb_text) refers to no_argv.o(.text) for __ARM_get_argv
    sys_exit.o(.text) refers (Special) to use_no_semi.o(.text) for __I$use$semihosting
    sys_exit.o(.text) refers (Special) to indicate_semi.o(.text) for __semihosting_library_function
    _get_argv_nomalloc.o(.text) refers (Special) to hrguard.o(.text) for __heap_region$guard
    _get_argv_nomalloc.o(.text) refers to defsig_rtmem_outer.o(.text) for __rt_SIGRTMEM
    _get_argv_nomalloc.o(.text) refers to sys_command.o(.text) for _sys_command_string
    libshutdown.o(.ARM.Collect$$libshutdown$$00000000) refers (Special) to libshutdown2.o(.ARM.Collect$$libshutdown$$00000002) for __rt_lib_shutdown_cpp_1
    libshutdown.o(.ARM.Collect$$libshutdown$$00000000) refers (Special) to libshutdown2.o(.ARM.Collect$$libshutdown$$00000007) for __rt_lib_shutdown_fp_trap_1
    libshutdown.o(.ARM.Collect$$libshutdown$$00000000) refers (Special) to libshutdown2.o(.ARM.Collect$$libshutdown$$0000000F) for __rt_lib_shutdown_heap_1
    libshutdown.o(.ARM.Collect$$libshutdown$$00000000) refers (Special) to libshutdown2.o(.ARM.Collect$$libshutdown$$00000010) for __rt_lib_shutdown_return
    libshutdown.o(.ARM.Collect$$libshutdown$$00000000) refers (Special) to libshutdown2.o(.ARM.Collect$$libshutdown$$0000000A) for __rt_lib_shutdown_signal_1
    libshutdown.o(.ARM.Collect$$libshutdown$$00000000) refers (Special) to libshutdown2.o(.ARM.Collect$$libshutdown$$00000004) for __rt_lib_shutdown_stdio_1
    libshutdown.o(.ARM.Collect$$libshutdown$$00000000) refers (Special) to libshutdown2.o(.ARM.Collect$$libshutdown$$0000000C) for __rt_lib_shutdown_user_alloc_1
    sys_command.o(.text) refers (Special) to use_no_semi.o(.text) for __I$use$semihosting
    sys_command.o(.text) refers (Special) to indicate_semi.o(.text) for __semihosting_library_function
    defsig_rtmem_outer.o(.text) refers to defsig_rtmem_inner.o(.text) for __rt_SIGRTMEM_inner
    defsig_rtmem_outer.o(.text) refers to defsig_exit.o(.text) for __sig_exit
    defsig_rtmem_formal.o(.text) refers to rt_raise.o(.text) for __rt_raise
    rt_raise.o(.text) refers to __raise.o(.text) for __raise
    rt_raise.o(.text) refers to sys_exit.o(.text) for _sys_exit
    defsig_exit.o(.text) refers to sys_exit.o(.text) for _sys_exit
    defsig_rtmem_inner.o(.text) refers to defsig_general.o(.text) for __default_signal_display
    __raise.o(.text) refers to __printf.o(i.__ARM_common_call_via_r2) for __ARM_common_call_via_r2
    __raise.o(.text) refers to defsig.o(CL$$defsig) for __default_signal_handler
    defsig_general.o(.text) refers to sys_wrch.o(.text) for _ttywrch
    sys_wrch.o(.text) refers (Special) to use_no_semi.o(.text) for __I$use$semihosting
    sys_wrch.o(.text) refers (Special) to indicate_semi.o(.text) for __semihosting_library_function
    defsig.o(CL$$defsig) refers to defsig_rtmem_inner.o(.text) for __rt_SIGRTMEM_inner
    defsig_abrt_inner.o(.text) refers to defsig_general.o(.text) for __default_signal_display
    defsig_fpe_inner.o(.text) refers to defsig_general.o(.text) for __default_signal_display
    defsig_rtred_inner.o(.text) refers to defsig_general.o(.text) for __default_signal_display
    defsig_stak_inner.o(.text) refers to defsig_general.o(.text) for __default_signal_display
    defsig_pvfn_inner.o(.text) refers to defsig_general.o(.text) for __default_signal_display
    defsig_cppl_inner.o(.text) refers to defsig_general.o(.text) for __default_signal_display
    defsig_segv_inner.o(.text) refers to defsig_general.o(.text) for __default_signal_display
    defsig_other.o(.text) refers to defsig_general.o(.text) for __default_signal_display


==============================================================================

Removing Unused input sections from the image.

    Removing assignement2.o(i.printLCD), (164 bytes).
    Removing eint0.o(i.setAllTimers), (40 bytes).
    Removing eint0.o(i.toggleTimers), (164 bytes).

3 unused section(s) (total 368 bytes) removed from the image.

==============================================================================

Adding Veneers to the image

    Adding TA veneer (4 bytes, Inline) for call to '_printf_percent' from __printf.o(.text).
    Adding AT veneer (8 bytes, Inline) for call to '__rt_lib_init' from __rtentry2.o(.ARM.Collect$$rtentry$$0000000A).
    Adding AT veneer (8 bytes, Inline) for call to '__rt_lib_shutdown' from rtexit2.o(.ARM.Collect$$rtexit$$00000003).
    Adding TA veneer (4 bytes, Inline) for call to '__rt_exit' from exit.o(.text).
    Adding AT veneer (8 bytes, Inline) for call to '__2sprintf' from assignement2.o(i.printLCDText).
    Adding AT veneer (8 bytes, Inline) for call to '_sys_exit' from rtexit2.o(.ARM.Collect$$rtexit$$00000004).

6 Veneer(s) (total 40 bytes) added to the image.

==============================================================================

Image Symbol Table

    Local Symbols

    Symbol Name                              Value     Ov Type        Size  Object(Section)

    RESET                                    0x00000000   Section      564  lpc2300.o(RESET)
    ../clib/angel/boardlib.s                 0x00000000   Number         0  boardshut.o ABSOLUTE
    ../clib/angel/boardlib.s                 0x00000000   Number         0  boardinit3.o ABSOLUTE
    ../clib/angel/boardlib.s                 0x00000000   Number         0  boardinit2.o ABSOLUTE
    ../clib/angel/boardlib.s                 0x00000000   Number         0  boardinit1.o ABSOLUTE
    ../clib/angel/handlers.s                 0x00000000   Number         0  __scatter_zi.o ABSOLUTE
    ../clib/angel/handlers.s                 0x00000000   Number         0  __scatter_copy.o ABSOLUTE
    ../clib/angel/kernel.s                   0x00000000   Number         0  __rtentry2.o ABSOLUTE
    ../clib/angel/kernel.s                   0x00000000   Number         0  __rtentry4.o ABSOLUTE
    ../clib/angel/kernel.s                   0x00000000   Number         0  rtexit2.o ABSOLUTE
    ../clib/angel/kernel.s                   0x00000000   Number         0  __rtentry.o ABSOLUTE
    ../clib/angel/kernel.s                   0x00000000   Number         0  rtexit.o ABSOLUTE
    ../clib/angel/rt.s                       0x00000000   Number         0  rt_raise.o ABSOLUTE
    ../clib/angel/scatter.s                  0x00000000   Number         0  __scatter.o ABSOLUTE
    ../clib/angel/startup.s                  0x00000000   Number         0  __main.o ABSOLUTE
    ../clib/angel/sys.s                      0x00000000   Number         0  sys_stackheap_outer.o ABSOLUTE
    ../clib/angel/sys.s                      0x00000000   Number         0  use_no_semi.o ABSOLUTE
    ../clib/angel/sys.s                      0x00000000   Number         0  indicate_semi.o ABSOLUTE
    ../clib/angel/sys.s                      0x00000000   Number         0  libspace.o ABSOLUTE
    ../clib/angel/sysapp.c                   0x00000000   Number         0  sys_wrch.o ABSOLUTE
    ../clib/angel/sysapp.c                   0x00000000   Number         0  sys_command.o ABSOLUTE
    ../clib/angel/sysapp.c                   0x00000000   Number         0  sys_exit.o ABSOLUTE
    ../clib/armsys.c                         0x00000000   Number         0  argv_veneer.o ABSOLUTE
    ../clib/armsys.c                         0x00000000   Number         0  argv_veneer.o ABSOLUTE
    ../clib/armsys.c                         0x00000000   Number         0  no_argv.o ABSOLUTE
    ../clib/armsys.c                         0x00000000   Number         0  _get_argv_nomalloc.o ABSOLUTE
    ../clib/division.s                       0x00000000   Number         0  rtudiv10.o ABSOLUTE
    ../clib/heapalloc.c                      0x00000000   Number         0  hrguard.o ABSOLUTE
    ../clib/heapaux.c                        0x00000000   Number         0  heapauxi.o ABSOLUTE
    ../clib/libinit.s                        0x00000000   Number         0  libshutdown2.o ABSOLUTE
    ../clib/libinit.s                        0x00000000   Number         0  libshutdown.o ABSOLUTE
    ../clib/libinit.s                        0x00000000   Number         0  libinit2.o ABSOLUTE
    ../clib/libinit.s                        0x00000000   Number         0  libinit.o ABSOLUTE
    ../clib/printf.c                         0x00000000   Number         0  __printf_flags_wp.o ABSOLUTE
    ../clib/printf.c                         0x00000000   Number         0  _printf_dec.o ABSOLUTE
    ../clib/printf.c                         0x00000000   Number         0  __printf_flags.o ABSOLUTE
    ../clib/printf.c                         0x00000000   Number         0  __printf_ss.o ABSOLUTE
    ../clib/printf.c                         0x00000000   Number         0  __printf_wp.o ABSOLUTE
    ../clib/printf.c                         0x00000000   Number         0  __printf_ss_wp.o ABSOLUTE
    ../clib/printf.c                         0x00000000   Number         0  __printf_flags_ss_wp.o ABSOLUTE
    ../clib/printf.c                         0x00000000   Number         0  __printf_nopercent.o ABSOLUTE
    ../clib/printf.c                         0x00000000   Number         0  __printf.o ABSOLUTE
    ../clib/printf.c                         0x00000000   Number         0  __printf_flags_ss.o ABSOLUTE
    ../clib/printf.c                         0x00000000   Number         0  _printf_intcommon.o ABSOLUTE
    ../clib/printf.c                         0x00000000   Number         0  _printf_char_common.o ABSOLUTE
    ../clib/printf.c                         0x00000000   Number         0  noretval__2sprintf.o ABSOLUTE
    ../clib/printf.c                         0x00000000   Number         0  __2sprintf.o ABSOLUTE
    ../clib/printf.c                         0x00000000   Number         0  _sputc.o ABSOLUTE
    ../clib/printf_percent.s                 0x00000000   Number         0  _printf_d.o ABSOLUTE
    ../clib/printf_percent.s                 0x00000000   Number         0  _printf_percent.o ABSOLUTE
    ../clib/printf_percent.s                 0x00000000   Number         0  _printf_percent_end.o ABSOLUTE
    ../clib/signal.c                         0x00000000   Number         0  defsig_cppl_inner.o ABSOLUTE
    ../clib/signal.c                         0x00000000   Number         0  defsig_segv_inner.o ABSOLUTE
    ../clib/signal.c                         0x00000000   Number         0  defsig_rtmem_formal.o ABSOLUTE
    ../clib/signal.c                         0x00000000   Number         0  defsig_rtmem_outer.o ABSOLUTE
    ../clib/signal.c                         0x00000000   Number         0  defsig_other.o ABSOLUTE
    ../clib/signal.c                         0x00000000   Number         0  defsig_abrt_inner.o ABSOLUTE
    ../clib/signal.c                         0x00000000   Number         0  __raise.o ABSOLUTE
    ../clib/signal.c                         0x00000000   Number         0  defsig_stak_inner.o ABSOLUTE
    ../clib/signal.c                         0x00000000   Number         0  defsig_fpe_inner.o ABSOLUTE
    ../clib/signal.c                         0x00000000   Number         0  defsig_rtred_inner.o ABSOLUTE
    ../clib/signal.c                         0x00000000   Number         0  defsig_pvfn_inner.o ABSOLUTE
    ../clib/signal.c                         0x00000000   Number         0  defsig_rtmem_inner.o ABSOLUTE
    ../clib/signal.c                         0x00000000   Number         0  defsig_exit.o ABSOLUTE
    ../clib/signal.c                         0x00000000   Number         0  defsig_general.o ABSOLUTE
    ../clib/signal.s                         0x00000000   Number         0  defsig.o ABSOLUTE
    ../clib/stdlib.c                         0x00000000   Number         0  exit.o ABSOLUTE
    ../fplib/fpinit.s                        0x00000000   Number         0  fpinit.o ABSOLUTE
    EINT0.c                                  0x00000000   Number         0  eint0.o ABSOLUTE
    LCD_4bit.c                               0x00000000   Number         0  lcd_4bit.o ABSOLUTE
    LPC2300.s                                0x00000000   Number         0  lpc2300.o ABSOLUTE
    MCB2300 evaluationboard.c                0x00000000   Number         0  mcb2300 evaluationboard.o ABSOLUTE
    Timer0.c                                 0x00000000   Number         0  timer0.o ABSOLUTE
    Timer1.c                                 0x00000000   Number         0  timer1.o ABSOLUTE
    Timer2.c                                 0x00000000   Number         0  timer2.o ABSOLUTE
    Timer3.c                                 0x00000000   Number         0  timer3.o ABSOLUTE
    assignement2.c                           0x00000000   Number         0  assignement2.o ABSOLUTE
    dc.s                                     0x00000000   Number         0  dc.o ABSOLUTE
    Undef_Handler                            0x00000040   ARM Code       4  lpc2300.o(RESET)
    SWI_Handler                              0x00000044   ARM Code       4  lpc2300.o(RESET)
    PAbt_Handler                             0x00000048   ARM Code       4  lpc2300.o(RESET)
    DAbt_Handler                             0x0000004c   ARM Code       4  lpc2300.o(RESET)
    IRQ_Handler                              0x00000050   ARM Code       4  lpc2300.o(RESET)
    FIQ_Handler                              0x00000054   ARM Code       4  lpc2300.o(RESET)
    !!!main                                  0x00000234   Section        8  __main.o(!!!main)
    !!!scatter                               0x0000023c   Section       60  __scatter.o(!!!scatter)
    !!handler_copy                           0x00000278   Section       40  __scatter_copy.o(!!handler_copy)
    !!handler_zi                             0x000002a0   Section       44  __scatter_zi.o(!!handler_zi)
    .ARM.Collect$$_printf_percent$$00000000  0x000002d0   Section        0  _printf_percent.o(.ARM.Collect$$_printf_percent$$00000000)
    .ARM.Collect$$_printf_percent$$00000017  0x000002d0   Section        8  _printf_percent_end.o(.ARM.Collect$$_printf_percent$$00000017)
    .ARM.Collect$$libinit$$00000000          0x000002e0   Section        2  libinit.o(.ARM.Collect$$libinit$$00000000)
    .ARM.Collect$$libinit$$00000002          0x000002e2   Section        0  libinit2.o(.ARM.Collect$$libinit$$00000002)
    .ARM.Collect$$libinit$$00000004          0x000002e2   Section        0  libinit2.o(.ARM.Collect$$libinit$$00000004)
    .ARM.Collect$$libinit$$0000000A          0x000002e2   Section        0  libinit2.o(.ARM.Collect$$libinit$$0000000A)
    .ARM.Collect$$libinit$$0000000C          0x000002e2   Section        0  libinit2.o(.ARM.Collect$$libinit$$0000000C)
    .ARM.Collect$$libinit$$0000000E          0x000002e2   Section        0  libinit2.o(.ARM.Collect$$libinit$$0000000E)
    .ARM.Collect$$libinit$$00000011          0x000002e2   Section        0  libinit2.o(.ARM.Collect$$libinit$$00000011)
    .ARM.Collect$$libinit$$00000013          0x000002e2   Section        0  libinit2.o(.ARM.Collect$$libinit$$00000013)
    .ARM.Collect$$libinit$$00000015          0x000002e2   Section        0  libinit2.o(.ARM.Collect$$libinit$$00000015)
    .ARM.Collect$$libinit$$00000017          0x000002e2   Section        0  libinit2.o(.ARM.Collect$$libinit$$00000017)
    .ARM.Collect$$libinit$$00000019          0x000002e2   Section        0  libinit2.o(.ARM.Collect$$libinit$$00000019)
    .ARM.Collect$$libinit$$0000001B          0x000002e2   Section        0  libinit2.o(.ARM.Collect$$libinit$$0000001B)
    .ARM.Collect$$libinit$$0000001D          0x000002e2   Section        0  libinit2.o(.ARM.Collect$$libinit$$0000001D)
    .ARM.Collect$$libinit$$0000001F          0x000002e2   Section        0  libinit2.o(.ARM.Collect$$libinit$$0000001F)
    .ARM.Collect$$libinit$$00000021          0x000002e2   Section        0  libinit2.o(.ARM.Collect$$libinit$$00000021)
    .ARM.Collect$$libinit$$00000023          0x000002e2   Section        0  libinit2.o(.ARM.Collect$$libinit$$00000023)
    .ARM.Collect$$libinit$$00000025          0x000002e2   Section        0  libinit2.o(.ARM.Collect$$libinit$$00000025)
    .ARM.Collect$$libinit$$0000002C          0x000002e2   Section        0  libinit2.o(.ARM.Collect$$libinit$$0000002C)
    .ARM.Collect$$libinit$$0000002E          0x000002e2   Section        0  libinit2.o(.ARM.Collect$$libinit$$0000002E)
    .ARM.Collect$$libinit$$00000030          0x000002e2   Section        0  libinit2.o(.ARM.Collect$$libinit$$00000030)
    .ARM.Collect$$libinit$$00000032          0x000002e2   Section        0  libinit2.o(.ARM.Collect$$libinit$$00000032)
    .ARM.Collect$$libinit$$00000033          0x000002e2   Section       12  libinit2.o(.ARM.Collect$$libinit$$00000033)
    .ARM.Collect$$libshutdown$$00000000      0x000002f8   Section        4  libshutdown.o(.ARM.Collect$$libshutdown$$00000000)
    .ARM.Collect$$libshutdown$$00000002      0x000002fc   Section        0  libshutdown2.o(.ARM.Collect$$libshutdown$$00000002)
    .ARM.Collect$$libshutdown$$00000004      0x000002fc   Section        0  libshutdown2.o(.ARM.Collect$$libshutdown$$00000004)
    .ARM.Collect$$libshutdown$$00000007      0x000002fc   Section        0  libshutdown2.o(.ARM.Collect$$libshutdown$$00000007)
    .ARM.Collect$$libshutdown$$0000000A      0x000002fc   Section        0  libshutdown2.o(.ARM.Collect$$libshutdown$$0000000A)
    .ARM.Collect$$libshutdown$$0000000C      0x000002fc   Section        0  libshutdown2.o(.ARM.Collect$$libshutdown$$0000000C)
    .ARM.Collect$$libshutdown$$0000000F      0x000002fc   Section        0  libshutdown2.o(.ARM.Collect$$libshutdown$$0000000F)
    .ARM.Collect$$libshutdown$$00000010      0x000002fc   Section        6  libshutdown2.o(.ARM.Collect$$libshutdown$$00000010)
    .ARM.Collect$$rtentry$$00000000          0x00000304   Section        0  __rtentry.o(.ARM.Collect$$rtentry$$00000000)
    .ARM.Collect$$rtentry$$00000002          0x00000304   Section        0  __rtentry2.o(.ARM.Collect$$rtentry$$00000002)
    .ARM.Collect$$rtentry$$00000004          0x00000304   Section        8  __rtentry4.o(.ARM.Collect$$rtentry$$00000004)
    .ARM.Collect$$rtentry$$00000009          0x0000030c   Section        0  __rtentry2.o(.ARM.Collect$$rtentry$$00000009)
    .ARM.Collect$$rtentry$$0000000A          0x0000030c   Section        4  __rtentry2.o(.ARM.Collect$$rtentry$$0000000A)
    .ARM.Collect$$rtentry$$0000000C          0x00000310   Section        0  __rtentry2.o(.ARM.Collect$$rtentry$$0000000C)
    .ARM.Collect$$rtentry$$0000000D          0x00000310   Section       40  __rtentry2.o(.ARM.Collect$$rtentry$$0000000D)
    .ARM.Collect$$rtexit$$00000000           0x0000033c   Section        4  rtexit.o(.ARM.Collect$$rtexit$$00000000)
    .ARM.Collect$$rtexit$$00000002           0x00000340   Section        0  rtexit2.o(.ARM.Collect$$rtexit$$00000002)
    .ARM.Collect$$rtexit$$00000003           0x00000340   Section        4  rtexit2.o(.ARM.Collect$$rtexit$$00000003)
    .ARM.Collect$$rtexit$$00000004           0x00000344   Section        8  rtexit2.o(.ARM.Collect$$rtexit$$00000004)
    .text                                    0x0000034c   Section       32  lpc2300.o(.text)
    .text                                    0x00000374   Section        0  noretval__2sprintf.o(.text)
    .text                                    0x0000039c   Section        0  __printf.o(.text)
    .text                                    0x00000412   Section        0  heapauxi.o(.text)
    .text                                    0x00000418   Section        0  _printf_char_common.o(.text)
    _printf_input_char                       0x00000419   Thumb Code    10  _printf_char_common.o(.text)
    .text                                    0x00000448   Section        0  _sputc.o(.text)
    .text                                    0x00000454   Section       96  sys_stackheap_outer.o(.text)
    .text                                    0x000004b4   Section        0  exit.o(.text)
    .text                                    0x000004c8   Section       12  libspace.o(.text)
    .text                                    0x000004dc   Section        0  sys_exit.o(.text)
    .text                                    0x000004e8   Section        4  use_no_semi.o(.text)
    .text                                    0x000004ec   Section        0  indicate_semi.o(.text)
    i.EINT0_ISR                              0x000004ec   Section        0  eint0.o(i.EINT0_ISR)
    i.T0_ISR                                 0x0000059c   Section        0  timer0.o(i.T0_ISR)
    i.T1_ISR                                 0x000005c0   Section        0  timer1.o(i.T1_ISR)
    i.T2_ISR                                 0x000005e4   Section        0  timer2.o(i.T2_ISR)
    i.T3_ISR                                 0x00000608   Section        0  timer3.o(i.T3_ISR)
    i.__ARM_common_call_via_r1               0x00000654   Section        0  __printf.o(i.__ARM_common_call_via_r1)
    i.__ARM_common_call_via_r2               0x00000656   Section        0  __printf.o(i.__ARM_common_call_via_r2)
    i.delay                                  0x00000658   Section        0  lcd_4bit.o(i.delay)
    delay                                    0x00000658   ARM Code      24  lcd_4bit.o(i.delay)
    i.initEINT0                              0x00000670   Section        0  eint0.o(i.initEINT0)
    i.initEvaluationBoard                    0x000006d0   Section        0  mcb2300 evaluationboard.o(i.initEvaluationBoard)
    i.initVar                                0x00000778   Section        0  assignement2.o(i.initVar)
    i.init_T0                                0x000007ac   Section        0  timer0.o(i.init_T0)
    i.init_T1                                0x000007ec   Section        0  timer1.o(i.init_T1)
    i.init_T2                                0x0000082c   Section        0  timer2.o(i.init_T2)
    i.init_T3                                0x0000086c   Section        0  timer3.o(i.init_T3)
    i.lcd_clear                              0x000008bc   Section        0  lcd_4bit.o(i.lcd_clear)
    i.lcd_init                               0x000008dc   Section        0  lcd_4bit.o(i.lcd_init)
    i.lcd_print                              0x000009b8   Section        0  lcd_4bit.o(i.lcd_print)
    i.lcd_putchar                            0x000009e0   Section        0  lcd_4bit.o(i.lcd_putchar)
    i.lcd_read_status                        0x00000a14   Section        0  lcd_4bit.o(i.lcd_read_status)
    lcd_read_status                          0x00000a14   ARM Code     188  lcd_4bit.o(i.lcd_read_status)
    i.lcd_write_4bit                         0x00000ad4   Section        0  lcd_4bit.o(i.lcd_write_4bit)
    i.lcd_write_cmd                          0x00000b2c   Section        0  lcd_4bit.o(i.lcd_write_cmd)
    i.main                                   0x00000b60   Section        0  assignement2.o(i.main)
    i.printLCDText                           0x00000bd4   Section        0  assignement2.o(i.printLCDText)
    i.printLap                               0x00000c30   Section        0  assignement2.o(i.printLap)
    i.reset                                  0x00000c98   Section        0  assignement2.o(i.reset)
    i.running                                0x00000d24   Section        0  assignement2.o(i.running)
    i.set_cursor                             0x00000d68   Section        0  lcd_4bit.o(i.set_cursor)
    i.stop                                   0x00000d9c   Section        0  assignement2.o(i.stop)
    i.wait_while_busy                        0x00000df4   Section        0  lcd_4bit.o(i.wait_while_busy)
    wait_while_busy                          0x00000df4   ARM Code      32  lcd_4bit.o(i.wait_while_busy)
    .constdata                               0x00000e14   Section       64  lcd_4bit.o(.constdata)
    .data                                    0x40000000   Section       25  assignement2.o(.data)
    .bss                                     0x4000001c   Section       96  libspace.o(.bss)
    HEAP                                     0x40000080   Section        0  lpc2300.o(HEAP)
    STACK                                    0x40000080   Section     1288  lpc2300.o(STACK)
    Heap_Mem                                 0x40000080   Data           0  lpc2300.o(HEAP)
    Stack_Mem                                0x40000080   Data        1024  lpc2300.o(STACK)
    Stack_Top                                0x40000588   Data           0  lpc2300.o(STACK)

    Global Symbols

    Symbol Name                              Value     Ov Type        Size  Object(Section)

    BuildAttributes$$THM_ISAv1$ARM_ISAv4$S$PE$A:L22$X:L11$S22$IEEE1$IW$USESV6$~STKCKD$USESV7$~SHL$OSPACE$ROPI$EBA8$UX$STANDARDLIB$REQ8$PRES8$EABIv2 0x00000000   Number         0  anon$$obj.o ABSOLUTE
    __ARM_use_no_argv                        0x00000000   Number         0  assignement2.o ABSOLUTE
    __ARM_exceptions_init                     - Undefined Weak Reference
    __alloca_initialize                       - Undefined Weak Reference
    __arm_preinit_                            - Undefined Weak Reference
    __cpp_initialize__aeabi_                  - Undefined Weak Reference
    __cxa_finalize                            - Undefined Weak Reference
    __rt_locale                               - Undefined Weak Reference
    __sigvec_lookup                           - Undefined Weak Reference
    _atexit_init                              - Undefined Weak Reference
    _call_atexit_fns                          - Undefined Weak Reference
    _clock_init                               - Undefined Weak Reference
    _fp_trap_init                             - Undefined Weak Reference
    _fp_trap_shutdown                         - Undefined Weak Reference
    _get_lc_collate                           - Undefined Weak Reference
    _get_lc_ctype                             - Undefined Weak Reference
    _get_lc_monetary                          - Undefined Weak Reference
    _get_lc_numeric                           - Undefined Weak Reference
    _get_lc_time                              - Undefined Weak Reference
    _getenv_init                              - Undefined Weak Reference
    _handle_redirection                       - Undefined Weak Reference
    _init_alloc                               - Undefined Weak Reference
    _init_user_alloc                          - Undefined Weak Reference
    _initio                                   - Undefined Weak Reference
    _printf_post_padding                      - Undefined Weak Reference
    _printf_pre_padding                       - Undefined Weak Reference
    _printf_truncate_signed                   - Undefined Weak Reference
    _printf_truncate_unsigned                 - Undefined Weak Reference
    _rand_init                                - Undefined Weak Reference
    _signal_finish                            - Undefined Weak Reference
    _signal_init                              - Undefined Weak Reference
    _terminate_alloc                          - Undefined Weak Reference
    _terminate_user_alloc                     - Undefined Weak Reference
    _terminateio                              - Undefined Weak Reference
    Reset_Handler                            0x00000058   ARM Code       0  lpc2300.o(RESET)
    __main                                   0x00000234   ARM Code       8  __main.o(!!!main)
    __scatterload                            0x0000023c   ARM Code       0  __scatter.o(!!!scatter)
    __scatterload_rt2                        0x0000023c   ARM Code      52  __scatter.o(!!!scatter)
    __scatterload_null                       0x00000250   ARM Code       0  __scatter.o(!!!scatter)
    __scatterload_copy                       0x00000278   ARM Code      40  __scatter_copy.o(!!handler_copy)
    __scatterload_zeroinit                   0x000002a0   ARM Code      44  __scatter_zi.o(!!handler_zi)
    Inline Thumb to ARM Veneer to _printf_percent 0x000002cd   Thumb Code     4  _printf_percent.o(.ARM.Collect$$_printf_percent$$00000000)
    _printf_percent                          0x000002d0   ARM Code       0  _printf_percent.o(.ARM.Collect$$_printf_percent$$00000000)
    _printf_percent_end                      0x000002d0   ARM Code       0  _printf_percent_end.o(.ARM.Collect$$_printf_percent$$00000017)
    Inline ARM to Thumb Veneer to __rt_lib_init 0x000002d8   ARM Code       8  libinit.o(.ARM.Collect$$libinit$$00000000)
    __rt_lib_init                            0x000002e1   Thumb Code     0  libinit.o(.ARM.Collect$$libinit$$00000000)
    __rt_lib_init_alloca_1                   0x000002e3   Thumb Code     0  libinit2.o(.ARM.Collect$$libinit$$0000002E)
    __rt_lib_init_argv_1                     0x000002e3   Thumb Code     0  libinit2.o(.ARM.Collect$$libinit$$0000002C)
    __rt_lib_init_atexit_1                   0x000002e3   Thumb Code     0  libinit2.o(.ARM.Collect$$libinit$$0000001B)
    __rt_lib_init_clock_1                    0x000002e3   Thumb Code     0  libinit2.o(.ARM.Collect$$libinit$$00000021)
    __rt_lib_init_cpp_1                      0x000002e3   Thumb Code     0  libinit2.o(.ARM.Collect$$libinit$$00000032)
    __rt_lib_init_exceptions_1               0x000002e3   Thumb Code     0  libinit2.o(.ARM.Collect$$libinit$$00000030)
    __rt_lib_init_fp_1                       0x000002e3   Thumb Code     0  libinit2.o(.ARM.Collect$$libinit$$00000002)
    __rt_lib_init_fp_trap_1                  0x000002e3   Thumb Code     0  libinit2.o(.ARM.Collect$$libinit$$0000001F)
    __rt_lib_init_getenv_1                   0x000002e3   Thumb Code     0  libinit2.o(.ARM.Collect$$libinit$$00000023)
    __rt_lib_init_heap_1                     0x000002e3   Thumb Code     0  libinit2.o(.ARM.Collect$$libinit$$0000000A)
    __rt_lib_init_lc_collate_1               0x000002e3   Thumb Code     0  libinit2.o(.ARM.Collect$$libinit$$00000011)
    __rt_lib_init_lc_ctype_1                 0x000002e3   Thumb Code     0  libinit2.o(.ARM.Collect$$libinit$$00000013)
    __rt_lib_init_lc_monetary_1              0x000002e3   Thumb Code     0  libinit2.o(.ARM.Collect$$libinit$$00000015)
    __rt_lib_init_lc_numeric_1               0x000002e3   Thumb Code     0  libinit2.o(.ARM.Collect$$libinit$$00000017)
    __rt_lib_init_lc_time_1                  0x000002e3   Thumb Code     0  libinit2.o(.ARM.Collect$$libinit$$00000019)
    __rt_lib_init_preinit_1                  0x000002e3   Thumb Code     0  libinit2.o(.ARM.Collect$$libinit$$00000004)
    __rt_lib_init_rand_1                     0x000002e3   Thumb Code     0  libinit2.o(.ARM.Collect$$libinit$$0000000E)
    __rt_lib_init_return                     0x000002e3   Thumb Code     0  libinit2.o(.ARM.Collect$$libinit$$00000033)
    __rt_lib_init_signal_1                   0x000002e3   Thumb Code     0  libinit2.o(.ARM.Collect$$libinit$$0000001D)
    __rt_lib_init_stdio_1                    0x000002e3   Thumb Code     0  libinit2.o(.ARM.Collect$$libinit$$00000025)
    __rt_lib_init_user_alloc_1               0x000002e3   Thumb Code     0  libinit2.o(.ARM.Collect$$libinit$$0000000C)
    Inline ARM to Thumb Veneer to __rt_lib_shutdown 0x000002f0   ARM Code       8  libshutdown.o(.ARM.Collect$$libshutdown$$00000000)
    __rt_lib_shutdown                        0x000002f9   Thumb Code     0  libshutdown.o(.ARM.Collect$$libshutdown$$00000000)
    __rt_lib_shutdown_cpp_1                  0x000002fd   Thumb Code     0  libshutdown2.o(.ARM.Collect$$libshutdown$$00000002)
    __rt_lib_shutdown_fp_trap_1              0x000002fd   Thumb Code     0  libshutdown2.o(.ARM.Collect$$libshutdown$$00000007)
    __rt_lib_shutdown_heap_1                 0x000002fd   Thumb Code     0  libshutdown2.o(.ARM.Collect$$libshutdown$$0000000F)
    __rt_lib_shutdown_return                 0x000002fd   Thumb Code     0  libshutdown2.o(.ARM.Collect$$libshutdown$$00000010)
    __rt_lib_shutdown_signal_1               0x000002fd   Thumb Code     0  libshutdown2.o(.ARM.Collect$$libshutdown$$0000000A)
    __rt_lib_shutdown_stdio_1                0x000002fd   Thumb Code     0  libshutdown2.o(.ARM.Collect$$libshutdown$$00000004)
    __rt_lib_shutdown_user_alloc_1           0x000002fd   Thumb Code     0  libshutdown2.o(.ARM.Collect$$libshutdown$$0000000C)
    __rt_entry                               0x00000304   ARM Code       0  __rtentry.o(.ARM.Collect$$rtentry$$00000000)
    __rt_entry_presh_1                       0x00000304   ARM Code       0  __rtentry2.o(.ARM.Collect$$rtentry$$00000002)
    __rt_entry_sh                            0x00000304   ARM Code       0  __rtentry4.o(.ARM.Collect$$rtentry$$00000004)
    __rt_entry_li                            0x0000030c   ARM Code       0  __rtentry2.o(.ARM.Collect$$rtentry$$0000000A)
    __rt_entry_postsh_1                      0x0000030c   ARM Code       0  __rtentry2.o(.ARM.Collect$$rtentry$$00000009)
    __rt_entry_main                          0x00000310   ARM Code       0  __rtentry2.o(.ARM.Collect$$rtentry$$0000000D)
    __rt_entry_postli_1                      0x00000310   ARM Code       0  __rtentry2.o(.ARM.Collect$$rtentry$$0000000C)
    Inline Thumb to ARM Veneer to __rt_exit  0x00000339   Thumb Code     4  rtexit.o(.ARM.Collect$$rtexit$$00000000)
    __rt_exit                                0x0000033c   ARM Code       0  rtexit.o(.ARM.Collect$$rtexit$$00000000)
    __rt_exit_ls                             0x00000340   ARM Code       0  rtexit2.o(.ARM.Collect$$rtexit$$00000003)
    __rt_exit_prels_1                        0x00000340   ARM Code       0  rtexit2.o(.ARM.Collect$$rtexit$$00000002)
    __rt_exit_exit                           0x00000344   ARM Code       0  rtexit2.o(.ARM.Collect$$rtexit$$00000004)
    __user_initial_stackheap                 0x0000034c   ARM Code       0  lpc2300.o(.text)
    Inline ARM to Thumb Veneer to __2sprintf 0x0000036c   ARM Code       8  noretval__2sprintf.o(.text)
    __2sprintf                               0x00000375   Thumb Code    36  noretval__2sprintf.o(.text)
    __printf                                 0x0000039d   Thumb Code   118  __printf.o(.text)
    __use_two_region_memory                  0x00000413   Thumb Code     2  heapauxi.o(.text)
    __rt_heap_escrow$2region                 0x00000415   Thumb Code     2  heapauxi.o(.text)
    __rt_heap_expand$2region                 0x00000417   Thumb Code     2  heapauxi.o(.text)
    _printf_char_common                      0x00000423   Thumb Code    34  _printf_char_common.o(.text)
    _sputc                                   0x00000449   Thumb Code    10  _sputc.o(.text)
    __user_setup_stackheap                   0x00000454   ARM Code      96  sys_stackheap_outer.o(.text)
    exit                                     0x000004b5   Thumb Code    20  exit.o(.text)
    __user_libspace                          0x000004c8   ARM Code      12  libspace.o(.text)
    __user_perproc_libspace                  0x000004c8   ARM Code       0  libspace.o(.text)
    __user_perthread_libspace                0x000004c8   ARM Code       0  libspace.o(.text)
    Inline ARM to Thumb Veneer to _sys_exit  0x000004d4   ARM Code       8  sys_exit.o(.text)
    _sys_exit                                0x000004dd   Thumb Code     8  sys_exit.o(.text)
    __I$use$semihosting                      0x000004e8   ARM Code       0  use_no_semi.o(.text)
    __use_no_semihosting_swi                 0x000004e8   ARM Code       4  use_no_semi.o(.text)
    EINT0_ISR                                0x000004ec   ARM Code     160  eint0.o(i.EINT0_ISR)
    __semihosting_library_function           0x000004ec   ARM Code       0  indicate_semi.o(.text)
    T0_ISR                                   0x0000059c   ARM Code      32  timer0.o(i.T0_ISR)
    T1_ISR                                   0x000005c0   ARM Code      32  timer1.o(i.T1_ISR)
    T2_ISR                                   0x000005e4   ARM Code      32  timer2.o(i.T2_ISR)
    T3_ISR                                   0x00000608   ARM Code      64  timer3.o(i.T3_ISR)
    __ARM_common_call_via_r1                 0x00000655   Thumb Code     2  __printf.o(i.__ARM_common_call_via_r1)
    __ARM_common_call_via_r2                 0x00000657   Thumb Code     2  __printf.o(i.__ARM_common_call_via_r2)
    initEINT0                                0x00000670   ARM Code      88  eint0.o(i.initEINT0)
    initEvaluationBoard                      0x000006d0   ARM Code     152  mcb2300 evaluationboard.o(i.initEvaluationBoard)
    initVar                                  0x00000778   ARM Code      40  assignement2.o(i.initVar)
    init_T0                                  0x000007ac   ARM Code      52  timer0.o(i.init_T0)
    init_T1                                  0x000007ec   ARM Code      52  timer1.o(i.init_T1)
    init_T2                                  0x0000082c   ARM Code      52  timer2.o(i.init_T2)
    init_T3                                  0x0000086c   ARM Code      68  timer3.o(i.init_T3)
    lcd_clear                                0x000008bc   ARM Code      32  lcd_4bit.o(i.lcd_clear)
    lcd_init                                 0x000008dc   ARM Code     200  lcd_4bit.o(i.lcd_init)
    lcd_print                                0x000009b8   ARM Code      40  lcd_4bit.o(i.lcd_print)
    lcd_putchar                              0x000009e0   ARM Code      48  lcd_4bit.o(i.lcd_putchar)
    lcd_write_4bit                           0x00000ad4   ARM Code      84  lcd_4bit.o(i.lcd_write_4bit)
    lcd_write_cmd                            0x00000b2c   ARM Code      48  lcd_4bit.o(i.lcd_write_cmd)
    main                                     0x00000b60   ARM Code     112  assignement2.o(i.main)
    printLCDText                             0x00000bd4   ARM Code      92  assignement2.o(i.printLCDText)
    printLap                                 0x00000c30   ARM Code      72  assignement2.o(i.printLap)
    reset                                    0x00000c98   ARM Code     104  assignement2.o(i.reset)
    running                                  0x00000d24   ARM Code      52  assignement2.o(i.running)
    set_cursor                               0x00000d68   ARM Code      52  lcd_4bit.o(i.set_cursor)
    stop                                     0x00000d9c   ARM Code      68  assignement2.o(i.stop)
    UserFont                                 0x00000e14   Data          64  lcd_4bit.o(.constdata)
    Region$$Table$$Base                      0x00000e54   Number         0  anon$$obj.o(Region$$Table)
    Region$$Table$$Limit                     0x00000e74   Number         0  anon$$obj.o(Region$$Table)
    t0                                       0x40000000   Data           4  assignement2.o(.data)
    t1                                       0x40000004   Data           4  assignement2.o(.data)
    t2                                       0x40000008   Data           4  assignement2.o(.data)
    t3                                       0x4000000c   Data           4  assignement2.o(.data)
    state                                    0x40000010   Data           4  assignement2.o(.data)
    printLapCount                            0x40000014   Data           4  assignement2.o(.data)
    print                                    0x40000018   Data           1  assignement2.o(.data)
    __libspace_start                         0x4000001c   Data          96  libspace.o(.bss)
    __temporary_stack_top$libspace           0x4000007c   Data           0  libspace.o(.bss)



==============================================================================

Memory Map of the image

  Image Entry point : 0x00000234

  Load Region LR_IROM1 (Base: 0x00000000, Size: 0x00000e90, Max: 0x00080000, ABSOLUTE)

    Execution Region ER_IROM1 (Base: 0x00000000, Size: 0x00000e74, Max: 0x00080000, ABSOLUTE)

    Base Addr    Size         Type   Attr      Idx    E Section Name        Object

    0x00000000   0x00000234   Code   RO            3    RESET               lpc2300.o
    0x00000234   0x00000008   Code   RO          303  * !!!main             c_t.l(__main.o)
    0x0000023c   0x0000003c   Code   RO          475    !!!scatter          c_t.l(__scatter.o)
    0x00000278   0x00000028   Code   RO          477    !!handler_copy      c_t.l(__scatter_copy.o)
    0x000002a0   0x0000002c   Code   RO          479    !!handler_zi        c_t.l(__scatter_zi.o)
    0x000002cc   0x00000004   Ven    RO          300    .ARM.Collect$$_printf_percent$$00000000  c_t.l(_printf_percent.o)
    0x000002d0   0x00000000   Code   RO          300    .ARM.Collect$$_printf_percent$$00000000  c_t.l(_printf_percent.o)
    0x000002d0   0x00000008   Code   RO          312    .ARM.Collect$$_printf_percent$$00000017  c_t.l(_printf_percent_end.o)
    0x000002d8   0x00000008   Ven    RO          345    .ARM.Collect$$libinit$$00000000  c_t.l(libinit.o)
    0x000002e0   0x00000002   Code   RO          345    .ARM.Collect$$libinit$$00000000  c_t.l(libinit.o)
    0x000002e2   0x00000000   Code   RO          352    .ARM.Collect$$libinit$$00000002  c_t.l(libinit2.o)
    0x000002e2   0x00000000   Code   RO          354    .ARM.Collect$$libinit$$00000004  c_t.l(libinit2.o)
    0x000002e2   0x00000000   Code   RO          357    .ARM.Collect$$libinit$$0000000A  c_t.l(libinit2.o)
    0x000002e2   0x00000000   Code   RO          359    .ARM.Collect$$libinit$$0000000C  c_t.l(libinit2.o)
    0x000002e2   0x00000000   Code   RO          361    .ARM.Collect$$libinit$$0000000E  c_t.l(libinit2.o)
    0x000002e2   0x00000000   Code   RO          364    .ARM.Collect$$libinit$$00000011  c_t.l(libinit2.o)
    0x000002e2   0x00000000   Code   RO          366    .ARM.Collect$$libinit$$00000013  c_t.l(libinit2.o)
    0x000002e2   0x00000000   Code   RO          368    .ARM.Collect$$libinit$$00000015  c_t.l(libinit2.o)
    0x000002e2   0x00000000   Code   RO          370    .ARM.Collect$$libinit$$00000017  c_t.l(libinit2.o)
    0x000002e2   0x00000000   Code   RO          372    .ARM.Collect$$libinit$$00000019  c_t.l(libinit2.o)
    0x000002e2   0x00000000   Code   RO          374    .ARM.Collect$$libinit$$0000001B  c_t.l(libinit2.o)
    0x000002e2   0x00000000   Code   RO          376    .ARM.Collect$$libinit$$0000001D  c_t.l(libinit2.o)
    0x000002e2   0x00000000   Code   RO          378    .ARM.Collect$$libinit$$0000001F  c_t.l(libinit2.o)
    0x000002e2   0x00000000   Code   RO          380    .ARM.Collect$$libinit$$00000021  c_t.l(libinit2.o)
    0x000002e2   0x00000000   Code   RO          382    .ARM.Collect$$libinit$$00000023  c_t.l(libinit2.o)
    0x000002e2   0x00000000   Code   RO          384    .ARM.Collect$$libinit$$00000025  c_t.l(libinit2.o)
    0x000002e2   0x00000000   Code   RO          388    .ARM.Collect$$libinit$$0000002C  c_t.l(libinit2.o)
    0x000002e2   0x00000000   Code   RO          390    .ARM.Collect$$libinit$$0000002E  c_t.l(libinit2.o)
    0x000002e2   0x00000000   Code   RO          392    .ARM.Collect$$libinit$$00000030  c_t.l(libinit2.o)
    0x000002e2   0x00000000   Code   RO          394    .ARM.Collect$$libinit$$00000032  c_t.l(libinit2.o)
    0x000002e2   0x0000000c   Code   RO          395    .ARM.Collect$$libinit$$00000033  c_t.l(libinit2.o)
    0x000002ee   0x00000002   PAD
    0x000002f0   0x00000008   Ven    RO          415    .ARM.Collect$$libshutdown$$00000000  c_t.l(libshutdown.o)
    0x000002f8   0x00000004   Code   RO          415    .ARM.Collect$$libshutdown$$00000000  c_t.l(libshutdown.o)
    0x000002fc   0x00000000   Code   RO          428    .ARM.Collect$$libshutdown$$00000002  c_t.l(libshutdown2.o)
    0x000002fc   0x00000000   Code   RO          430    .ARM.Collect$$libshutdown$$00000004  c_t.l(libshutdown2.o)
    0x000002fc   0x00000000   Code   RO          433    .ARM.Collect$$libshutdown$$00000007  c_t.l(libshutdown2.o)
    0x000002fc   0x00000000   Code   RO          436    .ARM.Collect$$libshutdown$$0000000A  c_t.l(libshutdown2.o)
    0x000002fc   0x00000000   Code   RO          438    .ARM.Collect$$libshutdown$$0000000C  c_t.l(libshutdown2.o)
    0x000002fc   0x00000000   Code   RO          441    .ARM.Collect$$libshutdown$$0000000F  c_t.l(libshutdown2.o)
    0x000002fc   0x00000006   Code   RO          442    .ARM.Collect$$libshutdown$$00000010  c_t.l(libshutdown2.o)
    0x00000302   0x00000002   PAD
    0x00000304   0x00000000   Code   RO          305    .ARM.Collect$$rtentry$$00000000  c_t.l(__rtentry.o)
    0x00000304   0x00000000   Code   RO          316    .ARM.Collect$$rtentry$$00000002  c_t.l(__rtentry2.o)
    0x00000304   0x00000008   Code   RO          328    .ARM.Collect$$rtentry$$00000004  c_t.l(__rtentry4.o)
    0x0000030c   0x00000000   Code   RO          318    .ARM.Collect$$rtentry$$00000009  c_t.l(__rtentry2.o)
    0x0000030c   0x00000004   Code   RO          319    .ARM.Collect$$rtentry$$0000000A  c_t.l(__rtentry2.o)
    0x00000310   0x00000000   Code   RO          321    .ARM.Collect$$rtentry$$0000000C  c_t.l(__rtentry2.o)
    0x00000310   0x00000028   Code   RO          322    .ARM.Collect$$rtentry$$0000000D  c_t.l(__rtentry2.o)
    0x00000338   0x00000004   Ven    RO          349    .ARM.Collect$$rtexit$$00000000  c_t.l(rtexit.o)
    0x0000033c   0x00000004   Code   RO          349    .ARM.Collect$$rtexit$$00000000  c_t.l(rtexit.o)
    0x00000340   0x00000000   Code   RO          397    .ARM.Collect$$rtexit$$00000002  c_t.l(rtexit2.o)
    0x00000340   0x00000004   Code   RO          398    .ARM.Collect$$rtexit$$00000003  c_t.l(rtexit2.o)
    0x00000344   0x00000008   Code   RO          399    .ARM.Collect$$rtexit$$00000004  c_t.l(rtexit2.o)
    0x0000034c   0x00000020   Code   RO            4    .text               lpc2300.o
    0x0000036c   0x00000008   Ven    RO          269    .text               c_t.l(noretval__2sprintf.o)
    0x00000374   0x00000028   Code   RO          269    .text               c_t.l(noretval__2sprintf.o)
    0x0000039c   0x00000076   Code   RO          271    .text               c_t.l(__printf.o)
    0x00000412   0x00000006   Code   RO          301    .text               c_t.l(heapauxi.o)
    0x00000418   0x00000030   Code   RO          308    .text               c_t.l(_printf_char_common.o)
    0x00000448   0x0000000a   Code   RO          310    .text               c_t.l(_sputc.o)
    0x00000452   0x00000002   PAD
    0x00000454   0x00000060   Code   RO          336    .text               c_t.l(sys_stackheap_outer.o)
    0x000004b4   0x00000014   Code   RO          338    .text               c_t.l(exit.o)
    0x000004c8   0x0000000c   Code   RO          346    .text               c_t.l(libspace.o)
    0x000004d4   0x00000008   Ven    RO          407    .text               c_t.l(sys_exit.o)
    0x000004dc   0x0000000c   Code   RO          407    .text               c_t.l(sys_exit.o)
    0x000004e8   0x00000004   Code   RO          418    .text               c_t.l(use_no_semi.o)
    0x000004ec   0x00000000   Code   RO          420    .text               c_t.l(indicate_semi.o)
    0x000004ec   0x000000b0   Code   RO          161    i.EINT0_ISR         eint0.o
    0x0000059c   0x00000024   Code   RO          192    i.T0_ISR            timer0.o
    0x000005c0   0x00000024   Code   RO          210    i.T1_ISR            timer1.o
    0x000005e4   0x00000024   Code   RO          228    i.T2_ISR            timer2.o
    0x00000608   0x0000004c   Code   RO          246    i.T3_ISR            timer3.o
    0x00000654   0x00000002   Code   RO          275    i.__ARM_common_call_via_r1  c_t.l(__printf.o)
    0x00000656   0x00000002   Code   RO          273    i.__ARM_common_call_via_r2  c_t.l(__printf.o)
    0x00000658   0x00000018   Code   RO           30    i.delay             lcd_4bit.o
    0x00000670   0x00000060   Code   RO          162    i.initEINT0         eint0.o
    0x000006d0   0x000000a8   Code   RO           11    i.initEvaluationBoard  mcb2300 evaluationboard.o
    0x00000778   0x00000034   Code   RO           96    i.initVar           assignement2.o
    0x000007ac   0x00000040   Code   RO          193    i.init_T0           timer0.o
    0x000007ec   0x00000040   Code   RO          211    i.init_T1           timer1.o
    0x0000082c   0x00000040   Code   RO          229    i.init_T2           timer2.o
    0x0000086c   0x00000050   Code   RO          247    i.init_T3           timer3.o
    0x000008bc   0x00000020   Code   RO           31    i.lcd_clear         lcd_4bit.o
    0x000008dc   0x000000dc   Code   RO           32    i.lcd_init          lcd_4bit.o
    0x000009b8   0x00000028   Code   RO           33    i.lcd_print         lcd_4bit.o
    0x000009e0   0x00000034   Code   RO           34    i.lcd_putchar       lcd_4bit.o
    0x00000a14   0x000000c0   Code   RO           35    i.lcd_read_status   lcd_4bit.o
    0x00000ad4   0x00000058   Code   RO           36    i.lcd_write_4bit    lcd_4bit.o
    0x00000b2c   0x00000034   Code   RO           37    i.lcd_write_cmd     lcd_4bit.o
    0x00000b60   0x00000074   Code   RO           97    i.main              assignement2.o
    0x00000bd4   0x0000005c   Code   RO           99    i.printLCDText      assignement2.o
    0x00000c30   0x00000068   Code   RO          100    i.printLap          assignement2.o
    0x00000c98   0x0000008c   Code   RO          101    i.reset             assignement2.o
    0x00000d24   0x00000044   Code   RO          102    i.running           assignement2.o
    0x00000d68   0x00000034   Code   RO           38    i.set_cursor        lcd_4bit.o
    0x00000d9c   0x00000058   Code   RO          103    i.stop              assignement2.o
    0x00000df4   0x00000020   Code   RO           39    i.wait_while_busy   lcd_4bit.o
    0x00000e14   0x00000040   Data   RO           40    .constdata          lcd_4bit.o
    0x00000e54   0x00000020   Data   RO          473    Region$$Table       anon$$obj.o


    Execution Region RW_IRAM1 (Base: 0x40000000, Size: 0x00000588, Max: 0x00008000, ABSOLUTE)

    Base Addr    Size         Type   Attr      Idx    E Section Name        Object

    0x40000000   0x00000019   Data   RW          104    .data               assignement2.o
    0x40000019   0x00000003   PAD
    0x4000001c   0x00000060   Zero   RW          347    .bss                c_t.l(libspace.o)
    0x4000007c   0x00000004   PAD
    0x40000080   0x00000000   Zero   RW            2    HEAP                lpc2300.o
    0x40000080   0x00000508   Zero   RW            1    STACK               lpc2300.o


==============================================================================

Image component sizes


      Code (inc. data)   RO Data    RW Data    ZI Data      Debug   Object Name

       660        120          0         25          0       4280   assignement2.o
       272         24          0          0          0        932   eint0.o
       784         36         64          0          0       6462   lcd_4bit.o
       596         92          0          0       1288        708   lpc2300.o
       168         16          0          0          0       1986   mcb2300 evaluationboard.o
       100         16          0          0          0        883   timer0.o
       100         16          0          0          0        883   timer1.o
       100         16          0          0          0        883   timer2.o
       156         24          0          0          0        899   timer3.o

    ----------------------------------------------------------------------
      2936        360         96         28       1288      17916   Object Totals
         0          0         32          0          0          0   (incl. Generated)
         0          0          0          3          0          0   (incl. Padding)

    ----------------------------------------------------------------------

      Code (inc. data)   RO Data    RW Data    ZI Data      Debug   Library Member Name

         8          0          0          0          0         68   __main.o
       122          0          0          0          0        208   __printf.o
         0          0          0          0          0          0   __rtentry.o
        44          4          0          0          0          0   __rtentry2.o
         8          0          0          0          0          0   __rtentry4.o
        60          8          0          0          0          0   __scatter.o
        40          0          0          0          0          0   __scatter_copy.o
        44          0          0          0          0          0   __scatter_zi.o
        48          4          0          0          0         96   _printf_char_common.o
         4          0          0          0          0          0   _printf_percent.o
         8          0          0          0          0          0   _printf_percent_end.o
        10          0          0          0          0         60   _sputc.o
        20          0          0          0          0         80   exit.o
         6          0          0          0          0        136   heapauxi.o
         0          0          0          0          0          0   indicate_semi.o
        10          0          0          0          0          0   libinit.o
        12          0          0          0          0          0   libinit2.o
        12          0          0          0          0          0   libshutdown.o
         6          0          0          0          0          0   libshutdown2.o
        12          4          0          0         96         68   libspace.o
        48          4          0          0          0         84   noretval__2sprintf.o
         8          0          0          0          0          0   rtexit.o
        12          0          0          0          0          0   rtexit2.o
        20          4          0          0          0         60   sys_exit.o
        96          0          0          0          0         80   sys_stackheap_outer.o
         4          0          0          0          0         68   use_no_semi.o

    ----------------------------------------------------------------------
       668         28          0          0        100       1008   Library Totals
         6          0          0          0          4          0   (incl. Padding)

    ----------------------------------------------------------------------

      Code (inc. data)   RO Data    RW Data    ZI Data      Debug   Library Name

       662         28          0          0         96       1008   c_t.l

    ----------------------------------------------------------------------
       668         28          0          0        100       1008   Library Totals

    ----------------------------------------------------------------------

==============================================================================


      Code (inc. data)   RO Data    RW Data    ZI Data      Debug   

      3604        388         96         28       1388      17320   Grand Totals
      3604        388         96         28       1388      17320   ELF Image Totals
      3604        388         96         28          0          0   ROM Totals

==============================================================================

    Total RO  Size (Code + RO Data)                 3700 (   3.61kB)
    Total RW  Size (RW Data + ZI Data)              1416 (   1.38kB)
    Total ROM Size (Code + RO Data + RW Data)       3728 (   3.64kB)

==============================================================================

