Component: ARM Compiler 5.06 update 1 (build 61) Tool: armlink [4d35a8]

==============================================================================

Section Cross References

    lpc2300.o(STACK) refers (Special) to heapauxi.o(.text) for __use_two_region_memory
    lpc2300.o(HEAP) refers (Special) to heapauxi.o(.text) for __use_two_region_memory
    lpc2300.o(RESET) refers (Special) to heapauxi.o(.text) for __use_two_region_memory
    lpc2300.o(RESET) refers to lpc2300.o(STACK) for Stack_Top
    lpc2300.o(RESET) refers to __main.o(!!!main) for __main
    lpc2300.o(.text) refers (Special) to heapauxi.o(.text) for __use_two_region_memory
    lpc2300.o(.text) refers to lpc2300.o(HEAP) for Heap_Mem
    lpc2300.o(.text) refers to lpc2300.o(STACK) for Stack_Mem
    mcb2300 evaluationboard.o(i.initEvaluationBoard) refers to lcd_4bit.o(i.lcd_init) for lcd_init
    lcd_4bit.o(i.lcd_clear) refers to lcd_4bit.o(i.lcd_write_cmd) for lcd_write_cmd
    lcd_4bit.o(i.lcd_clear) refers to lcd_4bit.o(i.set_cursor) for set_cursor
    lcd_4bit.o(i.lcd_init) refers to lcd_4bit.o(i.delay) for delay
    lcd_4bit.o(i.lcd_init) refers to lcd_4bit.o(i.lcd_write_4bit) for lcd_write_4bit
    lcd_4bit.o(i.lcd_init) refers to lcd_4bit.o(i.lcd_write_cmd) for lcd_write_cmd
    lcd_4bit.o(i.lcd_init) refers to lcd_4bit.o(i.lcd_putchar) for lcd_putchar
    lcd_4bit.o(i.lcd_init) refers to lcd_4bit.o(i.lcd_clear) for lcd_clear
    lcd_4bit.o(i.lcd_init) refers to lcd_4bit.o(.constdata) for UserFont
    lcd_4bit.o(i.lcd_print) refers to lcd_4bit.o(i.lcd_putchar) for lcd_putchar
    lcd_4bit.o(i.lcd_putchar) refers to lcd_4bit.o(i.wait_while_busy) for wait_while_busy
    lcd_4bit.o(i.lcd_putchar) refers to lcd_4bit.o(i.lcd_write_4bit) for lcd_write_4bit
    lcd_4bit.o(i.lcd_read_status) refers to lcd_4bit.o(i.delay) for delay
    lcd_4bit.o(i.lcd_write_4bit) refers to lcd_4bit.o(i.delay) for delay
    lcd_4bit.o(i.lcd_write_cmd) refers to lcd_4bit.o(i.wait_while_busy) for wait_while_busy
    lcd_4bit.o(i.lcd_write_cmd) refers to lcd_4bit.o(i.lcd_write_4bit) for lcd_write_4bit
    lcd_4bit.o(i.set_cursor) refers to lcd_4bit.o(i.lcd_write_cmd) for lcd_write_cmd
    lcd_4bit.o(i.wait_while_busy) refers to lcd_4bit.o(i.lcd_read_status) for lcd_read_status
    assignement2.o(i.main) refers to mcb2300 evaluationboard.o(i.initEvaluationBoard) for initEvaluationBoard
    assignement2.o(i.main) refers to timer0.o(i.init_T1) for init_T1
    eint0.o(i.initEINT0) refers to eint0.o(i.EINT0_ISR) for EINT0_ISR
    timer0.o(i.init_T1) refers to timer0.o(i.T1_ISR) for T1_ISR
    __main.o(!!!main) refers to __rtentry.o(.ARM.Collect$$rtentry$$00000000) for __rt_entry
    __rtentry.o(.ARM.Collect$$rtentry$$00000000) refers (Special) to __rtentry2.o(.ARM.Collect$$rtentry$$0000000A) for __rt_entry_li
    __rtentry.o(.ARM.Collect$$rtentry$$00000000) refers (Special) to __rtentry2.o(.ARM.Collect$$rtentry$$0000000D) for __rt_entry_main
    __rtentry.o(.ARM.Collect$$rtentry$$00000000) refers (Special) to __rtentry2.o(.ARM.Collect$$rtentry$$0000000C) for __rt_entry_postli_1
    __rtentry.o(.ARM.Collect$$rtentry$$00000000) refers (Special) to __rtentry2.o(.ARM.Collect$$rtentry$$00000009) for __rt_entry_postsh_1
    __rtentry.o(.ARM.Collect$$rtentry$$00000000) refers (Special) to __rtentry2.o(.ARM.Collect$$rtentry$$00000002) for __rt_entry_presh_1
    __rtentry.o(.ARM.Collect$$rtentry$$00000000) refers (Special) to __rtentry4.o(.ARM.Collect$$rtentry$$00000004) for __rt_entry_sh
    __rtentry2.o(.ARM.Collect$$rtentry$$00000008) refers to boardinit2.o(.text) for _platform_post_stackheap_init
    __rtentry2.o(.ARM.Collect$$rtentry$$0000000A) refers to libinit.o(.ARM.Collect$$libinit$$00000000) for __rt_lib_init
    __rtentry2.o(.ARM.Collect$$rtentry$$0000000B) refers to boardinit3.o(.text) for _platform_post_lib_init
    __rtentry2.o(.ARM.Collect$$rtentry$$0000000D) refers to exit.o(.text) for exit
    __rtentry2.o(.ARM.Collect$$rtentry$$0000000D) refers to assignement2.o(i.main) for main
    __rtentry2.o(.ARM.exidx) refers to __rtentry2.o(.ARM.Collect$$rtentry$$00000001) for .ARM.Collect$$rtentry$$00000001
    __rtentry2.o(.ARM.exidx) refers to __rtentry2.o(.ARM.Collect$$rtentry$$00000008) for .ARM.Collect$$rtentry$$00000008
    __rtentry2.o(.ARM.exidx) refers to __rtentry2.o(.ARM.Collect$$rtentry$$0000000A) for .ARM.Collect$$rtentry$$0000000A
    __rtentry2.o(.ARM.exidx) refers to __rtentry2.o(.ARM.Collect$$rtentry$$0000000B) for .ARM.Collect$$rtentry$$0000000B
    __rtentry2.o(.ARM.exidx) refers to __rtentry2.o(.ARM.Collect$$rtentry$$0000000D) for .ARM.Collect$$rtentry$$0000000D
    __rtentry4.o(.ARM.Collect$$rtentry$$00000004) refers to sys_stackheap_outer.o(.text) for __user_setup_stackheap
    __rtentry4.o(.ARM.exidx) refers to __rtentry4.o(.ARM.Collect$$rtentry$$00000004) for .ARM.Collect$$rtentry$$00000004
    sys_stackheap_outer.o(.text) refers to libspace.o(.text) for __user_perproc_libspace
    sys_stackheap_outer.o(.text) refers to lpc2300.o(.text) for __user_initial_stackheap
    exit.o(.text) refers to rtexit.o(.ARM.Collect$$rtexit$$00000000) for __rt_exit
    libinit.o(.ARM.Collect$$libinit$$00000000) refers (Special) to libinit2.o(.ARM.Collect$$libinit$$0000002E) for __rt_lib_init_alloca_1
    libinit.o(.ARM.Collect$$libinit$$00000000) refers (Special) to libinit2.o(.ARM.Collect$$libinit$$0000002C) for __rt_lib_init_argv_1
    libinit.o(.ARM.Collect$$libinit$$00000000) refers (Special) to libinit2.o(.ARM.Collect$$libinit$$0000001B) for __rt_lib_init_atexit_1
    libinit.o(.ARM.Collect$$libinit$$00000000) refers (Special) to libinit2.o(.ARM.Collect$$libinit$$00000021) for __rt_lib_init_clock_1
    libinit.o(.ARM.Collect$$libinit$$00000000) refers (Special) to libinit2.o(.ARM.Collect$$libinit$$00000032) for __rt_lib_init_cpp_1
    libinit.o(.ARM.Collect$$libinit$$00000000) refers (Special) to libinit2.o(.ARM.Collect$$libinit$$00000030) for __rt_lib_init_exceptions_1
    libinit.o(.ARM.Collect$$libinit$$00000000) refers (Special) to libinit2.o(.ARM.Collect$$libinit$$00000002) for __rt_lib_init_fp_1
    libinit.o(.ARM.Collect$$libinit$$00000000) refers (Special) to libinit2.o(.ARM.Collect$$libinit$$0000001F) for __rt_lib_init_fp_trap_1
    libinit.o(.ARM.Collect$$libinit$$00000000) refers (Special) to libinit2.o(.ARM.Collect$$libinit$$00000023) for __rt_lib_init_getenv_1
    libinit.o(.ARM.Collect$$libinit$$00000000) refers (Special) to libinit2.o(.ARM.Collect$$libinit$$0000000A) for __rt_lib_init_heap_1
    libinit.o(.ARM.Collect$$libinit$$00000000) refers (Special) to libinit2.o(.ARM.Collect$$libinit$$00000011) for __rt_lib_init_lc_collate_1
    libinit.o(.ARM.Collect$$libinit$$00000000) refers (Special) to libinit2.o(.ARM.Collect$$libinit$$00000013) for __rt_lib_init_lc_ctype_1
    libinit.o(.ARM.Collect$$libinit$$00000000) refers (Special) to libinit2.o(.ARM.Collect$$libinit$$00000015) for __rt_lib_init_lc_monetary_1
    libinit.o(.ARM.Collect$$libinit$$00000000) refers (Special) to libinit2.o(.ARM.Collect$$libinit$$00000017) for __rt_lib_init_lc_numeric_1
    libinit.o(.ARM.Collect$$libinit$$00000000) refers (Special) to libinit2.o(.ARM.Collect$$libinit$$00000019) for __rt_lib_init_lc_time_1
    libinit.o(.ARM.Collect$$libinit$$00000000) refers (Special) to libinit2.o(.ARM.Collect$$libinit$$00000004) for __rt_lib_init_preinit_1
    libinit.o(.ARM.Collect$$libinit$$00000000) refers (Special) to libinit2.o(.ARM.Collect$$libinit$$0000000E) for __rt_lib_init_rand_1
    libinit.o(.ARM.Collect$$libinit$$00000000) refers (Special) to libinit2.o(.ARM.Collect$$libinit$$00000033) for __rt_lib_init_return
    libinit.o(.ARM.Collect$$libinit$$00000000) refers (Special) to libinit2.o(.ARM.Collect$$libinit$$0000001D) for __rt_lib_init_signal_1
    libinit.o(.ARM.Collect$$libinit$$00000000) refers (Special) to libinit2.o(.ARM.Collect$$libinit$$00000025) for __rt_lib_init_stdio_1
    libinit.o(.ARM.Collect$$libinit$$00000000) refers (Special) to libinit2.o(.ARM.Collect$$libinit$$0000000C) for __rt_lib_init_user_alloc_1
    libspace.o(.text) refers to libspace.o(.bss) for __libspace_start
    rtexit.o(.ARM.Collect$$rtexit$$00000000) refers (Special) to rtexit2.o(.ARM.Collect$$rtexit$$00000004) for __rt_exit_exit
    rtexit.o(.ARM.Collect$$rtexit$$00000000) refers (Special) to rtexit2.o(.ARM.Collect$$rtexit$$00000003) for __rt_exit_ls
    rtexit.o(.ARM.Collect$$rtexit$$00000000) refers (Special) to rtexit2.o(.ARM.Collect$$rtexit$$00000002) for __rt_exit_prels_1
    rtexit.o(.ARM.exidx) refers (Special) to rtexit2.o(.ARM.Collect$$rtexit$$00000004) for __rt_exit_exit
    rtexit.o(.ARM.exidx) refers (Special) to rtexit2.o(.ARM.Collect$$rtexit$$00000003) for __rt_exit_ls
    rtexit.o(.ARM.exidx) refers (Special) to rtexit2.o(.ARM.Collect$$rtexit$$00000002) for __rt_exit_prels_1
    rtexit.o(.ARM.exidx) refers to rtexit.o(.ARM.Collect$$rtexit$$00000000) for .ARM.Collect$$rtexit$$00000000
    libinit2.o(.ARM.Collect$$libinit$$00000001) refers to fpinit.o(x$fpl$fpinit) for _fp_init
    libinit2.o(.ARM.Collect$$libinit$$00000010) refers to libinit2.o(.ARM.Collect$$libinit$$0000000F) for .ARM.Collect$$libinit$$0000000F
    libinit2.o(.ARM.Collect$$libinit$$00000012) refers to libinit2.o(.ARM.Collect$$libinit$$0000000F) for .ARM.Collect$$libinit$$0000000F
    libinit2.o(.ARM.Collect$$libinit$$00000014) refers to libinit2.o(.ARM.Collect$$libinit$$0000000F) for .ARM.Collect$$libinit$$0000000F
    libinit2.o(.ARM.Collect$$libinit$$00000016) refers to libinit2.o(.ARM.Collect$$libinit$$0000000F) for .ARM.Collect$$libinit$$0000000F
    libinit2.o(.ARM.Collect$$libinit$$00000018) refers to libinit2.o(.ARM.Collect$$libinit$$0000000F) for .ARM.Collect$$libinit$$0000000F
    libinit2.o(.ARM.Collect$$libinit$$00000026) refers to argv_veneer.o(.emb_text) for __ARM_argv_veneer
    libinit2.o(.ARM.Collect$$libinit$$00000027) refers to argv_veneer.o(.emb_text) for __ARM_argv_veneer
    rtexit2.o(.ARM.Collect$$rtexit$$00000003) refers to libshutdown.o(.ARM.Collect$$libshutdown$$00000000) for __rt_lib_shutdown
    rtexit2.o(.ARM.Collect$$rtexit$$00000004) refers to sys_exit.o(.text) for _sys_exit
    rtexit2.o(.ARM.exidx) refers to rtexit2.o(.ARM.Collect$$rtexit$$00000001) for .ARM.Collect$$rtexit$$00000001
    rtexit2.o(.ARM.exidx) refers to rtexit2.o(.ARM.Collect$$rtexit$$00000003) for .ARM.Collect$$rtexit$$00000003
    rtexit2.o(.ARM.exidx) refers to rtexit2.o(.ARM.Collect$$rtexit$$00000004) for .ARM.Collect$$rtexit$$00000004
    argv_veneer.o(.emb_text) refers to no_argv.o(.text) for __ARM_get_argv
    sys_exit.o(.text) refers (Special) to use_no_semi.o(.text) for __I$use$semihosting
    sys_exit.o(.text) refers (Special) to indicate_semi.o(.text) for __semihosting_library_function
    _get_argv_nomalloc.o(.text) refers (Special) to hrguard.o(.text) for __heap_region$guard
    _get_argv_nomalloc.o(.text) refers to defsig_rtmem_outer.o(.text) for __rt_SIGRTMEM
    _get_argv_nomalloc.o(.text) refers to sys_command.o(.text) for _sys_command_string
    libshutdown.o(.ARM.Collect$$libshutdown$$00000000) refers (Special) to libshutdown2.o(.ARM.Collect$$libshutdown$$00000002) for __rt_lib_shutdown_cpp_1
    libshutdown.o(.ARM.Collect$$libshutdown$$00000000) refers (Special) to libshutdown2.o(.ARM.Collect$$libshutdown$$00000007) for __rt_lib_shutdown_fp_trap_1
    libshutdown.o(.ARM.Collect$$libshutdown$$00000000) refers (Special) to libshutdown2.o(.ARM.Collect$$libshutdown$$0000000F) for __rt_lib_shutdown_heap_1
    libshutdown.o(.ARM.Collect$$libshutdown$$00000000) refers (Special) to libshutdown2.o(.ARM.Collect$$libshutdown$$00000010) for __rt_lib_shutdown_return
    libshutdown.o(.ARM.Collect$$libshutdown$$00000000) refers (Special) to libshutdown2.o(.ARM.Collect$$libshutdown$$0000000A) for __rt_lib_shutdown_signal_1
    libshutdown.o(.ARM.Collect$$libshutdown$$00000000) refers (Special) to libshutdown2.o(.ARM.Collect$$libshutdown$$00000004) for __rt_lib_shutdown_stdio_1
    libshutdown.o(.ARM.Collect$$libshutdown$$00000000) refers (Special) to libshutdown2.o(.ARM.Collect$$libshutdown$$0000000C) for __rt_lib_shutdown_user_alloc_1
    sys_command.o(.text) refers (Special) to use_no_semi.o(.text) for __I$use$semihosting
    sys_command.o(.text) refers (Special) to indicate_semi.o(.text) for __semihosting_library_function
    defsig_rtmem_outer.o(.text) refers to defsig_rtmem_inner.o(.text) for __rt_SIGRTMEM_inner
    defsig_rtmem_outer.o(.text) refers to defsig_exit.o(.text) for __sig_exit
    defsig_rtmem_formal.o(.text) refers to rt_raise.o(.text) for __rt_raise
    rt_raise.o(.text) refers to __raise.o(.text) for __raise
    rt_raise.o(.text) refers to sys_exit.o(.text) for _sys_exit
    defsig_exit.o(.text) refers to sys_exit.o(.text) for _sys_exit
    defsig_rtmem_inner.o(.text) refers to defsig_general.o(.text) for __default_signal_display
    __raise.o(.text) refers to __raise.o(i.__ARM_common_call_via_r2) for __ARM_common_call_via_r2
    __raise.o(.text) refers to defsig.o(CL$$defsig) for __default_signal_handler
    defsig_general.o(.text) refers to sys_wrch.o(.text) for _ttywrch
    sys_wrch.o(.text) refers (Special) to use_no_semi.o(.text) for __I$use$semihosting
    sys_wrch.o(.text) refers (Special) to indicate_semi.o(.text) for __semihosting_library_function
    defsig.o(CL$$defsig) refers to defsig_rtmem_inner.o(.text) for __rt_SIGRTMEM_inner
    defsig_abrt_inner.o(.text) refers to defsig_general.o(.text) for __default_signal_display
    defsig_fpe_inner.o(.text) refers to defsig_general.o(.text) for __default_signal_display
    defsig_rtred_inner.o(.text) refers to defsig_general.o(.text) for __default_signal_display
    defsig_stak_inner.o(.text) refers to defsig_general.o(.text) for __default_signal_display
    defsig_pvfn_inner.o(.text) refers to defsig_general.o(.text) for __default_signal_display
    defsig_cppl_inner.o(.text) refers to defsig_general.o(.text) for __default_signal_display
    defsig_segv_inner.o(.text) refers to defsig_general.o(.text) for __default_signal_display
    defsig_other.o(.text) refers to defsig_general.o(.text) for __default_signal_display


==============================================================================

Removing Unused input sections from the image.

    Removing lcd_4bit.o(i.lcd_print), (40 bytes).
    Removing assignement2.o(i.printLap), (4 bytes).
    Removing assignement2.o(i.resetState), (4 bytes).
    Removing assignement2.o(i.runningState), (4 bytes).
    Removing assignement2.o(i.stopState), (4 bytes).
    Removing eint0.o(i.EINT0_ISR), (44 bytes).
    Removing eint0.o(i.initEINT0), (96 bytes).

7 unused section(s) (total 196 bytes) removed from the image.

==============================================================================

Memory Map of the image

  Image Entry point : 0x00000000

  Load Region LR_IROM1 (Base: 0x00000000, Size: 0x000007a8, Max: 0x00080000, ABSOLUTE)

    Execution Region ER_IROM1 (Base: 0x00000000, Size: 0x000007a8, Max: 0x00080000, ABSOLUTE)

    Base Addr    Size         Type   Attr      Idx    E Section Name        Object

    0x00000000   0x00000234   Code   RO            3    RESET               lpc2300.o
    0x00000234   0x00000008   Code   RO          181  * !!!main             c_t.l(__main.o)
    0x0000023c   0x00000002   Code   RO          208    .ARM.Collect$$libinit$$00000000  c_t.l(libinit.o)
    0x0000023e   0x00000000   Code   RO          215    .ARM.Collect$$libinit$$00000002  c_t.l(libinit2.o)
    0x0000023e   0x00000000   Code   RO          217    .ARM.Collect$$libinit$$00000004  c_t.l(libinit2.o)
    0x0000023e   0x00000000   Code   RO          220    .ARM.Collect$$libinit$$0000000A  c_t.l(libinit2.o)
    0x0000023e   0x00000000   Code   RO          222    .ARM.Collect$$libinit$$0000000C  c_t.l(libinit2.o)
    0x0000023e   0x00000000   Code   RO          224    .ARM.Collect$$libinit$$0000000E  c_t.l(libinit2.o)
    0x0000023e   0x00000000   Code   RO          227    .ARM.Collect$$libinit$$00000011  c_t.l(libinit2.o)
    0x0000023e   0x00000000   Code   RO          229    .ARM.Collect$$libinit$$00000013  c_t.l(libinit2.o)
    0x0000023e   0x00000000   Code   RO          231    .ARM.Collect$$libinit$$00000015  c_t.l(libinit2.o)
    0x0000023e   0x00000000   Code   RO          233    .ARM.Collect$$libinit$$00000017  c_t.l(libinit2.o)
    0x0000023e   0x00000000   Code   RO          235    .ARM.Collect$$libinit$$00000019  c_t.l(libinit2.o)
    0x0000023e   0x00000000   Code   RO          237    .ARM.Collect$$libinit$$0000001B  c_t.l(libinit2.o)
    0x0000023e   0x00000000   Code   RO          239    .ARM.Collect$$libinit$$0000001D  c_t.l(libinit2.o)
    0x0000023e   0x00000000   Code   RO          241    .ARM.Collect$$libinit$$0000001F  c_t.l(libinit2.o)
    0x0000023e   0x00000000   Code   RO          243    .ARM.Collect$$libinit$$00000021  c_t.l(libinit2.o)
    0x0000023e   0x00000000   Code   RO          245    .ARM.Collect$$libinit$$00000023  c_t.l(libinit2.o)
    0x0000023e   0x00000000   Code   RO          247    .ARM.Collect$$libinit$$00000025  c_t.l(libinit2.o)
    0x0000023e   0x00000000   Code   RO          251    .ARM.Collect$$libinit$$0000002C  c_t.l(libinit2.o)
    0x0000023e   0x00000000   Code   RO          253    .ARM.Collect$$libinit$$0000002E  c_t.l(libinit2.o)
    0x0000023e   0x00000000   Code   RO          255    .ARM.Collect$$libinit$$00000030  c_t.l(libinit2.o)
    0x0000023e   0x00000000   Code   RO          257    .ARM.Collect$$libinit$$00000032  c_t.l(libinit2.o)
    0x0000023e   0x0000000c   Code   RO          258    .ARM.Collect$$libinit$$00000033  c_t.l(libinit2.o)
    0x0000024a   0x00000004   Code   RO          278    .ARM.Collect$$libshutdown$$00000000  c_t.l(libshutdown.o)
    0x0000024e   0x00000000   Code   RO          291    .ARM.Collect$$libshutdown$$00000002  c_t.l(libshutdown2.o)
    0x0000024e   0x00000000   Code   RO          293    .ARM.Collect$$libshutdown$$00000004  c_t.l(libshutdown2.o)
    0x0000024e   0x00000000   Code   RO          296    .ARM.Collect$$libshutdown$$00000007  c_t.l(libshutdown2.o)
    0x0000024e   0x00000000   Code   RO          299    .ARM.Collect$$libshutdown$$0000000A  c_t.l(libshutdown2.o)
    0x0000024e   0x00000000   Code   RO          301    .ARM.Collect$$libshutdown$$0000000C  c_t.l(libshutdown2.o)
    0x0000024e   0x00000000   Code   RO          304    .ARM.Collect$$libshutdown$$0000000F  c_t.l(libshutdown2.o)
    0x0000024e   0x00000006   Code   RO          305    .ARM.Collect$$libshutdown$$00000010  c_t.l(libshutdown2.o)
    0x00000254   0x00000000   Code   RO          183    .ARM.Collect$$rtentry$$00000000  c_t.l(__rtentry.o)
    0x00000254   0x00000000   Code   RO          185    .ARM.Collect$$rtentry$$00000002  c_t.l(__rtentry2.o)
    0x00000254   0x00000008   Code   RO          197    .ARM.Collect$$rtentry$$00000004  c_t.l(__rtentry4.o)
    0x0000025c   0x00000000   Code   RO          187    .ARM.Collect$$rtentry$$00000009  c_t.l(__rtentry2.o)
    0x0000025c   0x00000004   Code   RO          188    .ARM.Collect$$rtentry$$0000000A  c_t.l(__rtentry2.o)
    0x00000260   0x00000000   Code   RO          190    .ARM.Collect$$rtentry$$0000000C  c_t.l(__rtentry2.o)
    0x00000260   0x00000028   Code   RO          191    .ARM.Collect$$rtentry$$0000000D  c_t.l(__rtentry2.o)
    0x00000288   0x00000004   Code   RO          212    .ARM.Collect$$rtexit$$00000000  c_t.l(rtexit.o)
    0x0000028c   0x00000000   Code   RO          260    .ARM.Collect$$rtexit$$00000002  c_t.l(rtexit2.o)
    0x0000028c   0x00000004   Code   RO          261    .ARM.Collect$$rtexit$$00000003  c_t.l(rtexit2.o)
    0x00000290   0x00000008   Code   RO          262    .ARM.Collect$$rtexit$$00000004  c_t.l(rtexit2.o)
    0x00000298   0x00000020   Code   RO            4    .text               lpc2300.o
    0x000002b8   0x00000006   Code   RO          179    .text               c_t.l(heapauxi.o)
    0x000002be   0x00000002   PAD
    0x000002c0   0x00000060   Code   RO          199    .text               c_t.l(sys_stackheap_outer.o)
    0x00000320   0x00000014   Code   RO          201    .text               c_t.l(exit.o)
    0x00000334   0x0000000c   Code   RO          209    .text               c_t.l(libspace.o)
    0x00000340   0x0000000c   Code   RO          270    .text               c_t.l(sys_exit.o)
    0x0000034c   0x00000004   Code   RO          281    .text               c_t.l(use_no_semi.o)
    0x00000350   0x00000000   Code   RO          283    .text               c_t.l(indicate_semi.o)
    0x00000350   0x0000003c   Code   RO          158    i.T1_ISR            timer0.o
    0x0000038c   0x00000018   Code   RO           30    i.delay             lcd_4bit.o
    0x000003a4   0x0000005c   Code   RO           11    i.initEvaluationBoard  mcb2300 evaluationboard.o
    0x00000400   0x00000048   Code   RO          159    i.init_T1           timer0.o
    0x00000448   0x00000020   Code   RO           31    i.lcd_clear         lcd_4bit.o
    0x00000468   0x000000dc   Code   RO           32    i.lcd_init          lcd_4bit.o
    0x00000544   0x00000034   Code   RO           34    i.lcd_putchar       lcd_4bit.o
    0x00000578   0x000000c0   Code   RO           35    i.lcd_read_status   lcd_4bit.o
    0x00000638   0x00000058   Code   RO           36    i.lcd_write_4bit    lcd_4bit.o
    0x00000690   0x00000034   Code   RO           37    i.lcd_write_cmd     lcd_4bit.o
    0x000006c4   0x00000050   Code   RO           96    i.main              assignement2.o
    0x00000714   0x00000034   Code   RO           38    i.set_cursor        lcd_4bit.o
    0x00000748   0x00000020   Code   RO           39    i.wait_while_busy   lcd_4bit.o
    0x00000768   0x00000040   Data   RO           40    .constdata          lcd_4bit.o
    0x000007a8   0x00000000   Data   RO          338    Region$$Table       anon$$obj.o


    Execution Region RW_IRAM1 (Base: 0x40000000, Size: 0x00000568, Max: 0x00008000, ABSOLUTE)

    Base Addr    Size         Type   Attr      Idx    E Section Name        Object

    0x40000000   0x00000060   Zero   RW          210    .bss                c_t.l(libspace.o)
    0x40000060   0x00000000   Zero   RW            2    HEAP                lpc2300.o
    0x40000060   0x00000508   Zero   RW            1    STACK               lpc2300.o

