Component: ARM Compiler 5.06 update 1 (build 61) Tool: armlink [4d35a8]

==============================================================================

Section Cross References

    lpc2300.o(STACK) refers (Special) to heapauxi.o(.text) for __use_two_region_memory
    lpc2300.o(HEAP) refers (Special) to heapauxi.o(.text) for __use_two_region_memory
    lpc2300.o(RESET) refers (Special) to heapauxi.o(.text) for __use_two_region_memory
    lpc2300.o(RESET) refers to lpc2300.o(STACK) for Stack_Top
    lpc2300.o(RESET) refers to __main.o(!!!main) for __main
    lpc2300.o(.text) refers (Special) to heapauxi.o(.text) for __use_two_region_memory
    lpc2300.o(.text) refers to lpc2300.o(HEAP) for Heap_Mem
    lpc2300.o(.text) refers to lpc2300.o(STACK) for Stack_Mem
    mcb2300 evaluationboard.o(i.initEvaluationBoard) refers to lcd_4bit.o(i.lcd_init) for lcd_init
    lcd_4bit.o(i.lcd_clear) refers to lcd_4bit.o(i.lcd_write_cmd) for lcd_write_cmd
    lcd_4bit.o(i.lcd_clear) refers to lcd_4bit.o(i.set_cursor) for set_cursor
    lcd_4bit.o(i.lcd_init) refers to lcd_4bit.o(i.delay) for delay
    lcd_4bit.o(i.lcd_init) refers to lcd_4bit.o(i.lcd_write_4bit) for lcd_write_4bit
    lcd_4bit.o(i.lcd_init) refers to lcd_4bit.o(i.lcd_write_cmd) for lcd_write_cmd
    lcd_4bit.o(i.lcd_init) refers to lcd_4bit.o(i.lcd_putchar) for lcd_putchar
    lcd_4bit.o(i.lcd_init) refers to lcd_4bit.o(i.lcd_clear) for lcd_clear
    lcd_4bit.o(i.lcd_init) refers to lcd_4bit.o(.constdata) for UserFont
    lcd_4bit.o(i.lcd_print) refers to lcd_4bit.o(i.lcd_putchar) for lcd_putchar
    lcd_4bit.o(i.lcd_putchar) refers to lcd_4bit.o(i.wait_while_busy) for wait_while_busy
    lcd_4bit.o(i.lcd_putchar) refers to lcd_4bit.o(i.lcd_write_4bit) for lcd_write_4bit
    lcd_4bit.o(i.lcd_read_status) refers to lcd_4bit.o(i.delay) for delay
    lcd_4bit.o(i.lcd_write_4bit) refers to lcd_4bit.o(i.delay) for delay
    lcd_4bit.o(i.lcd_write_cmd) refers to lcd_4bit.o(i.wait_while_busy) for wait_while_busy
    lcd_4bit.o(i.lcd_write_cmd) refers to lcd_4bit.o(i.lcd_write_4bit) for lcd_write_4bit
    lcd_4bit.o(i.set_cursor) refers to lcd_4bit.o(i.lcd_write_cmd) for lcd_write_cmd
    lcd_4bit.o(i.wait_while_busy) refers to lcd_4bit.o(i.lcd_read_status) for lcd_read_status
    assignement2.o(i.main) refers to mcb2300 evaluationboard.o(i.initEvaluationBoard) for initEvaluationBoard
    assignement2.o(i.main) refers to eint0.o(i.initEINT0) for initEINT0
    assignement2.o(i.main) refers to timer0.o(i.init_T0) for init_T0
    assignement2.o(i.main) refers to lm95071.o(i.init_SPI) for init_SPI
    assignement2.o(i.main) refers to assignement2.o(i.updateTemperature) for updateTemperature
    assignement2.o(i.main) refers to assignement2.o(i.showTemperature) for showTemperature
    assignement2.o(i.main) refers to assignement2.o(i.sendValueUSB) for sendValueUSB
    assignement2.o(i.main) refers to assignement2.o(.data) for update
    assignement2.o(i.printLCDText) refers to _printf_percent.o(.ARM.Collect$$_printf_percent$$00000000) for _printf_percent
    assignement2.o(i.printLCDText) refers to noretval__2sprintf.o(.text) for __2sprintf
    assignement2.o(i.printLCDText) refers to lcd_4bit.o(i.set_cursor) for set_cursor
    assignement2.o(i.printLCDText) refers to lcd_4bit.o(i.lcd_print) for lcd_print
    assignement2.o(i.sendValueUSB) refers to _printf_pad.o(.text) for _printf_pre_padding
    assignement2.o(i.sendValueUSB) refers to _printf_percent.o(.ARM.Collect$$_printf_percent$$00000000) for _printf_percent
    assignement2.o(i.sendValueUSB) refers to _printf_f.o(.ARM.Collect$$_printf_percent$$00000003) for _printf_f
    assignement2.o(i.sendValueUSB) refers to printf1.o(x$fpl$printf1) for _printf_fp_dec
    assignement2.o(i.sendValueUSB) refers to dflt_noclz.o(x$fpl$dfltu) for __aeabi_ui2d
    assignement2.o(i.sendValueUSB) refers to dmul.o(x$fpl$dmul) for __aeabi_dmul
    assignement2.o(i.sendValueUSB) refers to d2f.o(x$fpl$d2f) for __aeabi_d2f
    assignement2.o(i.sendValueUSB) refers to f2d.o(x$fpl$f2d) for __aeabi_f2d
    assignement2.o(i.sendValueUSB) refers to noretval__2sprintf.o(.text) for __2sprintf
    assignement2.o(i.showTemperature) refers to _printf_percent.o(.ARM.Collect$$_printf_percent$$00000000) for _printf_percent
    assignement2.o(i.showTemperature) refers to _printf_f.o(.ARM.Collect$$_printf_percent$$00000003) for _printf_f
    assignement2.o(i.showTemperature) refers to printf1.o(x$fpl$printf1) for _printf_fp_dec
    assignement2.o(i.showTemperature) refers to _printf_d.o(.ARM.Collect$$_printf_percent$$00000009) for _printf_d
    assignement2.o(i.showTemperature) refers to _printf_dec.o(.text) for _printf_int_dec
    assignement2.o(i.showTemperature) refers to dflt_noclz.o(x$fpl$dfltu) for __aeabi_ui2d
    assignement2.o(i.showTemperature) refers to dmul.o(x$fpl$dmul) for __aeabi_dmul
    assignement2.o(i.showTemperature) refers to d2f.o(x$fpl$d2f) for __aeabi_d2f
[...]
    __printf_flags_ss.o(.text) refers to __printf_flags_ss.o(.constdata) for .constdata
    __printf_wp.o(.text) refers to __printf.o(i.__ARM_common_call_via_r1) for __ARM_common_call_via_r1
    __printf_wp.o(.text) refers to __printf_wp.o(i._is_digit) for _is_digit
    __printf_wp.o(.text) refers to _printf_percent.o(.ARM.Collect$$_printf_percent$$00000000) for _printf_percent
    __printf_wp.o(.text) refers to __printf.o(i.__ARM_common_call_via_r2) for __ARM_common_call_via_r2
    __printf_flags_wp.o(.text) refers to __printf.o(i.__ARM_common_call_via_r1) for __ARM_common_call_via_r1
    __printf_flags_wp.o(.text) refers to __printf_wp.o(i._is_digit) for _is_digit
    __printf_flags_wp.o(.text) refers to _printf_percent.o(.ARM.Collect$$_printf_percent$$00000000) for _printf_percent
    __printf_flags_wp.o(.text) refers to __printf.o(i.__ARM_common_call_via_r2) for __ARM_common_call_via_r2
    __printf_flags_wp.o(.text) refers to __printf_flags_wp.o(.constdata) for .constdata
    __printf_ss_wp.o(.text) refers to __printf.o(i.__ARM_common_call_via_r1) for __ARM_common_call_via_r1
    __printf_ss_wp.o(.text) refers to __printf_wp.o(i._is_digit) for _is_digit
    __printf_ss_wp.o(.text) refers to _printf_percent.o(.ARM.Collect$$_printf_percent$$00000000) for _printf_percent
    __printf_ss_wp.o(.text) refers to __printf.o(i.__ARM_common_call_via_r2) for __ARM_common_call_via_r2
    __printf_flags_ss_wp.o(.text) refers to __printf.o(i.__ARM_common_call_via_r1) for __ARM_common_call_via_r1
    __printf_flags_ss_wp.o(.text) refers to __printf_wp.o(i._is_digit) for _is_digit
    __printf_flags_ss_wp.o(.text) refers to _printf_percent.o(.ARM.Collect$$_printf_percent$$00000000) for _printf_percent
    __printf_flags_ss_wp.o(.text) refers to __printf.o(i.__ARM_common_call_via_r2) for __ARM_common_call_via_r2
    __printf_flags_ss_wp.o(.text) refers to __printf_flags_ss_wp.o(.constdata) for .constdata
    _printf_d.o(.ARM.Collect$$_printf_percent$$00000009) refers (Weak) to _printf_dec.o(.text) for _printf_int_dec
    _printf_f.o(.ARM.Collect$$_printf_percent$$00000003) refers (Weak) to printf1.o(x$fpl$printf1) for _printf_fp_dec
    _printf_percent.o(.ARM.Collect$$_printf_percent$$00000000) refers (Special) to _printf_percent_end.o(.ARM.Collect$$_printf_percent$$00000017) for _printf_percent_end
    __main.o(!!!main) refers to __rtentry.o(.ARM.Collect$$rtentry$$00000000) for __rt_entry
    d2f.o(x$fpl$d2f) refers (Special) to usenofp.o(x$fpl$usenofp) for __I$use$fp
    d2f.o(x$fpl$d2f) refers to fretinf.o(x$fpl$fretinf) for __fpl_fretinf
    d2f.o(x$fpl$d2f) refers to dnaninf.o(x$fpl$dnaninf) for __fpl_dnaninf
    dflt_noclz.o(x$fpl$dfltu) refers (Special) to usenofp.o(x$fpl$usenofp) for __I$use$fp
    dflt_noclz.o(x$fpl$dfltu) refers to dflt_noclz.o(x$fpl$dflt) for __dflt_normalise
    dflt_noclz.o(x$fpl$dflt) refers (Special) to usenofp.o(x$fpl$usenofp) for __I$use$fp
    dmul.o(x$fpl$dmul) refers (Special) to usenofp.o(x$fpl$usenofp) for __I$use$fp
    dmul.o(x$fpl$dmul) refers to dretinf.o(x$fpl$dretinf) for __fpl_dretinf
    dmul.o(x$fpl$dmul) refers to dnaninf.o(x$fpl$dnaninf) for __fpl_dnaninf
    f2d.o(x$fpl$f2d) refers (Special) to usenofp.o(x$fpl$usenofp) for __I$use$fp
    f2d.o(x$fpl$f2d) refers to fnaninf.o(x$fpl$fnaninf) for __fpl_fnaninf
    f2d.o(x$fpl$f2d) refers to dretinf.o(x$fpl$dretinf) for __fpl_dretinf
    printf1.o(x$fpl$printf1) refers to _printf_fp_dec.o(.text) for _printf_fp_dec_real
    __rtentry.o(.ARM.Collect$$rtentry$$00000000) refers (Special) to __rtentry2.o(.ARM.Collect$$rtentry$$0000000A) for __rt_entry_li
    __rtentry.o(.ARM.Collect$$rtentry$$00000000) refers (Special) to __rtentry2.o(.ARM.Collect$$rtentry$$0000000D) for __rt_entry_main
    __rtentry.o(.ARM.Collect$$rtentry$$00000000) refers (Special) to __rtentry2.o(.ARM.Collect$$rtentry$$0000000C) for __rt_entry_postli_1
    __rtentry.o(.ARM.Collect$$rtentry$$00000000) refers (Special) to __rtentry2.o(.ARM.Collect$$rtentry$$00000009) for __rt_entry_postsh_1
    __rtentry.o(.ARM.Collect$$rtentry$$00000000) refers (Special) to __rtentry2.o(.ARM.Collect$$rtentry$$00000002) for __rt_entry_presh_1
    __rtentry.o(.ARM.Collect$$rtentry$$00000000) refers (Special) to __rtentry4.o(.ARM.Collect$$rtentry$$00000004) for __rt_entry_sh
    _printf_intcommon.o(.text) refers (Weak) to _printf_pad.o(.text) for _printf_pre_padding
    _printf_intcommon.o(.text) refers to __printf.o(i.__ARM_common_call_via_r2) for __ARM_common_call_via_r2
    _printf_intcommon.o(.text) refers (Weak) to _printf_pad.o(.text) for _printf_pre_padding
    _printf_intcommon.o(.text) refers (Weak) to _printf_pad.o(.text) for _printf_post_padding
    _printf_fp_dec.o(.text) refers (Special) to usenofp.o(x$fpl$usenofp) for __I$use$fp
    _printf_fp_dec.o(.text) refers (Special) to lc_numeric_c.o(locale$$code) for _get_lc_numeric
    _printf_fp_dec.o(.text) refers to istatus.o(x$fpl$ieeestatus) for __ieee_status
    _printf_fp_dec.o(.text) refers to bigflt0.o(.text) for _btod_etento
    _printf_fp_dec.o(.text) refers to btod.o(CL$$btod_d2e) for _btod_d2e
    _printf_fp_dec.o(.text) refers to btod.o(CL$$btod_ediv) for _btod_ediv
    _printf_fp_dec.o(.text) refers to btod.o(CL$$btod_emul) for _btod_emul
    _printf_fp_dec.o(.text) refers to lludiv10.o(.text) for _ll_udiv10
    _printf_fp_dec.o(.text) refers to fpclassify.o(i.__ARM_fpclassify) for __ARM_fpclassify
    _printf_fp_dec.o(.text) refers to _printf_fp_infnan.o(.text) for _printf_fp_infnan
    _printf_fp_dec.o(.text) refers to rtudiv10.o(.text) for __rt_udiv10
    _printf_fp_dec.o(.text) refers (Weak) to _printf_pad.o(.text) for _printf_pre_padding
    _printf_fp_dec.o(.text) refers to __printf.o(i.__ARM_common_call_via_r2) for __ARM_common_call_via_r2
    _printf_fp_dec.o(.text) refers (Weak) to _printf_pad.o(.text) for _printf_pre_padding
    _printf_fp_dec.o(.text) refers to rt_locale_intlibspace.o(.text) for __rt_locale
    _printf_fp_dec.o(.text) refers (Weak) to _printf_pad.o(.text) for _printf_post_padding
    _printf_char_common.o(.text) refers to __printf_flags_wp.o(.text) for __printf
    dnaninf.o(x$fpl$dnaninf) refers (Special) to usenofp.o(x$fpl$usenofp) for __I$use$fp
    dretinf.o(x$fpl$dretinf) refers (Special) to usenofp.o(x$fpl$usenofp) for __I$use$fp
    fnaninf.o(x$fpl$fnaninf) refers (Special) to usenofp.o(x$fpl$usenofp) for __I$use$fp
    fretinf.o(x$fpl$fretinf) refers (Special) to usenofp.o(x$fpl$usenofp) for __I$use$fp
    __rtentry2.o(.ARM.Collect$$rtentry$$00000008) refers to boardinit2.o(.text) for _platform_post_stackheap_init
    __rtentry2.o(.ARM.Collect$$rtentry$$0000000A) refers to libinit.o(.ARM.Collect$$libinit$$00000000) for __rt_lib_init
    __rtentry2.o(.ARM.Collect$$rtentry$$0000000B) refers to boardinit3.o(.text) for _platform_post_lib_init
    __rtentry2.o(.ARM.Collect$$rtentry$$0000000D) refers to exit.o(.text) for exit
    __rtentry2.o(.ARM.Collect$$rtentry$$0000000D) refers to assignement2.o(i.main) for main
    __rtentry2.o(.ARM.exidx) refers to __rtentry2.o(.ARM.Collect$$rtentry$$00000001) for .ARM.Collect$$rtentry$$00000001
    __rtentry2.o(.ARM.exidx) refers to __rtentry2.o(.ARM.Collect$$rtentry$$00000008) for .ARM.Collect$$rtentry$$00000008
    __rtentry2.o(.ARM.exidx) refers to __rtentry2.o(.ARM.Collect$$rtentry$$0000000A) for .ARM.Collect$$rtentry$$0000000A
    __rtentry2.o(.ARM.exidx) refers to __rtentry2.o(.ARM.Collect$$rtentry$$0000000B) for .ARM.Collect$$rtentry$$0000000B
    __rtentry2.o(.ARM.exidx) refers to __rtentry2.o(.ARM.Collect$$rtentry$$0000000D) for .ARM.Collect$$rtentry$$0000000D
    __rtentry4.o(.ARM.Collect$$rtentry$$00000004) refers to sys_stackheap_outer.o(.text) for __user_setup_stackheap
    __rtentry4.o(.ARM.exidx) refers to __rtentry4.o(.ARM.Collect$$rtentry$$00000004) for .ARM.Collect$$rtentry$$00000004
    rt_locale.o(.text) refers to rt_locale.o(.bss) for __rt_locale_data
    rt_locale_intlibspace.o(.text) refers to libspace.o(.bss) for __libspace_start
    _printf_fp_infnan.o(.text) refers (Weak) to _printf_pad.o(.text) for _printf_pre_padding
    _printf_fp_infnan.o(.text) refers to __printf.o(i.__ARM_common_call_via_r2) for __ARM_common_call_via_r2
    _printf_fp_infnan.o(.text) refers (Weak) to _printf_pad.o(.text) for _printf_post_padding
    __printf_nopercent.o(.text) refers to __printf_nopercent.o(i.__ARM_common_call_via_r7) for __ARM_common_call_via_r7
    __printf_nopercent.o(.text) refers to __printf_nopercent.o(i.__ARM_common_call_via_r5) for __ARM_common_call_via_r5
    bigflt0.o(.text) refers (Special) to usenofp.o(x$fpl$usenofp) for __I$use$fp
    bigflt0.o(.text) refers to aeabi_sdiv.o(.text) for __aeabi_idivmod
    bigflt0.o(.text) refers to btod.o(CL$$btod_emul) for _btod_emul
    bigflt0.o(.text) refers to btod.o(CL$$btod_ediv) for _btod_ediv
    bigflt0.o(.text) refers to bigflt0.o(.constdata) for .constdata
    bigflt0.o(.constdata) refers (Special) to usenofp.o(x$fpl$usenofp) for __I$use$fp
    btod.o(CL$$btod_d2e) refers (Special) to usenofp.o(x$fpl$usenofp) for __I$use$fp
    btod.o(CL$$btod_d2e) refers to btod.o(CL$$btod_d2e_norm_op1) for _d2e_norm_op1
    btod.o(CL$$btod_d2e_norm_op1) refers (Special) to usenofp.o(x$fpl$usenofp) for __I$use$fp
    btod.o(CL$$btod_d2e_norm_op1) refers to btod.o(CL$$btod_d2e_denorm_low) for _d2e_denorm_low
    btod.o(CL$$btod_d2e_denorm_low) refers (Special) to usenofp.o(x$fpl$usenofp) for __I$use$fp
    btod.o(CL$$btod_emul) refers (Special) to usenofp.o(x$fpl$usenofp) for __I$use$fp
    btod.o(CL$$btod_emul) refers to btod.o(CL$$btod_mult_common) for __btod_mult_common
    btod.o(CL$$btod_emul) refers to btod.o(CL$$btod_e2e) for _e2e
    btod.o(CL$$btod_ediv) refers (Special) to usenofp.o(x$fpl$usenofp) for __I$use$fp
    btod.o(CL$$btod_ediv) refers to btod.o(CL$$btod_div_common) for __btod_div_common
    btod.o(CL$$btod_ediv) refers to btod.o(CL$$btod_e2e) for _e2e
    btod.o(CL$$btod_emuld) refers (Special) to usenofp.o(x$fpl$usenofp) for __I$use$fp
    btod.o(CL$$btod_emuld) refers to btod.o(CL$$btod_mult_common) for __btod_mult_common
    btod.o(CL$$btod_emuld) refers to btod.o(CL$$btod_e2d) for _e2d
    btod.o(CL$$btod_edivd) refers (Special) to usenofp.o(x$fpl$usenofp) for __I$use$fp
    btod.o(CL$$btod_edivd) refers to btod.o(CL$$btod_div_common) for __btod_div_common
    btod.o(CL$$btod_edivd) refers to btod.o(CL$$btod_e2d) for _e2d
    btod.o(CL$$btod_e2e) refers (Special) to usenofp.o(x$fpl$usenofp) for __I$use$fp
    btod.o(CL$$btod_e2d) refers (Special) to usenofp.o(x$fpl$usenofp) for __I$use$fp
    btod.o(CL$$btod_e2d) refers to btod.o(CL$$btod_e2e) for _e2e
    btod.o(CL$$btod_mult_common) refers (Special) to usenofp.o(x$fpl$usenofp) for __I$use$fp
    btod.o(CL$$btod_div_common) refers (Special) to usenofp.o(x$fpl$usenofp) for __I$use$fp
    lc_numeric_c.o(locale$$data) refers (Special) to libinit2.o(.ARM.Collect$$libinit$$00000016) for __rt_lib_init_lc_numeric_2
    lc_numeric_c.o(locale$$code) refers (Special) to libinit2.o(.ARM.Collect$$libinit$$00000016) for __rt_lib_init_lc_numeric_2
    lc_numeric_c.o(locale$$code) refers to strcmp.o(.text) for strcmp
    lc_numeric_c.o(locale$$code) refers to lc_numeric_c.o(locale$$data) for __lcnum_c_name
    istatus.o(x$fpl$ieeestatus) refers (Special) to usenofp.o(x$fpl$usenofp) for __I$use$fp
    fpclassify.o(i.__ARM_fpclassify) refers (Special) to usenofp.o(x$fpl$usenofp) for __I$use$fp
    libspace.o(.text) refers to libspace.o(.bss) for __libspace_start
    sys_stackheap_outer.o(.text) refers to libspace.o(.text) for __user_perproc_libspace
    sys_stackheap_outer.o(.text) refers to lpc2300.o(.text) for __user_initial_stackheap
    exit.o(.text) refers to rtexit.o(.ARM.Collect$$rtexit$$00000000) for __rt_exit
    aeabi_sdiv.o(.text_udiv) refers to aeabi_sdiv.o(.text) for __arm_div2
    aeabi_sdiv_div0.o(.text_udiv) refers to aeabi_sdiv_div0.o(.text) for __arm_div2
    libinit.o(.ARM.Collect$$libinit$$00000000) refers (Special) to libinit2.o(.ARM.Collect$$libinit$$0000002E) for __rt_lib_init_alloca_1
    libinit.o(.ARM.Collect$$libinit$$00000000) refers (Special) to libinit2.o(.ARM.Collect$$libinit$$0000002C) for __rt_lib_init_argv_1
    libinit.o(.ARM.Collect$$libinit$$00000000) refers (Special) to libinit2.o(.ARM.Collect$$libinit$$0000001B) for __rt_lib_init_atexit_1
    libinit.o(.ARM.Collect$$libinit$$00000000) refers (Special) to libinit2.o(.ARM.Collect$$libinit$$00000021) for __rt_lib_init_clock_1
    libinit.o(.ARM.Collect$$libinit$$00000000) refers (Special) to libinit2.o(.ARM.Collect$$libinit$$00000032) for __rt_lib_init_cpp_1
    libinit.o(.ARM.Collect$$libinit$$00000000) refers (Special) to libinit2.o(.ARM.Collect$$libinit$$00000030) for __rt_lib_init_exceptions_1
    libinit.o(.ARM.Collect$$libinit$$00000000) refers (Special) to libinit2.o(.ARM.Collect$$libinit$$00000002) for __rt_lib_init_fp_1
    libinit.o(.ARM.Collect$$libinit$$00000000) refers (Special) to libinit2.o(.ARM.Collect$$libinit$$0000001F) for __rt_lib_init_fp_trap_1
    libinit.o(.ARM.Collect$$libinit$$00000000) refers (Special) to libinit2.o(.ARM.Collect$$libinit$$00000023) for __rt_lib_init_getenv_1
    libinit.o(.ARM.Collect$$libinit$$00000000) refers (Special) to libinit2.o(.ARM.Collect$$libinit$$0000000A) for __rt_lib_init_heap_1
    libinit.o(.ARM.Collect$$libinit$$00000000) refers (Special) to libinit2.o(.ARM.Collect$$libinit$$00000011) for __rt_lib_init_lc_collate_1
    libinit.o(.ARM.Collect$$libinit$$00000000) refers (Special) to libinit2.o(.ARM.Collect$$libinit$$00000013) for __rt_lib_init_lc_ctype_1
    libinit.o(.ARM.Collect$$libinit$$00000000) refers (Special) to libinit2.o(.ARM.Collect$$libinit$$00000015) for __rt_lib_init_lc_monetary_1
    libinit.o(.ARM.Collect$$libinit$$00000000) refers (Special) to libinit2.o(.ARM.Collect$$libinit$$00000017) for __rt_lib_init_lc_numeric_1
    libinit.o(.ARM.Collect$$libinit$$00000000) refers (Special) to libinit2.o(.ARM.Collect$$libinit$$00000019) for __rt_lib_init_lc_time_1
    libinit.o(.ARM.Collect$$libinit$$00000000) refers (Special) to libinit2.o(.ARM.Collect$$libinit$$00000004) for __rt_lib_init_preinit_1
    libinit.o(.ARM.Collect$$libinit$$00000000) refers (Special) to libinit2.o(.ARM.Collect$$libinit$$0000000E) for __rt_lib_init_rand_1
    libinit.o(.ARM.Collect$$libinit$$00000000) refers (Special) to libinit2.o(.ARM.Collect$$libinit$$00000033) for __rt_lib_init_return
    libinit.o(.ARM.Collect$$libinit$$00000000) refers (Special) to libinit2.o(.ARM.Collect$$libinit$$0000001D) for __rt_lib_init_signal_1
    libinit.o(.ARM.Collect$$libinit$$00000000) refers (Special) to libinit2.o(.ARM.Collect$$libinit$$00000025) for __rt_lib_init_stdio_1
    libinit.o(.ARM.Collect$$libinit$$00000000) refers (Special) to libinit2.o(.ARM.Collect$$libinit$$0000000C) for __rt_lib_init_user_alloc_1
    libinit2.o(.ARM.Collect$$libinit$$00000001) refers to fpinit.o(x$fpl$fpinit) for _fp_init
    libinit2.o(.ARM.Collect$$libinit$$0000000F) refers (Weak) to rt_locale_intlibspace.o(.text) for __rt_locale
    libinit2.o(.ARM.Collect$$libinit$$00000010) refers to libinit2.o(.ARM.Collect$$libinit$$0000000F) for .ARM.Collect$$libinit$$0000000F
    libinit2.o(.ARM.Collect$$libinit$$00000012) refers to libinit2.o(.ARM.Collect$$libinit$$0000000F) for .ARM.Collect$$libinit$$0000000F
    libinit2.o(.ARM.Collect$$libinit$$00000014) refers to libinit2.o(.ARM.Collect$$libinit$$0000000F) for .ARM.Collect$$libinit$$0000000F
    libinit2.o(.ARM.Collect$$libinit$$00000016) refers to libinit2.o(.ARM.Collect$$libinit$$0000000F) for .ARM.Collect$$libinit$$0000000F
    libinit2.o(.ARM.Collect$$libinit$$00000016) refers (Weak) to lc_numeric_c.o(locale$$code) for _get_lc_numeric
    libinit2.o(.ARM.Collect$$libinit$$00000018) refers to libinit2.o(.ARM.Collect$$libinit$$0000000F) for .ARM.Collect$$libinit$$0000000F
    libinit2.o(.ARM.Collect$$libinit$$00000026) refers to argv_veneer.o(.emb_text) for __ARM_argv_veneer
    libinit2.o(.ARM.Collect$$libinit$$00000027) refers to argv_veneer.o(.emb_text) for __ARM_argv_veneer
    rtexit.o(.ARM.Collect$$rtexit$$00000000) refers (Special) to rtexit2.o(.ARM.Collect$$rtexit$$00000004) for __rt_exit_exit
    rtexit.o(.ARM.Collect$$rtexit$$00000000) refers (Special) to rtexit2.o(.ARM.Collect$$rtexit$$00000003) for __rt_exit_ls
    rtexit.o(.ARM.Collect$$rtexit$$00000000) refers (Special) to rtexit2.o(.ARM.Collect$$rtexit$$00000002) for __rt_exit_prels_1
    rtexit.o(.ARM.exidx) refers (Special) to rtexit2.o(.ARM.Collect$$rtexit$$00000004) for __rt_exit_exit
    rtexit.o(.ARM.exidx) refers (Special) to rtexit2.o(.ARM.Collect$$rtexit$$00000003) for __rt_exit_ls
    rtexit.o(.ARM.exidx) refers (Special) to rtexit2.o(.ARM.Collect$$rtexit$$00000002) for __rt_exit_prels_1
    rtexit.o(.ARM.exidx) refers to rtexit.o(.ARM.Collect$$rtexit$$00000000) for .ARM.Collect$$rtexit$$00000000
    aeabi_idiv0_sigfpe.o(.text) refers to rt_div0.o(.text) for __rt_div0
    argv_veneer.o(.emb_text) refers to no_argv.o(.text) for __ARM_get_argv
    rtexit2.o(.ARM.Collect$$rtexit$$00000003) refers to libshutdown.o(.ARM.Collect$$libshutdown$$00000000) for __rt_lib_shutdown
    rtexit2.o(.ARM.Collect$$rtexit$$00000004) refers to sys_exit.o(.text) for _sys_exit
    rtexit2.o(.ARM.exidx) refers to rtexit2.o(.ARM.Collect$$rtexit$$00000001) for .ARM.Collect$$rtexit$$00000001
    rtexit2.o(.ARM.exidx) refers to rtexit2.o(.ARM.Collect$$rtexit$$00000003) for .ARM.Collect$$rtexit$$00000003
    rtexit2.o(.ARM.exidx) refers to rtexit2.o(.ARM.Collect$$rtexit$$00000004) for .ARM.Collect$$rtexit$$00000004
    rt_div0.o(.text) refers to defsig_fpe_outer.o(.text) for __rt_SIGFPE
    _get_argv_nomalloc.o(.text) refers (Special) to hrguard.o(.text) for __heap_region$guard
    _get_argv_nomalloc.o(.text) refers to defsig_rtmem_outer.o(.text) for __rt_SIGRTMEM
    _get_argv_nomalloc.o(.text) refers to sys_command.o(.text) for _sys_command_string
    sys_command.o(.text) refers (Special) to use_no_semi.o(.text) for __I$use$semihosting
    sys_command.o(.text) refers (Special) to indicate_semi.o(.text) for __semihosting_library_function
    sys_exit.o(.text) refers (Special) to use_no_semi.o(.text) for __I$use$semihosting
    sys_exit.o(.text) refers (Special) to indicate_semi.o(.text) for __semihosting_library_function
    defsig_fpe_outer.o(.text) refers to defsig_fpe_inner.o(.text) for __rt_SIGFPE_inner
    defsig_fpe_outer.o(.text) refers to defsig_exit.o(.text) for __sig_exit
    defsig_fpe_formal.o(.text) refers to rt_raise.o(.text) for __rt_raise
    defsig_rtmem_outer.o(.text) refers to defsig_rtmem_inner.o(.text) for __rt_SIGRTMEM_inner
    defsig_rtmem_outer.o(.text) refers to defsig_exit.o(.text) for __sig_exit
    defsig_rtmem_formal.o(.text) refers to rt_raise.o(.text) for __rt_raise
    libshutdown.o(.ARM.Collect$$libshutdown$$00000000) refers (Special) to libshutdown2.o(.ARM.Collect$$libshutdown$$00000002) for __rt_lib_shutdown_cpp_1
    libshutdown.o(.ARM.Collect$$libshutdown$$00000000) refers (Special) to libshutdown2.o(.ARM.Collect$$libshutdown$$00000007) for __rt_lib_shutdown_fp_trap_1
    libshutdown.o(.ARM.Collect$$libshutdown$$00000000) refers (Special) to libshutdown2.o(.ARM.Collect$$libshutdown$$0000000F) for __rt_lib_shutdown_heap_1
    libshutdown.o(.ARM.Collect$$libshutdown$$00000000) refers (Special) to libshutdown2.o(.ARM.Collect$$libshutdown$$00000010) for __rt_lib_shutdown_return
    libshutdown.o(.ARM.Collect$$libshutdown$$00000000) refers (Special) to libshutdown2.o(.ARM.Collect$$libshutdown$$0000000A) for __rt_lib_shutdown_signal_1
    libshutdown.o(.ARM.Collect$$libshutdown$$00000000) refers (Special) to libshutdown2.o(.ARM.Collect$$libshutdown$$00000004) for __rt_lib_shutdown_stdio_1
    libshutdown.o(.ARM.Collect$$libshutdown$$00000000) refers (Special) to libshutdown2.o(.ARM.Collect$$libshutdown$$0000000C) for __rt_lib_shutdown_user_alloc_1
    rt_raise.o(.text) refers to __raise.o(.text) for __raise
    rt_raise.o(.text) refers to sys_exit.o(.text) for _sys_exit
    defsig_exit.o(.text) refers to sys_exit.o(.text) for _sys_exit
    defsig_fpe_inner.o(.text) refers to defsig_general.o(.text) for __default_signal_display
    defsig_rtmem_inner.o(.text) refers to defsig_general.o(.text) for __default_signal_display
    __raise.o(.text) refers to __printf.o(i.__ARM_common_call_via_r2) for __ARM_common_call_via_r2
    __raise.o(.text) refers to defsig.o(CL$$defsig) for __default_signal_handler
    defsig_general.o(.text) refers to sys_wrch.o(.text) for _ttywrch
    sys_wrch.o(.text) refers (Special) to use_no_semi.o(.text) for __I$use$semihosting
    sys_wrch.o(.text) refers (Special) to indicate_semi.o(.text) for __semihosting_library_function
    defsig.o(CL$$defsig) refers to defsig_fpe_inner.o(.text) for __rt_SIGFPE_inner
    defsig.o(CL$$defsig) refers to defsig_rtmem_inner.o(.text) for __rt_SIGRTMEM_inner
    defsig_abrt_inner.o(.text) refers to defsig_general.o(.text) for __default_signal_display
    defsig_rtred_inner.o(.text) refers to defsig_general.o(.text) for __default_signal_display
    defsig_stak_inner.o(.text) refers to defsig_general.o(.text) for __default_signal_display
    defsig_pvfn_inner.o(.text) refers to defsig_general.o(.text) for __default_signal_display
    defsig_cppl_inner.o(.text) refers to defsig_general.o(.text) for __default_signal_display
    defsig_segv_inner.o(.text) refers to defsig_general.o(.text) for __default_signal_display
    defsig_other.o(.text) refers to defsig_general.o(.text) for __default_signal_display


==============================================================================

Removing Unused input sections from the image.

    Removing eint0.o(i.setAllTimers), (40 bytes).
    Removing eint0.o(i.toggleTimers), (164 bytes).
    Removing timer1.o(i.T1_ISR), (36 bytes).
    Removing timer1.o(i.init_T1), (72 bytes).
    Removing timer2.o(i.T2_ISR), (36 bytes).
    Removing timer2.o(i.init_T2), (64 bytes).
    Removing timer3.o(i.T3_ISR), (36 bytes).
    Removing timer3.o(i.init_T3), (80 bytes).

8 unused section(s) (total 528 bytes) removed from the image.

==============================================================================

Adding Veneers to the image

    Adding TA veneer (4 bytes, Inline) for call to '_printf_percent' from __printf_flags_wp.o(.text).
    Adding AT veneer (8 bytes, Inline) for call to '__rt_lib_init' from __rtentry2.o(.ARM.Collect$$rtentry$$0000000A).
    Adding AT veneer (8 bytes, Inline) for call to '__rt_lib_shutdown' from rtexit2.o(.ARM.Collect$$rtexit$$00000003).
    Adding TA veneer (4 bytes, Inline) for call to '__rt_exit' from exit.o(.text).
    Adding AT veneer (8 bytes, Inline) for call to '__2sprintf' from assignement2.o(i.printLCDText).
    Adding AT veneer (8 bytes, Inline) for call to '_printf_int_dec' from _printf_d.o(.ARM.Collect$$_printf_percent$$00000009).
    Adding TA veneer (4 bytes, Inline) for call to '__rt_udiv10' from _printf_dec.o(.text).
    Adding TA veneer (4 bytes, Inline) for call to '__rt_locale' from libinit2.o(.ARM.Collect$$libinit$$0000000F).
    Adding TA veneer (4 bytes, Inline) for call to '_ll_udiv10' from _printf_fp_dec.o(.text).
    Adding TA veneer (4 bytes, Inline) for call to '__aeabi_idivmod' from bigflt0.o(.text).
    Adding AT veneer (8 bytes, Inline) for call to '_sys_exit' from rtexit2.o(.ARM.Collect$$rtexit$$00000004).
    Adding TA veneer (4 bytes, Inline) for call to '_btod_d2e' from _printf_fp_dec.o(.text).
    Adding TA veneer (4 bytes, Inline) for call to '_btod_ediv' from _printf_fp_dec.o(.text).
    Adding TA veneer (4 bytes, Inline) for call to '_btod_emul' from _printf_fp_dec.o(.text).
    Adding AT veneer (12 bytes, Long) for call to '_printf_fp_dec_real' from printf1.o(x$fpl$printf1).
    Adding TA veneer (4 bytes, Inline) for call to '__ARM_fpclassify' from _printf_fp_dec.o(.text).
    Adding TA veneer (4 bytes, Inline) for call to '_get_lc_numeric' from libinit2.o(.ARM.Collect$$libinit$$00000016).
    Adding TA veneer (4 bytes, Inline) for call to '__ieee_status' from _printf_fp_dec.o(.text).

18 Veneer(s) (total 100 bytes) added to the image.

==============================================================================

Image Symbol Table

    Local Symbols

    Symbol Name                              Value     Ov Type        Size  Object(Section)

    RESET                                    0x00000000   Section      564  lpc2300.o(RESET)
    ../clib/angel/boardlib.s                 0x00000000   Number         0  boardinit2.o ABSOLUTE
    ../clib/angel/boardlib.s                 0x00000000   Number         0  boardinit1.o ABSOLUTE
    ../clib/angel/boardlib.s                 0x00000000   Number         0  boardinit3.o ABSOLUTE
    ../clib/angel/boardlib.s                 0x00000000   Number         0  boardshut.o ABSOLUTE
    ../clib/angel/handlers.s                 0x00000000   Number         0  __scatter_copy.o ABSOLUTE
    ../clib/angel/handlers.s                 0x00000000   Number         0  __scatter_zi.o ABSOLUTE
    ../clib/angel/kernel.s                   0x00000000   Number         0  rtexit2.o ABSOLUTE
    ../clib/angel/kernel.s                   0x00000000   Number         0  __rtentry.o ABSOLUTE
    ../clib/angel/kernel.s                   0x00000000   Number         0  rtexit.o ABSOLUTE
    ../clib/angel/kernel.s                   0x00000000   Number         0  __rtentry2.o ABSOLUTE
    ../clib/angel/kernel.s                   0x00000000   Number         0  __rtentry4.o ABSOLUTE
    ../clib/angel/rt.s                       0x00000000   Number         0  rt_div0.o ABSOLUTE
    ../clib/angel/rt.s                       0x00000000   Number         0  aeabi_idiv0_sigfpe.o ABSOLUTE
    ../clib/angel/rt.s                       0x00000000   Number         0  aeabi_idiv0.o ABSOLUTE
    ../clib/angel/rt.s                       0x00000000   Number         0  rt_raise.o ABSOLUTE
    ../clib/angel/rt.s                       0x00000000   Number         0  rt_locale_intlibspace.o ABSOLUTE
    ../clib/angel/rt.s                       0x00000000   Number         0  rt_locale.o ABSOLUTE
    ../clib/angel/scatter.s                  0x00000000   Number         0  __scatter.o ABSOLUTE
    ../clib/angel/startup.s                  0x00000000   Number         0  __main.o ABSOLUTE
    ../clib/angel/sys.s                      0x00000000   Number         0  sys_stackheap_outer.o ABSOLUTE
    ../clib/angel/sys.s                      0x00000000   Number         0  libspace.o ABSOLUTE
    ../clib/angel/sys.s                      0x00000000   Number         0  indicate_semi.o ABSOLUTE
    ../clib/angel/sys.s                      0x00000000   Number         0  use_no_semi.o ABSOLUTE
    ../clib/angel/sysapp.c                   0x00000000   Number         0  sys_exit.o ABSOLUTE
    ../clib/angel/sysapp.c                   0x00000000   Number         0  sys_command.o ABSOLUTE
    ../clib/angel/sysapp.c                   0x00000000   Number         0  sys_wrch.o ABSOLUTE
    ../clib/armsys.c                         0x00000000   Number         0  no_argv.o ABSOLUTE
    ../clib/armsys.c                         0x00000000   Number         0  _get_argv_nomalloc.o ABSOLUTE
    ../clib/armsys.c                         0x00000000   Number         0  argv_veneer.o ABSOLUTE
    ../clib/armsys.c                         0x00000000   Number         0  argv_veneer.o ABSOLUTE
    ../clib/bigflt.c                         0x00000000   Number         0  bigflt0.o ABSOLUTE
    ../clib/btod.s                           0x00000000   Number         0  btod.o ABSOLUTE
    ../clib/division.s                       0x00000000   Number         0  aeabi_sdiv.o ABSOLUTE
    ../clib/division.s                       0x00000000   Number         0  rtudiv10.o ABSOLUTE
    ../clib/division.s                       0x00000000   Number         0  aeabi_sdiv_div0.o ABSOLUTE
    ../clib/divrt.s                          0x00000000   Number         0  divrt_7tdmi.o ABSOLUTE
    ../clib/divrt.s                          0x00000000   Number         0  divrt_7tdmi_div0.o ABSOLUTE
    ../clib/heapalloc.c                      0x00000000   Number         0  hrguard.o ABSOLUTE
    ../clib/heapaux.c                        0x00000000   Number         0  heapauxi.o ABSOLUTE
    ../clib/libinit.s                        0x00000000   Number         0  libshutdown2.o ABSOLUTE
    ../clib/libinit.s                        0x00000000   Number         0  libinit.o ABSOLUTE
    ../clib/libinit.s                        0x00000000   Number         0  libinit2.o ABSOLUTE
    ../clib/libinit.s                        0x00000000   Number         0  libshutdown.o ABSOLUTE
    ../clib/locale.s                         0x00000000   Number         0  lc_numeric_c.o ABSOLUTE
    ../clib/longlong.s                       0x00000000   Number         0  lludiv10.o ABSOLUTE
    ../clib/memcpset.s                       0x00000000   Number         0  strcmp.o ABSOLUTE
    ../clib/misc.s                           0x00000000   Number         0  printf_stubs.o ABSOLUTE
    ../clib/printf.c                         0x00000000   Number         0  __printf_flags.o ABSOLUTE
    ../clib/printf.c                         0x00000000   Number         0  __printf_ss.o ABSOLUTE
    ../clib/printf.c                         0x00000000   Number         0  __printf_flags_ss.o ABSOLUTE
    ../clib/printf.c                         0x00000000   Number         0  __printf_wp.o ABSOLUTE
    ../clib/printf.c                         0x00000000   Number         0  __printf_ss_wp.o ABSOLUTE
    ../clib/printf.c                         0x00000000   Number         0  __printf_flags_ss_wp.o ABSOLUTE
    ../clib/printf.c                         0x00000000   Number         0  _printf_intcommon.o ABSOLUTE
    ../clib/printf.c                         0x00000000   Number         0  _printf_fp_dec.o ABSOLUTE
    ../clib/printf.c                         0x00000000   Number         0  _printf_char_common.o ABSOLUTE
    ../clib/printf.c                         0x00000000   Number         0  _sputc.o ABSOLUTE
    ../clib/printf.c                         0x00000000   Number         0  __printf_nopercent.o ABSOLUTE
    ../clib/printf.c                         0x00000000   Number         0  _printf_fp_infnan.o ABSOLUTE
    ../clib/printf.c                         0x00000000   Number         0  __printf_flags_wp.o ABSOLUTE
    ../clib/printf.c                         0x00000000   Number         0  __2sprintf.o ABSOLUTE
    ../clib/printf.c                         0x00000000   Number         0  noretval__2sprintf.o ABSOLUTE
    ../clib/printf.c                         0x00000000   Number         0  __printf.o ABSOLUTE
    ../clib/printf.c                         0x00000000   Number         0  _printf_pad.o ABSOLUTE
    ../clib/printf.c                         0x00000000   Number         0  _printf_dec.o ABSOLUTE
    ../clib/printf_percent.s                 0x00000000   Number         0  _printf_percent_end.o ABSOLUTE
    ../clib/printf_percent.s                 0x00000000   Number         0  _printf_f.o ABSOLUTE
    ../clib/printf_percent.s                 0x00000000   Number         0  _printf_percent.o ABSOLUTE
    ../clib/printf_percent.s                 0x00000000   Number         0  _printf_d.o ABSOLUTE
    ../clib/signal.c                         0x00000000   Number         0  defsig_cppl_inner.o ABSOLUTE
    ../clib/signal.c                         0x00000000   Number         0  defsig_pvfn_inner.o ABSOLUTE
    ../clib/signal.c                         0x00000000   Number         0  defsig_stak_inner.o ABSOLUTE
    ../clib/signal.c                         0x00000000   Number         0  defsig_rtred_inner.o ABSOLUTE
    ../clib/signal.c                         0x00000000   Number         0  defsig_abrt_inner.o ABSOLUTE
    ../clib/signal.c                         0x00000000   Number         0  defsig_exit.o ABSOLUTE
    ../clib/signal.c                         0x00000000   Number         0  defsig_rtmem_formal.o ABSOLUTE
    ../clib/signal.c                         0x00000000   Number         0  defsig_rtmem_outer.o ABSOLUTE
    ../clib/signal.c                         0x00000000   Number         0  defsig_fpe_formal.o ABSOLUTE
    ../clib/signal.c                         0x00000000   Number         0  defsig_rtmem_inner.o ABSOLUTE
    ../clib/signal.c                         0x00000000   Number         0  defsig_fpe_inner.o ABSOLUTE
    ../clib/signal.c                         0x00000000   Number         0  __raise.o ABSOLUTE
    ../clib/signal.c                         0x00000000   Number         0  defsig_fpe_outer.o ABSOLUTE
    ../clib/signal.c                         0x00000000   Number         0  defsig_general.o ABSOLUTE
    ../clib/signal.c                         0x00000000   Number         0  defsig_segv_inner.o ABSOLUTE
    ../clib/signal.c                         0x00000000   Number         0  defsig_other.o ABSOLUTE
    ../clib/signal.s                         0x00000000   Number         0  defsig.o ABSOLUTE
    ../clib/stdlib.c                         0x00000000   Number         0  exit.o ABSOLUTE
    ../fplib/d2f.s                           0x00000000   Number         0  d2f.o ABSOLUTE
    ../fplib/dflt.s                          0x00000000   Number         0  dflt_noclz.o ABSOLUTE
    ../fplib/dmul.s                          0x00000000   Number         0  dmul.o ABSOLUTE
    ../fplib/dnaninf.s                       0x00000000   Number         0  dnaninf.o ABSOLUTE
    ../fplib/dretinf.s                       0x00000000   Number         0  dretinf.o ABSOLUTE
    ../fplib/f2d.s                           0x00000000   Number         0  f2d.o ABSOLUTE
    ../fplib/fnaninf.s                       0x00000000   Number         0  fnaninf.o ABSOLUTE
    ../fplib/fpinit.s                        0x00000000   Number         0  fpinit.o ABSOLUTE
    ../fplib/fretinf.s                       0x00000000   Number         0  fretinf.o ABSOLUTE
    ../fplib/istatus.s                       0x00000000   Number         0  istatus.o ABSOLUTE
    ../fplib/printf1.s                       0x00000000   Number         0  printf1.o ABSOLUTE
    ../fplib/usenofp.s                       0x00000000   Number         0  usenofp.o ABSOLUTE
    ../mathlib/fpclassify.c                  0x00000000   Number         0  fpclassify.o ABSOLUTE
    EINT0.c                                  0x00000000   Number         0  eint0.o ABSOLUTE
    LCD_4bit.c                               0x00000000   Number         0  lcd_4bit.o ABSOLUTE
    LM95071.c                                0x00000000   Number         0  lm95071.o ABSOLUTE
    LPC2300.s                                0x00000000   Number         0  lpc2300.o ABSOLUTE
    MCB2300 evaluationboard.c                0x00000000   Number         0  mcb2300 evaluationboard.o ABSOLUTE
    Timer0.c                                 0x00000000   Number         0  timer0.o ABSOLUTE
    Timer1.c                                 0x00000000   Number         0  timer1.o ABSOLUTE
    Timer2.c                                 0x00000000   Number         0  timer2.o ABSOLUTE
    Timer3.c                                 0x00000000   Number         0  timer3.o ABSOLUTE
    assignement2.c                           0x00000000   Number         0  assignement2.o ABSOLUTE
    dc.s                                     0x00000000   Number         0  dc.o ABSOLUTE
    Undef_Handler                            0x00000040   ARM Code       4  lpc2300.o(RESET)
    SWI_Handler                              0x00000044   ARM Code       4  lpc2300.o(RESET)
    PAbt_Handler                             0x00000048   ARM Code       4  lpc2300.o(RESET)
    DAbt_Handler                             0x0000004c   ARM Code       4  lpc2300.o(RESET)
    IRQ_Handler                              0x00000050   ARM Code       4  lpc2300.o(RESET)
    FIQ_Handler                              0x00000054   ARM Code       4  lpc2300.o(RESET)
    !!!main                                  0x00000234   Section        8  __main.o(!!!main)
    !!!scatter                               0x0000023c   Section       60  __scatter.o(!!!scatter)
    !!handler_copy                           0x00000278   Section       40  __scatter_copy.o(!!handler_copy)
    !!handler_zi                             0x000002a0   Section       44  __scatter_zi.o(!!handler_zi)
    .ARM.Collect$$_printf_percent$$00000000  0x000002d0   Section        0  _printf_percent.o(.ARM.Collect$$_printf_percent$$00000000)
    .ARM.Collect$$_printf_percent$$00000003  0x000002d0   Section        8  _printf_f.o(.ARM.Collect$$_printf_percent$$00000003)
    .ARM.Collect$$_printf_percent$$00000009  0x000002d8   Section        8  _printf_d.o(.ARM.Collect$$_printf_percent$$00000009)
    .ARM.Collect$$_printf_percent$$00000017  0x000002e0   Section        8  _printf_percent_end.o(.ARM.Collect$$_printf_percent$$00000017)
    .ARM.Collect$$libinit$$00000000          0x000002f0   Section        2  libinit.o(.ARM.Collect$$libinit$$00000000)
    .ARM.Collect$$libinit$$00000002          0x000002f2   Section        0  libinit2.o(.ARM.Collect$$libinit$$00000002)
    .ARM.Collect$$libinit$$00000004          0x000002f2   Section        0  libinit2.o(.ARM.Collect$$libinit$$00000004)
    .ARM.Collect$$libinit$$0000000A          0x000002f2   Section        0  libinit2.o(.ARM.Collect$$libinit$$0000000A)
    .ARM.Collect$$libinit$$0000000C          0x000002f2   Section        0  libinit2.o(.ARM.Collect$$libinit$$0000000C)
    .ARM.Collect$$libinit$$0000000E          0x000002f2   Section        0  libinit2.o(.ARM.Collect$$libinit$$0000000E)
    .ARM.Collect$$libinit$$0000000F          0x000002f2   Section        6  libinit2.o(.ARM.Collect$$libinit$$0000000F)
    .ARM.Collect$$libinit$$00000011          0x000002f8   Section        0  libinit2.o(.ARM.Collect$$libinit$$00000011)
    .ARM.Collect$$libinit$$00000013          0x000002f8   Section        0  libinit2.o(.ARM.Collect$$libinit$$00000013)
    .ARM.Collect$$libinit$$00000015          0x000002f8   Section        0  libinit2.o(.ARM.Collect$$libinit$$00000015)
    .ARM.Collect$$libinit$$00000016          0x000002f8   Section       10  libinit2.o(.ARM.Collect$$libinit$$00000016)
    .ARM.Collect$$libinit$$00000017          0x00000302   Section        0  libinit2.o(.ARM.Collect$$libinit$$00000017)
    .ARM.Collect$$libinit$$00000019          0x00000302   Section        0  libinit2.o(.ARM.Collect$$libinit$$00000019)
    .ARM.Collect$$libinit$$0000001B          0x00000302   Section        0  libinit2.o(.ARM.Collect$$libinit$$0000001B)
    .ARM.Collect$$libinit$$0000001D          0x00000302   Section        0  libinit2.o(.ARM.Collect$$libinit$$0000001D)
    .ARM.Collect$$libinit$$0000001F          0x00000302   Section        0  libinit2.o(.ARM.Collect$$libinit$$0000001F)
    .ARM.Collect$$libinit$$00000021          0x00000302   Section        0  libinit2.o(.ARM.Collect$$libinit$$00000021)
    .ARM.Collect$$libinit$$00000023          0x00000302   Section        0  libinit2.o(.ARM.Collect$$libinit$$00000023)
    .ARM.Collect$$libinit$$00000025          0x00000302   Section        0  libinit2.o(.ARM.Collect$$libinit$$00000025)
    .ARM.Collect$$libinit$$0000002C          0x00000302   Section        0  libinit2.o(.ARM.Collect$$libinit$$0000002C)
    .ARM.Collect$$libinit$$0000002E          0x00000302   Section        0  libinit2.o(.ARM.Collect$$libinit$$0000002E)
    .ARM.Collect$$libinit$$00000030          0x00000302   Section        0  libinit2.o(.ARM.Collect$$libinit$$00000030)
    .ARM.Collect$$libinit$$00000032          0x00000302   Section        0  libinit2.o(.ARM.Collect$$libinit$$00000032)
    .ARM.Collect$$libinit$$00000033          0x00000302   Section       12  libinit2.o(.ARM.Collect$$libinit$$00000033)
    .ARM.Collect$$libshutdown$$00000000      0x00000318   Section        4  libshutdown.o(.ARM.Collect$$libshutdown$$00000000)
    .ARM.Collect$$libshutdown$$00000002      0x0000031c   Section        0  libshutdown2.o(.ARM.Collect$$libshutdown$$00000002)
    .ARM.Collect$$libshutdown$$00000004      0x0000031c   Section        0  libshutdown2.o(.ARM.Collect$$libshutdown$$00000004)
    .ARM.Collect$$libshutdown$$00000007      0x0000031c   Section        0  libshutdown2.o(.ARM.Collect$$libshutdown$$00000007)
    .ARM.Collect$$libshutdown$$0000000A      0x0000031c   Section        0  libshutdown2.o(.ARM.Collect$$libshutdown$$0000000A)
    .ARM.Collect$$libshutdown$$0000000C      0x0000031c   Section        0  libshutdown2.o(.ARM.Collect$$libshutdown$$0000000C)
    .ARM.Collect$$libshutdown$$0000000F      0x0000031c   Section        0  libshutdown2.o(.ARM.Collect$$libshutdown$$0000000F)
    .ARM.Collect$$libshutdown$$00000010      0x0000031c   Section        6  libshutdown2.o(.ARM.Collect$$libshutdown$$00000010)
    .ARM.Collect$$rtentry$$00000000          0x00000324   Section        0  __rtentry.o(.ARM.Collect$$rtentry$$00000000)
    .ARM.Collect$$rtentry$$00000002          0x00000324   Section        0  __rtentry2.o(.ARM.Collect$$rtentry$$00000002)
    .ARM.Collect$$rtentry$$00000004          0x00000324   Section        8  __rtentry4.o(.ARM.Collect$$rtentry$$00000004)
    .ARM.Collect$$rtentry$$00000009          0x0000032c   Section        0  __rtentry2.o(.ARM.Collect$$rtentry$$00000009)
    .ARM.Collect$$rtentry$$0000000A          0x0000032c   Section        4  __rtentry2.o(.ARM.Collect$$rtentry$$0000000A)
    .ARM.Collect$$rtentry$$0000000C          0x00000330   Section        0  __rtentry2.o(.ARM.Collect$$rtentry$$0000000C)
    .ARM.Collect$$rtentry$$0000000D          0x00000330   Section       40  __rtentry2.o(.ARM.Collect$$rtentry$$0000000D)
    .ARM.Collect$$rtexit$$00000000           0x0000035c   Section        4  rtexit.o(.ARM.Collect$$rtexit$$00000000)
    .ARM.Collect$$rtexit$$00000002           0x00000360   Section        0  rtexit2.o(.ARM.Collect$$rtexit$$00000002)
    .ARM.Collect$$rtexit$$00000003           0x00000360   Section        4  rtexit2.o(.ARM.Collect$$rtexit$$00000003)
    .ARM.Collect$$rtexit$$00000004           0x00000364   Section        8  rtexit2.o(.ARM.Collect$$rtexit$$00000004)
    .text                                    0x0000036c   Section       32  lpc2300.o(.text)
    .text                                    0x00000394   Section        0  noretval__2sprintf.o(.text)
    .text                                    0x000003bc   Section        0  _printf_pad.o(.text)
    .text                                    0x0000041c   Section        0  _printf_dec.o(.text)
    .text                                    0x0000048c   Section        0  __printf_flags_wp.o(.text)
    .text                                    0x000005d4   Section        0  heapauxi.o(.text)
    .text                                    0x000005da   Section        0  _printf_intcommon.o(.text)
    .text                                    0x00000694   Section        0  _printf_fp_dec.o(.text)
    _fp_digits                               0x00000697   Thumb Code   410  _printf_fp_dec.o(.text)
    .text                                    0x00000ab0   Section        0  _printf_char_common.o(.text)
    _printf_input_char                       0x00000ab1   Thumb Code    10  _printf_char_common.o(.text)
    .text                                    0x00000ae0   Section        0  _sputc.o(.text)
    .text                                    0x00000af0   Section       44  rtudiv10.o(.text)
    .text                                    0x00000b20   Section       12  rt_locale_intlibspace.o(.text)
    .text                                    0x00000b30   Section      160  lludiv10.o(.text)
    .text                                    0x00000bd0   Section        0  _printf_fp_infnan.o(.text)
    .text                                    0x00000c60   Section        0  bigflt0.o(.text)
    .text                                    0x00000d34   Section       12  libspace.o(.text)
    .text                                    0x00000d40   Section       96  sys_stackheap_outer.o(.text)
    .text                                    0x00000da0   Section        0  exit.o(.text)
    .text                                    0x00000db4   Section      244  strcmp.o(.text)
    .text                                    0x00000eac   Section      384  aeabi_sdiv.o(.text)
    __arm_div8                               0x00000ed8   ARM Code       0  aeabi_sdiv.o(.text)
    __arm_div5                               0x00000efc   ARM Code       0  aeabi_sdiv.o(.text)
    __arm_div2                               0x00000f20   ARM Code       0  aeabi_sdiv.o(.text)
    __arm_div_large                          0x00000f5c   ARM Code       0  aeabi_sdiv.o(.text)
    .text                                    0x00001034   Section        0  sys_exit.o(.text)
    .text                                    0x00001040   Section        4  use_no_semi.o(.text)
    .text                                    0x00001044   Section        0  indicate_semi.o(.text)
    CL$$btod_d2e                             0x00001048   Section       56  btod.o(CL$$btod_d2e)
    CL$$btod_d2e_denorm_low                  0x00001080   Section       84  btod.o(CL$$btod_d2e_denorm_low)
    CL$$btod_d2e_norm_op1                    0x000010d4   Section      104  btod.o(CL$$btod_d2e_norm_op1)
    CL$$btod_div_common                      0x0000113c   Section      844  btod.o(CL$$btod_div_common)
    CL$$btod_e2e                             0x00001488   Section      220  btod.o(CL$$btod_e2e)
    CL$$btod_ediv                            0x00001568   Section       52  btod.o(CL$$btod_ediv)
    CL$$btod_emul                            0x000015a0   Section       52  btod.o(CL$$btod_emul)
    CL$$btod_mult_common                     0x000015d4   Section      616  btod.o(CL$$btod_mult_common)
    i.EINT0_ISR                              0x00001848   Section        0  eint0.o(i.EINT0_ISR)
    i.T0_ISR                                 0x00001874   Section        0  timer0.o(i.T0_ISR)
    i.__ARM_common_call_via_r1               0x000018a4   Section        0  __printf.o(i.__ARM_common_call_via_r1)
    i.__ARM_common_call_via_r2               0x000018a6   Section        0  __printf.o(i.__ARM_common_call_via_r2)
    i.__ARM_fpclassify                       0x000018ac   Section        0  fpclassify.o(i.__ARM_fpclassify)
    i._is_digit                              0x000018dc   Section        0  __printf_wp.o(i._is_digit)
    i.delay                                  0x000018ec   Section        0  lcd_4bit.o(i.delay)
    delay                                    0x000018ec   ARM Code      24  lcd_4bit.o(i.delay)
    i.initEINT0                              0x00001904   Section        0  eint0.o(i.initEINT0)
    i.initEvaluationBoard                    0x00001964   Section        0  mcb2300 evaluationboard.o(i.initEvaluationBoard)
    i.init_SPI                               0x000019c4   Section        0  lm95071.o(i.init_SPI)
    i.init_T0                                0x00001a30   Section        0  timer0.o(i.init_T0)
    i.lcd_clear                              0x00001a78   Section        0  lcd_4bit.o(i.lcd_clear)
    i.lcd_init                               0x00001a98   Section        0  lcd_4bit.o(i.lcd_init)
    i.lcd_print                              0x00001b74   Section        0  lcd_4bit.o(i.lcd_print)
    i.lcd_putchar                            0x00001b9c   Section        0  lcd_4bit.o(i.lcd_putchar)
    i.lcd_read_status                        0x00001bd0   Section        0  lcd_4bit.o(i.lcd_read_status)
    lcd_read_status                          0x00001bd0   ARM Code     188  lcd_4bit.o(i.lcd_read_status)
    i.lcd_write_4bit                         0x00001c90   Section        0  lcd_4bit.o(i.lcd_write_4bit)
    i.lcd_write_cmd                          0x00001ce8   Section        0  lcd_4bit.o(i.lcd_write_cmd)
    i.main                                   0x00001d1c   Section        0  assignement2.o(i.main)
    i.printLCDText                           0x00001d7c   Section        0  assignement2.o(i.printLCDText)
    i.readLM95071SPI                         0x00001dfc   Section        0  lm95071.o(i.readLM95071SPI)
    i.sendValueUSB                           0x00001e70   Section        0  assignement2.o(i.sendValueUSB)
    i.set_cursor                             0x00001f90   Section        0  lcd_4bit.o(i.set_cursor)
    i.showTemperature                        0x00001fc4   Section        0  assignement2.o(i.showTemperature)
    i.updateTemperature                      0x000020dc   Section        0  assignement2.o(i.updateTemperature)
    i.wait_while_busy                        0x000020fc   Section        0  lcd_4bit.o(i.wait_while_busy)
    wait_while_busy                          0x000020fc   ARM Code      32  lcd_4bit.o(i.wait_while_busy)
    locale$$code                             0x00002120   Section       80  lc_numeric_c.o(locale$$code)
    x$fpl$d2f                                0x00002170   Section      108  d2f.o(x$fpl$d2f)
    x$fpl$dflt                               0x000021dc   Section       88  dflt_noclz.o(x$fpl$dflt)
    x$fpl$dfltu                              0x00002234   Section       12  dflt_noclz.o(x$fpl$dfltu)
    x$fpl$dmul                               0x00002240   Section      384  dmul.o(x$fpl$dmul)
    x$fpl$dnaninf                            0x000023c0   Section      192  dnaninf.o(x$fpl$dnaninf)
    x$fpl$dretinf                            0x00002480   Section       16  dretinf.o(x$fpl$dretinf)
    x$fpl$f2d                                0x00002490   Section      100  f2d.o(x$fpl$f2d)
    x$fpl$fnaninf                            0x000024f4   Section      168  fnaninf.o(x$fpl$fnaninf)
    x$fpl$fretinf                            0x0000259c   Section       16  fretinf.o(x$fpl$fretinf)
    x$fpl$ieeestatus                         0x000025b0   Section        8  istatus.o(x$fpl$ieeestatus)
    x$fpl$printf1                            0x000025b8   Section        4  printf1.o(x$fpl$printf1)
    .constdata                               0x000025bc   Section       64  lcd_4bit.o(.constdata)
    x$fpl$usenofp                            0x000025bc   Section        0  usenofp.o(x$fpl$usenofp)
    .constdata                               0x000025fc   Section       17  __printf_flags_wp.o(.constdata)
    maptable                                 0x000025fc   Data          17  __printf_flags_wp.o(.constdata)
    .constdata                               0x00002610   Section      148  bigflt0.o(.constdata)
    tenpwrs_x                                0x00002610   Data          60  bigflt0.o(.constdata)
    tenpwrs_i                                0x0000264c   Data          64  bigflt0.o(.constdata)
    locale$$data                             0x000026c4   Section       28  lc_numeric_c.o(locale$$data)
    __lcnum_c_name                           0x000026c8   Data           2  lc_numeric_c.o(locale$$data)
    __lcnum_c_start                          0x000026d0   Data           0  lc_numeric_c.o(locale$$data)
    __lcnum_c_point                          0x000026dc   Data           0  lc_numeric_c.o(locale$$data)
    __lcnum_c_thousands                      0x000026de   Data           0  lc_numeric_c.o(locale$$data)
    __lcnum_c_grouping                       0x000026df   Data           0  lc_numeric_c.o(locale$$data)
    __lcnum_c_end                            0x000026e0   Data           0  lc_numeric_c.o(locale$$data)
    .data                                    0x40000000   Section        1  assignement2.o(.data)
    .bss                                     0x40000004   Section       96  libspace.o(.bss)
    HEAP                                     0x40000068   Section        0  lpc2300.o(HEAP)
    STACK                                    0x40000068   Section     1288  lpc2300.o(STACK)
    Heap_Mem                                 0x40000068   Data           0  lpc2300.o(HEAP)
    Stack_Mem                                0x40000068   Data        1024  lpc2300.o(STACK)
    Stack_Top                                0x40000570   Data           0  lpc2300.o(STACK)

    Global Symbols

    Symbol Name                              Value     Ov Type        Size  Object(Section)

    BuildAttributes$$THM_ISAv1$ARM_ISAv4$S$PE$A:L22$X:L11$S22$IEEE1$IW$USESV6$~STKCKD$USESV7$~SHL$OTIME$ROPI$IEEEJ$EBA8$UX$STANDARDLIB$REQ8$PRES8$EABIv2 0x00000000   Number         0  anon$$obj.o ABSOLUTE
    __ARM_use_no_argv                        0x00000000   Number         0  assignement2.o ABSOLUTE
    _printf_flags                            0x00000000   Number         0  printf_stubs.o ABSOLUTE
    _printf_return_value                     0x00000000   Number         0  printf_stubs.o ABSOLUTE
    _printf_sizespec                         0x00000000   Number         0  printf_stubs.o ABSOLUTE
    _printf_widthprec                        0x00000000   Number         0  printf_stubs.o ABSOLUTE
    __ARM_exceptions_init                     - Undefined Weak Reference
    __alloca_initialize                       - Undefined Weak Reference
    __arm_preinit_                            - Undefined Weak Reference
    __cpp_initialize__aeabi_                  - Undefined Weak Reference
    __cxa_finalize                            - Undefined Weak Reference
    __sigvec_lookup                           - Undefined Weak Reference
    _atexit_init                              - Undefined Weak Reference
    _call_atexit_fns                          - Undefined Weak Reference
    _clock_init                               - Undefined Weak Reference
    _fp_trap_init                             - Undefined Weak Reference
    _fp_trap_shutdown                         - Undefined Weak Reference
    _get_lc_collate                           - Undefined Weak Reference
    _get_lc_ctype                             - Undefined Weak Reference
    _get_lc_monetary                          - Undefined Weak Reference
    _get_lc_time                              - Undefined Weak Reference
    _getenv_init                              - Undefined Weak Reference
    _handle_redirection                       - Undefined Weak Reference
    _init_alloc                               - Undefined Weak Reference
    _init_user_alloc                          - Undefined Weak Reference
    _initio                                   - Undefined Weak Reference
    _printf_truncate_signed                   - Undefined Weak Reference
    _printf_truncate_unsigned                 - Undefined Weak Reference
    _rand_init                                - Undefined Weak Reference
    _signal_finish                            - Undefined Weak Reference
    _signal_init                              - Undefined Weak Reference
    _terminate_alloc                          - Undefined Weak Reference
    _terminate_user_alloc                     - Undefined Weak Reference
    _terminateio                              - Undefined Weak Reference
    Reset_Handler                            0x00000058   ARM Code       0  lpc2300.o(RESET)
    __main                                   0x00000234   ARM Code       8  __main.o(!!!main)
    __scatterload                            0x0000023c   ARM Code       0  __scatter.o(!!!scatter)
    __scatterload_rt2                        0x0000023c   ARM Code      52  __scatter.o(!!!scatter)
    __scatterload_null                       0x00000250   ARM Code       0  __scatter.o(!!!scatter)
    __scatterload_copy                       0x00000278   ARM Code      40  __scatter_copy.o(!!handler_copy)
    __scatterload_zeroinit                   0x000002a0   ARM Code      44  __scatter_zi.o(!!handler_zi)
    Inline Thumb to ARM Veneer to _printf_percent 0x000002cd   Thumb Code     4  _printf_percent.o(.ARM.Collect$$_printf_percent$$00000000)
    _printf_f                                0x000002d0   ARM Code       0  _printf_f.o(.ARM.Collect$$_printf_percent$$00000003)
    _printf_percent                          0x000002d0   ARM Code       0  _printf_percent.o(.ARM.Collect$$_printf_percent$$00000000)
    _printf_d                                0x000002d8   ARM Code       0  _printf_d.o(.ARM.Collect$$_printf_percent$$00000009)
    _printf_percent_end                      0x000002e0   ARM Code       0  _printf_percent_end.o(.ARM.Collect$$_printf_percent$$00000017)
    Inline ARM to Thumb Veneer to __rt_lib_init 0x000002e8   ARM Code       8  libinit.o(.ARM.Collect$$libinit$$00000000)
    __rt_lib_init                            0x000002f1   Thumb Code     0  libinit.o(.ARM.Collect$$libinit$$00000000)
    __rt_lib_init_fp_1                       0x000002f3   Thumb Code     0  libinit2.o(.ARM.Collect$$libinit$$00000002)
    __rt_lib_init_heap_1                     0x000002f3   Thumb Code     0  libinit2.o(.ARM.Collect$$libinit$$0000000A)
    __rt_lib_init_lc_common                  0x000002f3   Thumb Code     0  libinit2.o(.ARM.Collect$$libinit$$0000000F)
    __rt_lib_init_preinit_1                  0x000002f3   Thumb Code     0  libinit2.o(.ARM.Collect$$libinit$$00000004)
    __rt_lib_init_rand_1                     0x000002f3   Thumb Code     0  libinit2.o(.ARM.Collect$$libinit$$0000000E)
    __rt_lib_init_user_alloc_1               0x000002f3   Thumb Code     0  libinit2.o(.ARM.Collect$$libinit$$0000000C)
    __rt_lib_init_lc_collate_1               0x000002f9   Thumb Code     0  libinit2.o(.ARM.Collect$$libinit$$00000011)
    __rt_lib_init_lc_ctype_1                 0x000002f9   Thumb Code     0  libinit2.o(.ARM.Collect$$libinit$$00000013)
    __rt_lib_init_lc_monetary_1              0x000002f9   Thumb Code     0  libinit2.o(.ARM.Collect$$libinit$$00000015)
    __rt_lib_init_lc_numeric_2               0x000002f9   Thumb Code     0  libinit2.o(.ARM.Collect$$libinit$$00000016)
    __rt_lib_init_alloca_1                   0x00000303   Thumb Code     0  libinit2.o(.ARM.Collect$$libinit$$0000002E)
    __rt_lib_init_argv_1                     0x00000303   Thumb Code     0  libinit2.o(.ARM.Collect$$libinit$$0000002C)
    __rt_lib_init_atexit_1                   0x00000303   Thumb Code     0  libinit2.o(.ARM.Collect$$libinit$$0000001B)
    __rt_lib_init_clock_1                    0x00000303   Thumb Code     0  libinit2.o(.ARM.Collect$$libinit$$00000021)
    __rt_lib_init_cpp_1                      0x00000303   Thumb Code     0  libinit2.o(.ARM.Collect$$libinit$$00000032)
    __rt_lib_init_exceptions_1               0x00000303   Thumb Code     0  libinit2.o(.ARM.Collect$$libinit$$00000030)
    __rt_lib_init_fp_trap_1                  0x00000303   Thumb Code     0  libinit2.o(.ARM.Collect$$libinit$$0000001F)
    __rt_lib_init_getenv_1                   0x00000303   Thumb Code     0  libinit2.o(.ARM.Collect$$libinit$$00000023)
    __rt_lib_init_lc_numeric_1               0x00000303   Thumb Code     0  libinit2.o(.ARM.Collect$$libinit$$00000017)
    __rt_lib_init_lc_time_1                  0x00000303   Thumb Code     0  libinit2.o(.ARM.Collect$$libinit$$00000019)
    __rt_lib_init_return                     0x00000303   Thumb Code     0  libinit2.o(.ARM.Collect$$libinit$$00000033)
    __rt_lib_init_signal_1                   0x00000303   Thumb Code     0  libinit2.o(.ARM.Collect$$libinit$$0000001D)
    __rt_lib_init_stdio_1                    0x00000303   Thumb Code     0  libinit2.o(.ARM.Collect$$libinit$$00000025)
    Inline ARM to Thumb Veneer to __rt_lib_shutdown 0x00000310   ARM Code       8  libshutdown.o(.ARM.Collect$$libshutdown$$00000000)
    __rt_lib_shutdown                        0x00000319   Thumb Code     0  libshutdown.o(.ARM.Collect$$libshutdown$$00000000)
    __rt_lib_shutdown_cpp_1                  0x0000031d   Thumb Code     0  libshutdown2.o(.ARM.Collect$$libshutdown$$00000002)
    __rt_lib_shutdown_fp_trap_1              0x0000031d   Thumb Code     0  libshutdown2.o(.ARM.Collect$$libshutdown$$00000007)
    __rt_lib_shutdown_heap_1                 0x0000031d   Thumb Code     0  libshutdown2.o(.ARM.Collect$$libshutdown$$0000000F)
    __rt_lib_shutdown_return                 0x0000031d   Thumb Code     0  libshutdown2.o(.ARM.Collect$$libshutdown$$00000010)
    __rt_lib_shutdown_signal_1               0x0000031d   Thumb Code     0  libshutdown2.o(.ARM.Collect$$libshutdown$$0000000A)
    __rt_lib_shutdown_stdio_1                0x0000031d   Thumb Code     0  libshutdown2.o(.ARM.Collect$$libshutdown$$00000004)
    __rt_lib_shutdown_user_alloc_1           0x0000031d   Thumb Code     0  libshutdown2.o(.ARM.Collect$$libshutdown$$0000000C)
    __rt_entry                               0x00000324   ARM Code       0  __rtentry.o(.ARM.Collect$$rtentry$$00000000)
    __rt_entry_presh_1                       0x00000324   ARM Code       0  __rtentry2.o(.ARM.Collect$$rtentry$$00000002)
    __rt_entry_sh                            0x00000324   ARM Code       0  __rtentry4.o(.ARM.Collect$$rtentry$$00000004)
    __rt_entry_li                            0x0000032c   ARM Code       0  __rtentry2.o(.ARM.Collect$$rtentry$$0000000A)
    __rt_entry_postsh_1                      0x0000032c   ARM Code       0  __rtentry2.o(.ARM.Collect$$rtentry$$00000009)
    __rt_entry_main                          0x00000330   ARM Code       0  __rtentry2.o(.ARM.Collect$$rtentry$$0000000D)
    __rt_entry_postli_1                      0x00000330   ARM Code       0  __rtentry2.o(.ARM.Collect$$rtentry$$0000000C)
    Inline Thumb to ARM Veneer to __rt_exit  0x00000359   Thumb Code     4  rtexit.o(.ARM.Collect$$rtexit$$00000000)
    __rt_exit                                0x0000035c   ARM Code       0  rtexit.o(.ARM.Collect$$rtexit$$00000000)
    __rt_exit_ls                             0x00000360   ARM Code       0  rtexit2.o(.ARM.Collect$$rtexit$$00000003)
    __rt_exit_prels_1                        0x00000360   ARM Code       0  rtexit2.o(.ARM.Collect$$rtexit$$00000002)
    __rt_exit_exit                           0x00000364   ARM Code       0  rtexit2.o(.ARM.Collect$$rtexit$$00000004)
    __user_initial_stackheap                 0x0000036c   ARM Code       0  lpc2300.o(.text)
    Inline ARM to Thumb Veneer to __2sprintf 0x0000038c   ARM Code       8  noretval__2sprintf.o(.text)
    __2sprintf                               0x00000395   Thumb Code    36  noretval__2sprintf.o(.text)
    _printf_pre_padding                      0x000003bd   Thumb Code    50  _printf_pad.o(.text)
    _printf_post_padding                     0x000003ef   Thumb Code    36  _printf_pad.o(.text)
    Inline ARM to Thumb Veneer to _printf_int_dec 0x00000414   ARM Code       8  _printf_dec.o(.text)
    _printf_int_dec                          0x0000041d   Thumb Code    94  _printf_dec.o(.text)
    __printf                                 0x0000048d   Thumb Code   322  __printf_flags_wp.o(.text)
    __use_two_region_memory                  0x000005d5   Thumb Code     2  heapauxi.o(.text)
    __rt_heap_escrow$2region                 0x000005d7   Thumb Code     2  heapauxi.o(.text)
    __rt_heap_expand$2region                 0x000005d9   Thumb Code     2  heapauxi.o(.text)
    _printf_int_common                       0x000005db   Thumb Code   186  _printf_intcommon.o(.text)
    __lib_sel_fp_printf                      0x00000695   Thumb Code     2  _printf_fp_dec.o(.text)
    _printf_fp_dec_real                      0x00000831   Thumb Code   628  _printf_fp_dec.o(.text)
    _printf_char_common                      0x00000abb   Thumb Code    34  _printf_char_common.o(.text)
    _sputc                                   0x00000ae1   Thumb Code    10  _sputc.o(.text)
    Inline Thumb to ARM Veneer to __rt_udiv10 0x00000aed   Thumb Code     4  rtudiv10.o(.text)
    __rt_udiv10                              0x00000af0   ARM Code      44  rtudiv10.o(.text)
    Inline Thumb to ARM Veneer to __rt_locale 0x00000b1d   Thumb Code     4  rt_locale_intlibspace.o(.text)
    __rt_locale                              0x00000b20   ARM Code      12  rt_locale_intlibspace.o(.text)
    Inline Thumb to ARM Veneer to _ll_udiv10 0x00000b2d   Thumb Code     4  lludiv10.o(.text)
    _ll_udiv10                               0x00000b30   ARM Code     160  lludiv10.o(.text)
    _printf_fp_infnan                        0x00000bd1   Thumb Code   128  _printf_fp_infnan.o(.text)
    _btod_etento                             0x00000c61   Thumb Code   206  bigflt0.o(.text)
    __user_libspace                          0x00000d34   ARM Code      12  libspace.o(.text)
    __user_perproc_libspace                  0x00000d34   ARM Code       0  libspace.o(.text)
    __user_perthread_libspace                0x00000d34   ARM Code       0  libspace.o(.text)
    __user_setup_stackheap                   0x00000d40   ARM Code      96  sys_stackheap_outer.o(.text)
    exit                                     0x00000da1   Thumb Code    20  exit.o(.text)
    strcmp                                   0x00000db4   ARM Code     240  strcmp.o(.text)
    Inline Thumb to ARM Veneer to __aeabi_idivmod 0x00000ea9   Thumb Code     4  aeabi_sdiv.o(.text)
    __aeabi_idiv                             0x00000eac   ARM Code       0  aeabi_sdiv.o(.text)
    __aeabi_idivmod                          0x00000eac   ARM Code     384  aeabi_sdiv.o(.text)
    Inline ARM to Thumb Veneer to _sys_exit  0x0000102c   ARM Code       8  sys_exit.o(.text)
    _sys_exit                                0x00001035   Thumb Code     8  sys_exit.o(.text)
    __I$use$semihosting                      0x00001040   ARM Code       0  use_no_semi.o(.text)
    __use_no_semihosting_swi                 0x00001040   ARM Code       4  use_no_semi.o(.text)
    Inline Thumb to ARM Veneer to _btod_d2e  0x00001045   Thumb Code     4  btod.o(CL$$btod_d2e)
    __semihosting_library_function           0x00001044   ARM Code       0  indicate_semi.o(.text)
    _btod_d2e                                0x00001048   ARM Code      56  btod.o(CL$$btod_d2e)
    _d2e_denorm_low                          0x00001080   ARM Code      84  btod.o(CL$$btod_d2e_denorm_low)
    _d2e_norm_op1                            0x000010d4   ARM Code     104  btod.o(CL$$btod_d2e_norm_op1)
    __btod_div_common                        0x0000113c   ARM Code     716  btod.o(CL$$btod_div_common)
    _e2e                                     0x00001488   ARM Code     220  btod.o(CL$$btod_e2e)
    Inline Thumb to ARM Veneer to _btod_ediv 0x00001565   Thumb Code     4  btod.o(CL$$btod_ediv)
    _btod_ediv                               0x00001568   ARM Code      52  btod.o(CL$$btod_ediv)
    Inline Thumb to ARM Veneer to _btod_emul 0x0000159d   Thumb Code     4  btod.o(CL$$btod_emul)
    _btod_emul                               0x000015a0   ARM Code      52  btod.o(CL$$btod_emul)
    __btod_mult_common                       0x000015d4   ARM Code     616  btod.o(CL$$btod_mult_common)
    Long ARM to Thumb Veneer to _printf_fp_dec_real 0x0000183c   ARM Code      12  anon$$obj.o(Veneer$$Code)
    EINT0_ISR                                0x00001848   ARM Code      40  eint0.o(i.EINT0_ISR)
    T0_ISR                                   0x00001874   ARM Code      40  timer0.o(i.T0_ISR)
    __ARM_common_call_via_r1                 0x000018a5   Thumb Code     2  __printf.o(i.__ARM_common_call_via_r1)
    __ARM_common_call_via_r2                 0x000018a7   Thumb Code     2  __printf.o(i.__ARM_common_call_via_r2)
    Inline Thumb to ARM Veneer to __ARM_fpclassify 0x000018a9   Thumb Code     4  fpclassify.o(i.__ARM_fpclassify)
    __ARM_fpclassify                         0x000018ac   ARM Code      48  fpclassify.o(i.__ARM_fpclassify)
    _is_digit                                0x000018dd   Thumb Code    14  __printf_wp.o(i._is_digit)
    initEINT0                                0x00001904   ARM Code      88  eint0.o(i.initEINT0)
    initEvaluationBoard                      0x00001964   ARM Code      84  mcb2300 evaluationboard.o(i.initEvaluationBoard)
    init_SPI                                 0x000019c4   ARM Code     104  lm95071.o(i.init_SPI)
    init_T0                                  0x00001a30   ARM Code      60  timer0.o(i.init_T0)
    lcd_clear                                0x00001a78   ARM Code      32  lcd_4bit.o(i.lcd_clear)
    lcd_init                                 0x00001a98   ARM Code     200  lcd_4bit.o(i.lcd_init)
    lcd_print                                0x00001b74   ARM Code      40  lcd_4bit.o(i.lcd_print)
    lcd_putchar                              0x00001b9c   ARM Code      48  lcd_4bit.o(i.lcd_putchar)
    lcd_write_4bit                           0x00001c90   ARM Code      84  lcd_4bit.o(i.lcd_write_4bit)
    lcd_write_cmd                            0x00001ce8   ARM Code      48  lcd_4bit.o(i.lcd_write_cmd)
    main                                     0x00001d1c   ARM Code      92  assignement2.o(i.main)
    printLCDText                             0x00001d7c   ARM Code     128  assignement2.o(i.printLCDText)
    readLM95071SPI                           0x00001dfc   ARM Code     108  lm95071.o(i.readLM95071SPI)
    sendValueUSB                             0x00001e70   ARM Code     276  assignement2.o(i.sendValueUSB)
    set_cursor                               0x00001f90   ARM Code      52  lcd_4bit.o(i.set_cursor)
    showTemperature                          0x00001fc4   ARM Code     252  assignement2.o(i.showTemperature)
    updateTemperature                        0x000020dc   ARM Code      32  assignement2.o(i.updateTemperature)
    Inline Thumb to ARM Veneer to _get_lc_numeric 0x0000211d   Thumb Code     4  lc_numeric_c.o(locale$$code)
    _get_lc_numeric                          0x00002120   ARM Code      80  lc_numeric_c.o(locale$$code)
    __aeabi_d2f                              0x00002170   ARM Code       0  d2f.o(x$fpl$d2f)
    _d2f                                     0x00002170   ARM Code     108  d2f.o(x$fpl$d2f)
    __aeabi_i2d                              0x000021dc   ARM Code       0  dflt_noclz.o(x$fpl$dflt)
    _dflt                                    0x000021dc   ARM Code      88  dflt_noclz.o(x$fpl$dflt)
    __dflt_normalise                         0x000021ec   ARM Code       0  dflt_noclz.o(x$fpl$dflt)
    __aeabi_ui2d                             0x00002234   ARM Code       0  dflt_noclz.o(x$fpl$dfltu)
    _dfltu                                   0x00002234   ARM Code      12  dflt_noclz.o(x$fpl$dfltu)
    __aeabi_dmul                             0x00002240   ARM Code       0  dmul.o(x$fpl$dmul)
    _dmul                                    0x00002240   ARM Code     372  dmul.o(x$fpl$dmul)
    __fpl_dnaninf                            0x000023c0   ARM Code     192  dnaninf.o(x$fpl$dnaninf)
    __fpl_dretinf                            0x00002480   ARM Code      16  dretinf.o(x$fpl$dretinf)
    __aeabi_f2d                              0x00002490   ARM Code       0  f2d.o(x$fpl$f2d)
    _f2d                                     0x00002490   ARM Code     100  f2d.o(x$fpl$f2d)
    __fpl_fnaninf                            0x000024f4   ARM Code     168  fnaninf.o(x$fpl$fnaninf)
    __fpl_fretinf                            0x0000259c   ARM Code      16  fretinf.o(x$fpl$fretinf)
    Inline Thumb to ARM Veneer to __ieee_status 0x000025ad   Thumb Code     4  istatus.o(x$fpl$ieeestatus)
    __ieee_status                            0x000025b0   ARM Code       8  istatus.o(x$fpl$ieeestatus)
    _printf_fp_dec                           0x000025b8   ARM Code       4  printf1.o(x$fpl$printf1)
    UserFont                                 0x000025bc   Data          64  lcd_4bit.o(.constdata)
    __I$use$fp                               0x000025bc   Number         0  usenofp.o(x$fpl$usenofp)
    Region$$Table$$Base                      0x000026a4   Number         0  anon$$obj.o(Region$$Table)
    Region$$Table$$Limit                     0x000026c4   Number         0  anon$$obj.o(Region$$Table)
    update                                   0x40000000   Data           1  assignement2.o(.data)
    __libspace_start                         0x40000004   Data          96  libspace.o(.bss)
    __temporary_stack_top$libspace           0x40000064   Data           0  libspace.o(.bss)



==============================================================================

Memory Map of the image

  Image Entry point : 0x00000234

  Load Region LR_IROM1 (Base: 0x00000000, Size: 0x000026e4, Max: 0x00080000, ABSOLUTE)

    Execution Region ER_IROM1 (Base: 0x00000000, Size: 0x000026e0, Max: 0x00080000, ABSOLUTE)

    Base Addr    Size         Type   Attr      Idx    E Section Name        Object

    0x00000000   0x00000234   Code   RO            3    RESET               lpc2300.o
    0x00000234   0x00000008   Code   RO          304  * !!!main             c_t.l(__main.o)
    0x0000023c   0x0000003c   Code   RO          568    !!!scatter          c_t.l(__scatter.o)
    0x00000278   0x00000028   Code   RO          570    !!handler_copy      c_t.l(__scatter_copy.o)
    0x000002a0   0x0000002c   Code   RO          572    !!handler_zi        c_t.l(__scatter_zi.o)
    0x000002cc   0x00000004   Ven    RO          301    .ARM.Collect$$_printf_percent$$00000000  c_t.l(_printf_percent.o)
    0x000002d0   0x00000000   Code   RO          301    .ARM.Collect$$_printf_percent$$00000000  c_t.l(_printf_percent.o)
    0x000002d0   0x00000008   Code   RO          300    .ARM.Collect$$_printf_percent$$00000003  c_t.l(_printf_f.o)
    0x000002d8   0x00000008   Code   RO          299    .ARM.Collect$$_printf_percent$$00000009  c_t.l(_printf_d.o)
    0x000002e0   0x00000008   Code   RO          327    .ARM.Collect$$_printf_percent$$00000017  c_t.l(_printf_percent_end.o)
    0x000002e8   0x00000008   Ven    RO          431    .ARM.Collect$$libinit$$00000000  c_t.l(libinit.o)
    0x000002f0   0x00000002   Code   RO          431    .ARM.Collect$$libinit$$00000000  c_t.l(libinit.o)
    0x000002f2   0x00000000   Code   RO          433    .ARM.Collect$$libinit$$00000002  c_t.l(libinit2.o)
    0x000002f2   0x00000000   Code   RO          435    .ARM.Collect$$libinit$$00000004  c_t.l(libinit2.o)
    0x000002f2   0x00000000   Code   RO          438    .ARM.Collect$$libinit$$0000000A  c_t.l(libinit2.o)
    0x000002f2   0x00000000   Code   RO          440    .ARM.Collect$$libinit$$0000000C  c_t.l(libinit2.o)
    0x000002f2   0x00000000   Code   RO          442    .ARM.Collect$$libinit$$0000000E  c_t.l(libinit2.o)
    0x000002f2   0x00000006   Code   RO          443    .ARM.Collect$$libinit$$0000000F  c_t.l(libinit2.o)
    0x000002f8   0x00000000   Code   RO          445    .ARM.Collect$$libinit$$00000011  c_t.l(libinit2.o)
    0x000002f8   0x00000000   Code   RO          447    .ARM.Collect$$libinit$$00000013  c_t.l(libinit2.o)
    0x000002f8   0x00000000   Code   RO          449    .ARM.Collect$$libinit$$00000015  c_t.l(libinit2.o)
    0x000002f8   0x0000000a   Code   RO          450    .ARM.Collect$$libinit$$00000016  c_t.l(libinit2.o)
    0x00000302   0x00000000   Code   RO          451    .ARM.Collect$$libinit$$00000017  c_t.l(libinit2.o)
    0x00000302   0x00000000   Code   RO          453    .ARM.Collect$$libinit$$00000019  c_t.l(libinit2.o)
    0x00000302   0x00000000   Code   RO          455    .ARM.Collect$$libinit$$0000001B  c_t.l(libinit2.o)
    0x00000302   0x00000000   Code   RO          457    .ARM.Collect$$libinit$$0000001D  c_t.l(libinit2.o)
    0x00000302   0x00000000   Code   RO          459    .ARM.Collect$$libinit$$0000001F  c_t.l(libinit2.o)
    0x00000302   0x00000000   Code   RO          461    .ARM.Collect$$libinit$$00000021  c_t.l(libinit2.o)
    0x00000302   0x00000000   Code   RO          463    .ARM.Collect$$libinit$$00000023  c_t.l(libinit2.o)
    0x00000302   0x00000000   Code   RO          465    .ARM.Collect$$libinit$$00000025  c_t.l(libinit2.o)
    0x00000302   0x00000000   Code   RO          469    .ARM.Collect$$libinit$$0000002C  c_t.l(libinit2.o)
    0x00000302   0x00000000   Code   RO          471    .ARM.Collect$$libinit$$0000002E  c_t.l(libinit2.o)
    0x00000302   0x00000000   Code   RO          473    .ARM.Collect$$libinit$$00000030  c_t.l(libinit2.o)
    0x00000302   0x00000000   Code   RO          475    .ARM.Collect$$libinit$$00000032  c_t.l(libinit2.o)
    0x00000302   0x0000000c   Code   RO          476    .ARM.Collect$$libinit$$00000033  c_t.l(libinit2.o)
    0x0000030e   0x00000002   PAD
    0x00000310   0x00000008   Ven    RO          516    .ARM.Collect$$libshutdown$$00000000  c_t.l(libshutdown.o)
    0x00000318   0x00000004   Code   RO          516    .ARM.Collect$$libshutdown$$00000000  c_t.l(libshutdown.o)
    0x0000031c   0x00000000   Code   RO          529    .ARM.Collect$$libshutdown$$00000002  c_t.l(libshutdown2.o)
    0x0000031c   0x00000000   Code   RO          531    .ARM.Collect$$libshutdown$$00000004  c_t.l(libshutdown2.o)
    0x0000031c   0x00000000   Code   RO          534    .ARM.Collect$$libshutdown$$00000007  c_t.l(libshutdown2.o)
    0x0000031c   0x00000000   Code   RO          537    .ARM.Collect$$libshutdown$$0000000A  c_t.l(libshutdown2.o)
    0x0000031c   0x00000000   Code   RO          539    .ARM.Collect$$libshutdown$$0000000C  c_t.l(libshutdown2.o)
    0x0000031c   0x00000000   Code   RO          542    .ARM.Collect$$libshutdown$$0000000F  c_t.l(libshutdown2.o)
    0x0000031c   0x00000006   Code   RO          543    .ARM.Collect$$libshutdown$$00000010  c_t.l(libshutdown2.o)
    0x00000322   0x00000002   PAD
    0x00000324   0x00000000   Code   RO          318    .ARM.Collect$$rtentry$$00000000  c_t.l(__rtentry.o)
    0x00000324   0x00000000   Code   RO          340    .ARM.Collect$$rtentry$$00000002  c_t.l(__rtentry2.o)
    0x00000324   0x00000008   Code   RO          352    .ARM.Collect$$rtentry$$00000004  c_t.l(__rtentry4.o)
    0x0000032c   0x00000000   Code   RO          342    .ARM.Collect$$rtentry$$00000009  c_t.l(__rtentry2.o)
    0x0000032c   0x00000004   Code   RO          343    .ARM.Collect$$rtentry$$0000000A  c_t.l(__rtentry2.o)
    0x00000330   0x00000000   Code   RO          345    .ARM.Collect$$rtentry$$0000000C  c_t.l(__rtentry2.o)
    0x00000330   0x00000028   Code   RO          346    .ARM.Collect$$rtentry$$0000000D  c_t.l(__rtentry2.o)
    0x00000358   0x00000004   Ven    RO          477    .ARM.Collect$$rtexit$$00000000  c_t.l(rtexit.o)
    0x0000035c   0x00000004   Code   RO          477    .ARM.Collect$$rtexit$$00000000  c_t.l(rtexit.o)
    0x00000360   0x00000000   Code   RO          488    .ARM.Collect$$rtexit$$00000002  c_t.l(rtexit2.o)
    0x00000360   0x00000004   Code   RO          489    .ARM.Collect$$rtexit$$00000003  c_t.l(rtexit2.o)
    0x00000364   0x00000008   Code   RO          490    .ARM.Collect$$rtexit$$00000004  c_t.l(rtexit2.o)
    0x0000036c   0x00000020   Code   RO            4    .text               lpc2300.o
    0x0000038c   0x00000008   Ven    RO          267    .text               c_t.l(noretval__2sprintf.o)
    0x00000394   0x00000028   Code   RO          267    .text               c_t.l(noretval__2sprintf.o)
    0x000003bc   0x00000056   Code   RO          275    .text               c_t.l(_printf_pad.o)
    0x00000412   0x00000002   PAD
    0x00000414   0x00000008   Ven    RO          277    .text               c_t.l(_printf_dec.o)
    0x0000041c   0x00000070   Code   RO          277    .text               c_t.l(_printf_dec.o)
    0x0000048c   0x00000148   Code   RO          291    .text               c_t.l(__printf_flags_wp.o)
    0x000005d4   0x00000006   Code   RO          302    .text               c_t.l(heapauxi.o)
    0x000005da   0x000000ba   Code   RO          319    .text               c_t.l(_printf_intcommon.o)
    0x00000694   0x0000041c   Code   RO          321    .text               c_t.l(_printf_fp_dec.o)
    0x00000ab0   0x00000030   Code   RO          323    .text               c_t.l(_printf_char_common.o)
    0x00000ae0   0x0000000a   Code   RO          325    .text               c_t.l(_sputc.o)
    0x00000aea   0x00000002   PAD
    0x00000aec   0x00000004   Ven    RO          328    .text               c_t.l(rtudiv10.o)
    0x00000af0   0x0000002c   Code   RO          328    .text               c_t.l(rtudiv10.o)
    0x00000b1c   0x00000004   Ven    RO          357    .text               c_t.l(rt_locale_intlibspace.o)
    0x00000b20   0x0000000c   Code   RO          357    .text               c_t.l(rt_locale_intlibspace.o)
    0x00000b2c   0x00000004   Ven    RO          359    .text               c_t.l(lludiv10.o)
    0x00000b30   0x000000a0   Code   RO          359    .text               c_t.l(lludiv10.o)
    0x00000bd0   0x00000090   Code   RO          361    .text               c_t.l(_printf_fp_infnan.o)
    0x00000c60   0x000000d4   Code   RO          369    .text               c_t.l(bigflt0.o)
    0x00000d34   0x0000000c   Code   RO          401    .text               c_t.l(libspace.o)
    0x00000d40   0x00000060   Code   RO          404    .text               c_t.l(sys_stackheap_outer.o)
    0x00000da0   0x00000014   Code   RO          406    .text               c_t.l(exit.o)
    0x00000db4   0x000000f4   Code   RO          408    .text               c_t.l(strcmp.o)
    0x00000ea8   0x00000004   Ven    RO          410    .text               c_t.l(aeabi_sdiv.o)
    0x00000eac   0x00000180   Code   RO          410    .text               c_t.l(aeabi_sdiv.o)
    0x0000102c   0x00000008   Ven    RO          502    .text               c_t.l(sys_exit.o)
    0x00001034   0x0000000c   Code   RO          502    .text               c_t.l(sys_exit.o)
    0x00001040   0x00000004   Code   RO          517    .text               c_t.l(use_no_semi.o)
    0x00001044   0x00000000   Code   RO          519    .text               c_t.l(indicate_semi.o)
    0x00001044   0x00000004   Ven    RO          372    CL$$btod_d2e        c_t.l(btod.o)
    0x00001048   0x00000038   Code   RO          372    CL$$btod_d2e        c_t.l(btod.o)
    0x00001080   0x00000054   Code   RO          374    CL$$btod_d2e_denorm_low  c_t.l(btod.o)
    0x000010d4   0x00000068   Code   RO          373    CL$$btod_d2e_norm_op1  c_t.l(btod.o)
    0x0000113c   0x0000034c   Code   RO          382    CL$$btod_div_common  c_t.l(btod.o)
    0x00001488   0x000000dc   Code   RO          379    CL$$btod_e2e        c_t.l(btod.o)
    0x00001564   0x00000004   Ven    RO          376    CL$$btod_ediv       c_t.l(btod.o)
    0x00001568   0x00000034   Code   RO          376    CL$$btod_ediv       c_t.l(btod.o)
    0x0000159c   0x00000004   Ven    RO          375    CL$$btod_emul       c_t.l(btod.o)
    0x000015a0   0x00000034   Code   RO          375    CL$$btod_emul       c_t.l(btod.o)
    0x000015d4   0x00000268   Code   RO          381    CL$$btod_mult_common  c_t.l(btod.o)
    0x0000183c   0x0000000c   Ven    RO          591    Veneer$$Code        anon$$obj.o
    0x00001848   0x0000002c   Code   RO          142    i.EINT0_ISR         eint0.o
    0x00001874   0x00000030   Code   RO          172    i.T0_ISR            timer0.o
    0x000018a4   0x00000002   Code   RO          273    i.__ARM_common_call_via_r1  c_t.l(__printf.o)
    0x000018a6   0x00000002   Code   RO          271    i.__ARM_common_call_via_r2  c_t.l(__printf.o)
    0x000018a8   0x00000004   Ven    RO          399    i.__ARM_fpclassify  m_ts.l(fpclassify.o)
    0x000018ac   0x00000030   Code   RO          399    i.__ARM_fpclassify  m_ts.l(fpclassify.o)
    0x000018dc   0x0000000e   Code   RO          289    i._is_digit         c_t.l(__printf_wp.o)
    0x000018ea   0x00000002   PAD
    0x000018ec   0x00000018   Code   RO           30    i.delay             lcd_4bit.o
    0x00001904   0x00000060   Code   RO          143    i.initEINT0         eint0.o
    0x00001964   0x00000060   Code   RO           11    i.initEvaluationBoard  mcb2300 evaluationboard.o
    0x000019c4   0x0000006c   Code   RO          245    i.init_SPI          lm95071.o
    0x00001a30   0x00000048   Code   RO          173    i.init_T0           timer0.o
    0x00001a78   0x00000020   Code   RO           31    i.lcd_clear         lcd_4bit.o
    0x00001a98   0x000000dc   Code   RO           32    i.lcd_init          lcd_4bit.o
    0x00001b74   0x00000028   Code   RO           33    i.lcd_print         lcd_4bit.o
    0x00001b9c   0x00000034   Code   RO           34    i.lcd_putchar       lcd_4bit.o
    0x00001bd0   0x000000c0   Code   RO           35    i.lcd_read_status   lcd_4bit.o
    0x00001c90   0x00000058   Code   RO           36    i.lcd_write_4bit    lcd_4bit.o
    0x00001ce8   0x00000034   Code   RO           37    i.lcd_write_cmd     lcd_4bit.o
    0x00001d1c   0x00000060   Code   RO           96    i.main              assignement2.o
    0x00001d7c   0x00000080   Code   RO           97    i.printLCDText      assignement2.o
    0x00001dfc   0x00000074   Code   RO          246    i.readLM95071SPI    lm95071.o
    0x00001e70   0x00000120   Code   RO           98    i.sendValueUSB      assignement2.o
    0x00001f90   0x00000034   Code   RO           38    i.set_cursor        lcd_4bit.o
    0x00001fc4   0x00000118   Code   RO           99    i.showTemperature   assignement2.o
    0x000020dc   0x00000020   Code   RO          100    i.updateTemperature  assignement2.o
    0x000020fc   0x00000020   Code   RO           39    i.wait_while_busy   lcd_4bit.o
    0x0000211c   0x00000004   Ven    RO          395    locale$$code        c_t.l(lc_numeric_c.o)
    0x00002120   0x00000050   Code   RO          395    locale$$code        c_t.l(lc_numeric_c.o)
    0x00002170   0x0000006c   Code   RO          306    x$fpl$d2f           fz_ts.l(d2f.o)
    0x000021dc   0x00000058   Code   RO          309    x$fpl$dflt          fz_ts.l(dflt_noclz.o)
    0x00002234   0x0000000c   Code   RO          308    x$fpl$dfltu         fz_ts.l(dflt_noclz.o)
    0x00002240   0x00000180   Code   RO          312    x$fpl$dmul          fz_ts.l(dmul.o)
    0x000023c0   0x000000c0   Code   RO          330    x$fpl$dnaninf       fz_ts.l(dnaninf.o)
    0x00002480   0x00000010   Code   RO          332    x$fpl$dretinf       fz_ts.l(dretinf.o)
    0x00002490   0x00000064   Code   RO          314    x$fpl$f2d           fz_ts.l(f2d.o)
    0x000024f4   0x000000a8   Code   RO          334    x$fpl$fnaninf       fz_ts.l(fnaninf.o)
    0x0000259c   0x00000010   Code   RO          336    x$fpl$fretinf       fz_ts.l(fretinf.o)
    0x000025ac   0x00000004   Ven    RO          397    x$fpl$ieeestatus    fz_ts.l(istatus.o)
    0x000025b0   0x00000008   Code   RO          397    x$fpl$ieeestatus    fz_ts.l(istatus.o)
    0x000025b8   0x00000004   Code   RO          316    x$fpl$printf1       fz_ts.l(printf1.o)
    0x000025bc   0x00000000   Code   RO          338    x$fpl$usenofp       fz_ts.l(usenofp.o)
    0x000025bc   0x00000040   Data   RO           40    .constdata          lcd_4bit.o
    0x000025fc   0x00000011   Data   RO          292    .constdata          c_t.l(__printf_flags_wp.o)
    0x0000260d   0x00000003   PAD
    0x00002610   0x00000094   Data   RO          370    .constdata          c_t.l(bigflt0.o)
    0x000026a4   0x00000020   Data   RO          566    Region$$Table       anon$$obj.o
    0x000026c4   0x0000001c   Data   RO          394    locale$$data        c_t.l(lc_numeric_c.o)


    Execution Region RW_IRAM1 (Base: 0x40000000, Size: 0x00000570, Max: 0x00008000, ABSOLUTE)

    Base Addr    Size         Type   Attr      Idx    E Section Name        Object

    0x40000000   0x00000001   Data   RW          101    .data               assignement2.o
    0x40000001   0x00000003   PAD
    0x40000004   0x00000060   Zero   RW          402    .bss                c_t.l(libspace.o)
    0x40000064   0x00000004   PAD
    0x40000068   0x00000000   Zero   RW            2    HEAP                lpc2300.o
    0x40000068   0x00000508   Zero   RW            1    STACK               lpc2300.o


==============================================================================

Image component sizes


      Code (inc. data)   RO Data    RW Data    ZI Data      Debug   Object Name

       824         44          0          1          0       3964   assignement2.o
       140         12          0          0          0        896   eint0.o
       784         36         64          0          0       6494   lcd_4bit.o
       224         12          0          0          0        988   lm95071.o
       596         92          0          0       1288        716   lpc2300.o
        96         12          0          0          0       1974   mcb2300 evaluationboard.o
       120         20          0          0          0        895   timer0.o

    ----------------------------------------------------------------------
      2796        232         96          4       1288      15927   Object Totals
        12          4         32          0          0          0   (incl. Generated)
         0          0          0          3          0          0   (incl. Padding)

    ----------------------------------------------------------------------

      Code (inc. data)   RO Data    RW Data    ZI Data      Debug   Library Member Name

         8          0          0          0          0         68   __main.o
         4          0          0          0          0        120   __printf.o
       328          6         17          0          0         92   __printf_flags_wp.o
        14          0          0          0          0         60   __printf_wp.o
         0          0          0          0          0          0   __rtentry.o
        44          4          0          0          0          0   __rtentry2.o
         8          0          0          0          0          0   __rtentry4.o
        60          8          0          0          0          0   __scatter.o
        40          0          0          0          0          0   __scatter_copy.o
        44          0          0          0          0          0   __scatter_zi.o
        48          4          0          0          0         96   _printf_char_common.o
         8          0          0          0          0          0   _printf_d.o
       120         18          0          0          0         88   _printf_dec.o
         8          0          0          0          0          0   _printf_f.o
      1052         12          0          0          0        188   _printf_fp_dec.o
       144         16          0          0          0         88   _printf_fp_infnan.o
       186          0          0          0          0         96   _printf_intcommon.o
        86          0          0          0          0        116   _printf_pad.o
         4          0          0          0          0          0   _printf_percent.o
         8          0          0          0          0          0   _printf_percent_end.o
        10          0          0          0          0         60   _sputc.o
       388          0          0          0          0         80   aeabi_sdiv.o
       212          6        148          0          0         96   bigflt0.o
      2040        128          0          0          0        692   btod.o
        20          0          0          0          0         80   exit.o
         6          0          0          0          0        136   heapauxi.o
         0          0          0          0          0          0   indicate_semi.o
        84          8         28          0          0         92   lc_numeric_c.o
        10          0          0          0          0          0   libinit.o
        28          0          0          0          0          0   libinit2.o
        12          0          0          0          0          0   libshutdown.o
         6          0          0          0          0          0   libshutdown2.o
        12          4          0          0         96         68   libspace.o
       164          0          0          0          0         96   lludiv10.o
        48          4          0          0          0         84   noretval__2sprintf.o
        16          4          0          0          0         68   rt_locale_intlibspace.o
         8          0          0          0          0          0   rtexit.o
        12          0          0          0          0          0   rtexit2.o
        48          0          0          0          0         68   rtudiv10.o
       244          4          0          0          0         80   strcmp.o
        20          4          0          0          0         60   sys_exit.o
        96          0          0          0          0         80   sys_stackheap_outer.o
         4          0          0          0          0         68   use_no_semi.o
       108          4          0          0          0         92   d2f.o
       100          0          0          0          0        136   dflt_noclz.o
       384         16          0          0          0        124   dmul.o
       192          0          0          0          0        108   dnaninf.o
        16          0          0          0          0         68   dretinf.o
       100          4          0          0          0         84   f2d.o
       168          0          0          0          0         96   fnaninf.o
        16          0          0          0          0         68   fretinf.o
        12          0          0          0          0         68   istatus.o
         4          0          0          0          0         68   printf1.o
         0          0          0          0          0          0   usenofp.o
        52          0          0          0          0         68   fpclassify.o

    ----------------------------------------------------------------------
      6864        254        196          0        100       3900   Library Totals
        10          0          3          0          4          0   (incl. Padding)

    ----------------------------------------------------------------------

      Code (inc. data)   RO Data    RW Data    ZI Data      Debug   Library Name

      5702        230        193          0         96       2920   c_t.l
      1100         24          0          0          0        912   fz_ts.l
        52          0          0          0          0         68   m_ts.l

    ----------------------------------------------------------------------
      6864        254        196          0        100       3900   Library Totals

    ----------------------------------------------------------------------

==============================================================================


      Code (inc. data)   RO Data    RW Data    ZI Data      Debug   

      9660        486        292          4       1388      16831   Grand Totals
      9660        486        292          4       1388      16831   ELF Image Totals
      9660        486        292          4          0          0   ROM Totals

==============================================================================

    Total RO  Size (Code + RO Data)                 9952 (   9.72kB)
    Total RW  Size (RW Data + ZI Data)              1392 (   1.36kB)
    Total ROM Size (Code + RO Data + RW Data)       9956 (   9.72kB)

==============================================================================

